Archive member included to satisfy reference by file (symbol)

c:/program files/stmicroelectronics/stm32cube/stm32cubeide_1.12.1/stm32cubeide/plugins/com.st.stm32cube.ide.mcu.externaltools.gnu-tools-for-stm32.10.3-2021.10.win32_1.0.200.202301161003/tools/bin/../lib/gcc/arm-none-eabi/10.3.1/../../../../arm-none-eabi/lib/thumb/v7-m/nofp\libc_nano.a(lib_a-errno.o)
                              ./Core/Src/syscalls.o (__errno)
c:/program files/stmicroelectronics/stm32cube/stm32cubeide_1.12.1/stm32cubeide/plugins/com.st.stm32cube.ide.mcu.externaltools.gnu-tools-for-stm32.10.3-2021.10.win32_1.0.200.202301161003/tools/bin/../lib/gcc/arm-none-eabi/10.3.1/../../../../arm-none-eabi/lib/thumb/v7-m/nofp\libc_nano.a(lib_a-exit.o)
                              c:/program files/stmicroelectronics/stm32cube/stm32cubeide_1.12.1/stm32cubeide/plugins/com.st.stm32cube.ide.mcu.externaltools.gnu-tools-for-stm32.10.3-2021.10.win32_1.0.200.202301161003/tools/bin/../lib/gcc/arm-none-eabi/10.3.1/../../../../arm-none-eabi/lib/thumb/v7-m/nofp/crt0.o (exit)
c:/program files/stmicroelectronics/stm32cube/stm32cubeide_1.12.1/stm32cubeide/plugins/com.st.stm32cube.ide.mcu.externaltools.gnu-tools-for-stm32.10.3-2021.10.win32_1.0.200.202301161003/tools/bin/../lib/gcc/arm-none-eabi/10.3.1/../../../../arm-none-eabi/lib/thumb/v7-m/nofp\libc_nano.a(lib_a-impure.o)
                              c:/program files/stmicroelectronics/stm32cube/stm32cubeide_1.12.1/stm32cubeide/plugins/com.st.stm32cube.ide.mcu.externaltools.gnu-tools-for-stm32.10.3-2021.10.win32_1.0.200.202301161003/tools/bin/../lib/gcc/arm-none-eabi/10.3.1/../../../../arm-none-eabi/lib/thumb/v7-m/nofp\libc_nano.a(lib_a-exit.o) (_global_impure_ptr)
c:/program files/stmicroelectronics/stm32cube/stm32cubeide_1.12.1/stm32cubeide/plugins/com.st.stm32cube.ide.mcu.externaltools.gnu-tools-for-stm32.10.3-2021.10.win32_1.0.200.202301161003/tools/bin/../lib/gcc/arm-none-eabi/10.3.1/../../../../arm-none-eabi/lib/thumb/v7-m/nofp\libc_nano.a(lib_a-init.o)
                              c:/program files/stmicroelectronics/stm32cube/stm32cubeide_1.12.1/stm32cubeide/plugins/com.st.stm32cube.ide.mcu.externaltools.gnu-tools-for-stm32.10.3-2021.10.win32_1.0.200.202301161003/tools/bin/../lib/gcc/arm-none-eabi/10.3.1/../../../../arm-none-eabi/lib/thumb/v7-m/nofp/crt0.o (__libc_init_array)
c:/program files/stmicroelectronics/stm32cube/stm32cubeide_1.12.1/stm32cubeide/plugins/com.st.stm32cube.ide.mcu.externaltools.gnu-tools-for-stm32.10.3-2021.10.win32_1.0.200.202301161003/tools/bin/../lib/gcc/arm-none-eabi/10.3.1/../../../../arm-none-eabi/lib/thumb/v7-m/nofp\libc_nano.a(lib_a-memcpy-stub.o)
                              ./Core/Src/main.o (memcpy)
c:/program files/stmicroelectronics/stm32cube/stm32cubeide_1.12.1/stm32cubeide/plugins/com.st.stm32cube.ide.mcu.externaltools.gnu-tools-for-stm32.10.3-2021.10.win32_1.0.200.202301161003/tools/bin/../lib/gcc/arm-none-eabi/10.3.1/../../../../arm-none-eabi/lib/thumb/v7-m/nofp\libc_nano.a(lib_a-memset.o)
                              c:/program files/stmicroelectronics/stm32cube/stm32cubeide_1.12.1/stm32cubeide/plugins/com.st.stm32cube.ide.mcu.externaltools.gnu-tools-for-stm32.10.3-2021.10.win32_1.0.200.202301161003/tools/bin/../lib/gcc/arm-none-eabi/10.3.1/../../../../arm-none-eabi/lib/thumb/v7-m/nofp/crt0.o (memset)
c:/program files/stmicroelectronics/stm32cube/stm32cubeide_1.12.1/stm32cubeide/plugins/com.st.stm32cube.ide.mcu.externaltools.gnu-tools-for-stm32.10.3-2021.10.win32_1.0.200.202301161003/tools/bin/../lib/gcc/arm-none-eabi/10.3.1/../../../../arm-none-eabi/lib/thumb/v7-m/nofp\libc_nano.a(lib_a-nano-vfprintf_float.o)
                              (_printf_float)
c:/program files/stmicroelectronics/stm32cube/stm32cubeide_1.12.1/stm32cubeide/plugins/com.st.stm32cube.ide.mcu.externaltools.gnu-tools-for-stm32.10.3-2021.10.win32_1.0.200.202301161003/tools/bin/../lib/gcc/arm-none-eabi/10.3.1/../../../../arm-none-eabi/lib/thumb/v7-m/nofp\libc_nano.a(lib_a-nano-vfprintf_i.o)
                              c:/program files/stmicroelectronics/stm32cube/stm32cubeide_1.12.1/stm32cubeide/plugins/com.st.stm32cube.ide.mcu.externaltools.gnu-tools-for-stm32.10.3-2021.10.win32_1.0.200.202301161003/tools/bin/../lib/gcc/arm-none-eabi/10.3.1/../../../../arm-none-eabi/lib/thumb/v7-m/nofp\libc_nano.a(lib_a-nano-vfprintf_float.o) (_printf_common)
c:/program files/stmicroelectronics/stm32cube/stm32cubeide_1.12.1/stm32cubeide/plugins/com.st.stm32cube.ide.mcu.externaltools.gnu-tools-for-stm32.10.3-2021.10.win32_1.0.200.202301161003/tools/bin/../lib/gcc/arm-none-eabi/10.3.1/../../../../arm-none-eabi/lib/thumb/v7-m/nofp\libc_nano.a(lib_a-rand.o)
                              ./Core/Src/sx1278.o (srand)
[...]
Memory Configuration

Name             Origin             Length             Attributes
RAM              0x0000000020000000 0x0000000000005000 xrw
FLASH            0x0000000008000000 0x0000000000010000 xr
*default*        0x0000000000000000 0xffffffffffffffff

Linker script and memory map

LOAD c:/program files/stmicroelectronics/stm32cube/stm32cubeide_1.12.1/stm32cubeide/plugins/com.st.stm32cube.ide.mcu.externaltools.gnu-tools-for-stm32.10.3-2021.10.win32_1.0.200.202301161003/tools/bin/../lib/gcc/arm-none-eabi/10.3.1/thumb/v7-m/nofp/crti.o
LOAD c:/program files/stmicroelectronics/stm32cube/stm32cubeide_1.12.1/stm32cubeide/plugins/com.st.stm32cube.ide.mcu.externaltools.gnu-tools-for-stm32.10.3-2021.10.win32_1.0.200.202301161003/tools/bin/../lib/gcc/arm-none-eabi/10.3.1/thumb/v7-m/nofp/crtbegin.o
LOAD c:/program files/stmicroelectronics/stm32cube/stm32cubeide_1.12.1/stm32cubeide/plugins/com.st.stm32cube.ide.mcu.externaltools.gnu-tools-for-stm32.10.3-2021.10.win32_1.0.200.202301161003/tools/bin/../lib/gcc/arm-none-eabi/10.3.1/../../../../arm-none-eabi/lib/thumb/v7-m/nofp/crt0.o
LOAD ./Core/Src/adc.o
LOAD ./Core/Src/aht20.o
LOAD ./Core/Src/common.o
LOAD ./Core/Src/dma.o
LOAD ./Core/Src/flash.o
LOAD ./Core/Src/gpio.o
LOAD ./Core/Src/i2c.o
LOAD ./Core/Src/main.o
LOAD ./Core/Src/modbus_crc.o
LOAD ./Core/Src/rtc.o
LOAD ./Core/Src/spi.o
LOAD ./Core/Src/stm32f1xx_hal_msp.o
LOAD ./Core/Src/stm32f1xx_it.o
LOAD ./Core/Src/sx1278.o
LOAD ./Core/Src/syscalls.o
LOAD ./Core/Src/sysmem.o
LOAD ./Core/Src/system_stm32f1xx.o
LOAD ./Core/Src/usart.o
LOAD ./Core/Startup/startup_stm32f103c8tx.o
LOAD ./Drivers/STM32F1xx_HAL_Driver/Src/stm32f1xx_hal.o
LOAD ./Drivers/STM32F1xx_HAL_Driver/Src/stm32f1xx_hal_adc.o
LOAD ./Drivers/STM32F1xx_HAL_Driver/Src/stm32f1xx_hal_adc_ex.o
LOAD ./Drivers/STM32F1xx_HAL_Driver/Src/stm32f1xx_hal_cortex.o
LOAD ./Drivers/STM32F1xx_HAL_Driver/Src/stm32f1xx_hal_dma.o
LOAD ./Drivers/STM32F1xx_HAL_Driver/Src/stm32f1xx_hal_exti.o
LOAD ./Drivers/STM32F1xx_HAL_Driver/Src/stm32f1xx_hal_flash.o
LOAD ./Drivers/STM32F1xx_HAL_Driver/Src/stm32f1xx_hal_flash_ex.o
LOAD ./Drivers/STM32F1xx_HAL_Driver/Src/stm32f1xx_hal_gpio.o
LOAD ./Drivers/STM32F1xx_HAL_Driver/Src/stm32f1xx_hal_gpio_ex.o
LOAD ./Drivers/STM32F1xx_HAL_Driver/Src/stm32f1xx_hal_i2c.o
LOAD ./Drivers/STM32F1xx_HAL_Driver/Src/stm32f1xx_hal_pwr.o
LOAD ./Drivers/STM32F1xx_HAL_Driver/Src/stm32f1xx_hal_rcc.o
LOAD ./Drivers/STM32F1xx_HAL_Driver/Src/stm32f1xx_hal_rcc_ex.o
LOAD ./Drivers/STM32F1xx_HAL_Driver/Src/stm32f1xx_hal_rtc.o
LOAD ./Drivers/STM32F1xx_HAL_Driver/Src/stm32f1xx_hal_rtc_ex.o
LOAD ./Drivers/STM32F1xx_HAL_Driver/Src/stm32f1xx_hal_spi.o
LOAD ./Drivers/STM32F1xx_HAL_Driver/Src/stm32f1xx_hal_tim.o
LOAD ./Drivers/STM32F1xx_HAL_Driver/Src/stm32f1xx_hal_tim_ex.o
LOAD ./Drivers/STM32F1xx_HAL_Driver/Src/stm32f1xx_hal_uart.o
START GROUP
LOAD c:/program files/stmicroelectronics/stm32cube/stm32cubeide_1.12.1/stm32cubeide/plugins/com.st.stm32cube.ide.mcu.externaltools.gnu-tools-for-stm32.10.3-2021.10.win32_1.0.200.202301161003/tools/bin/../lib/gcc/arm-none-eabi/10.3.1/../../../../arm-none-eabi/lib/thumb/v7-m/nofp\libc_nano.a
LOAD c:/program files/stmicroelectronics/stm32cube/stm32cubeide_1.12.1/stm32cubeide/plugins/com.st.stm32cube.ide.mcu.externaltools.gnu-tools-for-stm32.10.3-2021.10.win32_1.0.200.202301161003/tools/bin/../lib/gcc/arm-none-eabi/10.3.1/../../../../arm-none-eabi/lib/thumb/v7-m/nofp\libm.a
END GROUP
START GROUP
LOAD c:/program files/stmicroelectronics/stm32cube/stm32cubeide_1.12.1/stm32cubeide/plugins/com.st.stm32cube.ide.mcu.externaltools.gnu-tools-for-stm32.10.3-2021.10.win32_1.0.200.202301161003/tools/bin/../lib/gcc/arm-none-eabi/10.3.1/thumb/v7-m/nofp\libgcc.a
LOAD c:/program files/stmicroelectronics/stm32cube/stm32cubeide_1.12.1/stm32cubeide/plugins/com.st.stm32cube.ide.mcu.externaltools.gnu-tools-for-stm32.10.3-2021.10.win32_1.0.200.202301161003/tools/bin/../lib/gcc/arm-none-eabi/10.3.1/../../../../arm-none-eabi/lib/thumb/v7-m/nofp\libc_nano.a
END GROUP
START GROUP
LOAD c:/program files/stmicroelectronics/stm32cube/stm32cubeide_1.12.1/stm32cubeide/plugins/com.st.stm32cube.ide.mcu.externaltools.gnu-tools-for-stm32.10.3-2021.10.win32_1.0.200.202301161003/tools/bin/../lib/gcc/arm-none-eabi/10.3.1/thumb/v7-m/nofp\libgcc.a
LOAD c:/program files/stmicroelectronics/stm32cube/stm32cubeide_1.12.1/stm32cubeide/plugins/com.st.stm32cube.ide.mcu.externaltools.gnu-tools-for-stm32.10.3-2021.10.win32_1.0.200.202301161003/tools/bin/../lib/gcc/arm-none-eabi/10.3.1/../../../../arm-none-eabi/lib/thumb/v7-m/nofp\libc_nano.a
LOAD c:/program files/stmicroelectronics/stm32cube/stm32cubeide_1.12.1/stm32cubeide/plugins/com.st.stm32cube.ide.mcu.externaltools.gnu-tools-for-stm32.10.3-2021.10.win32_1.0.200.202301161003/tools/bin/../lib/gcc/arm-none-eabi/10.3.1/../../../../arm-none-eabi/lib/thumb/v7-m/nofp\libnosys.a
END GROUP
START GROUP
LOAD c:/program files/stmicroelectronics/stm32cube/stm32cubeide_1.12.1/stm32cubeide/plugins/com.st.stm32cube.ide.mcu.externaltools.gnu-tools-for-stm32.10.3-2021.10.win32_1.0.200.202301161003/tools/bin/../lib/gcc/arm-none-eabi/10.3.1/thumb/v7-m/nofp\libgcc.a
LOAD c:/program files/stmicroelectronics/stm32cube/stm32cubeide_1.12.1/stm32cubeide/plugins/com.st.stm32cube.ide.mcu.externaltools.gnu-tools-for-stm32.10.3-2021.10.win32_1.0.200.202301161003/tools/bin/../lib/gcc/arm-none-eabi/10.3.1/../../../../arm-none-eabi/lib/thumb/v7-m/nofp\libc_nano.a
LOAD c:/program files/stmicroelectronics/stm32cube/stm32cubeide_1.12.1/stm32cubeide/plugins/com.st.stm32cube.ide.mcu.externaltools.gnu-tools-for-stm32.10.3-2021.10.win32_1.0.200.202301161003/tools/bin/../lib/gcc/arm-none-eabi/10.3.1/../../../../arm-none-eabi/lib/thumb/v7-m/nofp\libnosys.a
END GROUP
LOAD c:/program files/stmicroelectronics/stm32cube/stm32cubeide_1.12.1/stm32cubeide/plugins/com.st.stm32cube.ide.mcu.externaltools.gnu-tools-for-stm32.10.3-2021.10.win32_1.0.200.202301161003/tools/bin/../lib/gcc/arm-none-eabi/10.3.1/thumb/v7-m/nofp/crtend.o
LOAD c:/program files/stmicroelectronics/stm32cube/stm32cubeide_1.12.1/stm32cubeide/plugins/com.st.stm32cube.ide.mcu.externaltools.gnu-tools-for-stm32.10.3-2021.10.win32_1.0.200.202301161003/tools/bin/../lib/gcc/arm-none-eabi/10.3.1/thumb/v7-m/nofp/crtn.o
                0x0000000020005000                _estack = (ORIGIN (RAM) + LENGTH (RAM))
                0x0000000000000200                _Min_Heap_Size = 0x200
                0x0000000000000400                _Min_Stack_Size = 0x400

.isr_vector     0x0000000008000000      0x10c
                0x0000000008000000                . = ALIGN (0x4)
 *(.isr_vector)
 .isr_vector    0x0000000008000000      0x10c ./Core/Startup/startup_stm32f103c8tx.o
                0x0000000008000000                g_pfnVectors
                0x000000000800010c                . = ALIGN (0x4)

.text           0x0000000008000110     0xc1c8
                0x0000000008000110                . = ALIGN (0x4)
 *(.text)
 .text          0x0000000008000110       0x40 c:/program files/stmicroelectronics/stm32cube/stm32cubeide_1.12.1/stm32cubeide/plugins/com.st.stm32cube.ide.mcu.externaltools.gnu-tools-for-stm32.10.3-2021.10.win32_1.0.200.202301161003/tools/bin/../lib/gcc/arm-none-eabi/10.3.1/thumb/v7-m/nofp/crtbegin.o
 .text          0x0000000008000150       0x10 c:/program files/stmicroelectronics/stm32cube/stm32cubeide_1.12.1/stm32cubeide/plugins/com.st.stm32cube.ide.mcu.externaltools.gnu-tools-for-stm32.10.3-2021.10.win32_1.0.200.202301161003/tools/bin/../lib/gcc/arm-none-eabi/10.3.1/../../../../arm-none-eabi/lib/thumb/v7-m/nofp\libc_nano.a(lib_a-strlen.o)
                0x0000000008000150                strlen
 .text          0x0000000008000160      0x378 c:/program files/stmicroelectronics/stm32cube/stm32cubeide_1.12.1/stm32cubeide/plugins/com.st.stm32cube.ide.mcu.externaltools.gnu-tools-for-stm32.10.3-2021.10.win32_1.0.200.202301161003/tools/bin/../lib/gcc/arm-none-eabi/10.3.1/thumb/v7-m/nofp\libgcc.a(_arm_addsubdf3.o)
                0x0000000008000160                __aeabi_drsub
                0x0000000008000168                __aeabi_dsub
                0x0000000008000168                __subdf3
                0x000000000800016c                __aeabi_dadd
                0x000000000800016c                __adddf3
                0x00000000080003e4                __floatunsidf
                0x00000000080003e4                __aeabi_ui2d
                0x0000000008000404                __floatsidf
                0x0000000008000404                __aeabi_i2d
                0x0000000008000428                __aeabi_f2d
                0x0000000008000428                __extendsfdf2
                0x000000000800046c                __floatundidf
                0x000000000800046c                __aeabi_ul2d
                0x000000000800047c                __floatdidf
                0x000000000800047c                __aeabi_l2d
 .text          0x00000000080004d8      0x424 c:/program files/stmicroelectronics/stm32cube/stm32cubeide_1.12.1/stm32cubeide/plugins/com.st.stm32cube.ide.mcu.externaltools.gnu-tools-for-stm32.10.3-2021.10.win32_1.0.200.202301161003/tools/bin/../lib/gcc/arm-none-eabi/10.3.1/thumb/v7-m/nofp\libgcc.a(_arm_muldivdf3.o)
                0x00000000080004d8                __aeabi_dmul
                0x00000000080004d8                __muldf3
                0x000000000800072c                __divdf3
                0x000000000800072c                __aeabi_ddiv
 .text          0x00000000080008fc      0x110 c:/program files/stmicroelectronics/stm32cube/stm32cubeide_1.12.1/stm32cubeide/plugins/com.st.stm32cube.ide.mcu.externaltools.gnu-tools-for-stm32.10.3-2021.10.win32_1.0.200.202301161003/tools/bin/../lib/gcc/arm-none-eabi/10.3.1/thumb/v7-m/nofp\libgcc.a(_arm_cmpdf2.o)
                0x00000000080008fc                __gtdf2
                0x00000000080008fc                __gedf2
                0x0000000008000904                __ltdf2
                0x0000000008000904                __ledf2
                0x000000000800090c                __nedf2
                0x000000000800090c                __eqdf2
                0x000000000800090c                __cmpdf2
                0x0000000008000988                __aeabi_cdrcmple
                0x0000000008000998                __aeabi_cdcmpeq
                0x0000000008000998                __aeabi_cdcmple
                0x00000000080009a8                __aeabi_dcmpeq
                0x00000000080009bc                __aeabi_dcmplt
                0x00000000080009d0                __aeabi_dcmple
                0x00000000080009e4                __aeabi_dcmpge
                0x00000000080009f8                __aeabi_dcmpgt
 .text          0x0000000008000a0c       0x2c c:/program files/stmicroelectronics/stm32cube/stm32cubeide_1.12.1/stm32cubeide/plugins/com.st.stm32cube.ide.mcu.externaltools.gnu-tools-for-stm32.10.3-2021.10.win32_1.0.200.202301161003/tools/bin/../lib/gcc/arm-none-eabi/10.3.1/thumb/v7-m/nofp\libgcc.a(_arm_unorddf2.o)
                0x0000000008000a0c                __unorddf2
                0x0000000008000a0c                __aeabi_dcmpun
 .text          0x0000000008000a38       0x50 c:/program files/stmicroelectronics/stm32cube/stm32cubeide_1.12.1/stm32cubeide/plugins/com.st.stm32cube.ide.mcu.externaltools.gnu-tools-for-stm32.10.3-2021.10.win32_1.0.200.202301161003/tools/bin/../lib/gcc/arm-none-eabi/10.3.1/thumb/v7-m/nofp\libgcc.a(_arm_fixdfsi.o)
                0x0000000008000a38                __aeabi_d2iz
                0x0000000008000a38                __fixdfsi
 .text          0x0000000008000a88       0x40 c:/program files/stmicroelectronics/stm32cube/stm32cubeide_1.12.1/stm32cubeide/plugins/com.st.stm32cube.ide.mcu.externaltools.gnu-tools-for-stm32.10.3-2021.10.win32_1.0.200.202301161003/tools/bin/../lib/gcc/arm-none-eabi/10.3.1/thumb/v7-m/nofp\libgcc.a(_arm_fixunsdfsi.o)
                0x0000000008000a88                __aeabi_d2uiz
                0x0000000008000a88                __fixunsdfsi
 .text          0x0000000008000ac8       0xa0 c:/program files/stmicroelectronics/stm32cube/stm32cubeide_1.12.1/stm32cubeide/plugins/com.st.stm32cube.ide.mcu.externaltools.gnu-tools-for-stm32.10.3-2021.10.win32_1.0.200.202301161003/tools/bin/../lib/gcc/arm-none-eabi/10.3.1/thumb/v7-m/nofp\libgcc.a(_arm_truncdfsf2.o)
                0x0000000008000ac8                __truncdfsf2
                0x0000000008000ac8                __aeabi_d2f
 .text          0x0000000008000b68      0x21c c:/program files/stmicroelectronics/stm32cube/stm32cubeide_1.12.1/stm32cubeide/plugins/com.st.stm32cube.ide.mcu.externaltools.gnu-tools-for-stm32.10.3-2021.10.win32_1.0.200.202301161003/tools/bin/../lib/gcc/arm-none-eabi/10.3.1/thumb/v7-m/nofp\libgcc.a(_arm_addsubsf3.o)
                0x0000000008000b68                __aeabi_frsub
                0x0000000008000b70                __subsf3
                0x0000000008000b70                __aeabi_fsub
                0x0000000008000b74                __aeabi_fadd
                0x0000000008000b74                __addsf3
                0x0000000008000cd4                __aeabi_ui2f
                0x0000000008000cd4                __floatunsisf
                0x0000000008000cdc                __aeabi_i2f
                0x0000000008000cdc                __floatsisf
                0x0000000008000cf8                __aeabi_ul2f
                0x0000000008000cf8                __floatundisf
                0x0000000008000d08                __aeabi_l2f
                0x0000000008000d08                __floatdisf
 .text          0x0000000008000d84      0x2a0 c:/program files/stmicroelectronics/stm32cube/stm32cubeide_1.12.1/stm32cubeide/plugins/com.st.stm32cube.ide.mcu.externaltools.gnu-tools-for-stm32.10.3-2021.10.win32_1.0.200.202301161003/tools/bin/../lib/gcc/arm-none-eabi/10.3.1/thumb/v7-m/nofp\libgcc.a(_arm_muldivsf3.o)
                0x0000000008000d84                __mulsf3
                0x0000000008000d84                __aeabi_fmul
                0x0000000008000eec                __aeabi_fdiv
                0x0000000008000eec                __divsf3
 .text          0x0000000008001024       0x40 c:/program files/stmicroelectronics/stm32cube/stm32cubeide_1.12.1/stm32cubeide/plugins/com.st.stm32cube.ide.mcu.externaltools.gnu-tools-for-stm32.10.3-2021.10.win32_1.0.200.202301161003/tools/bin/../lib/gcc/arm-none-eabi/10.3.1/thumb/v7-m/nofp\libgcc.a(_arm_fixunssfsi.o)
                0x0000000008001024                __fixunssfsi
                0x0000000008001024                __aeabi_f2uiz
 .text          0x0000000008001064       0x30 c:/program files/stmicroelectronics/stm32cube/stm32cubeide_1.12.1/stm32cubeide/plugins/com.st.stm32cube.ide.mcu.externaltools.gnu-tools-for-stm32.10.3-2021.10.win32_1.0.200.202301161003/tools/bin/../lib/gcc/arm-none-eabi/10.3.1/thumb/v7-m/nofp\libgcc.a(_aeabi_uldivmod.o)
                0x0000000008001064                __aeabi_uldivmod
 .text          0x0000000008001094      0x2d4 c:/program files/stmicroelectronics/stm32cube/stm32cubeide_1.12.1/stm32cubeide/plugins/com.st.stm32cube.ide.mcu.externaltools.gnu-tools-for-stm32.10.3-2021.10.win32_1.0.200.202301161003/tools/bin/../lib/gcc/arm-none-eabi/10.3.1/thumb/v7-m/nofp\libgcc.a(_udivmoddi4.o)
                0x0000000008001094                __udivmoddi4
 .text          0x0000000008001368        0x4 c:/program files/stmicroelectronics/stm32cube/stm32cubeide_1.12.1/stm32cubeide/plugins/com.st.stm32cube.ide.mcu.externaltools.gnu-tools-for-stm32.10.3-2021.10.win32_1.0.200.202301161003/tools/bin/../lib/gcc/arm-none-eabi/10.3.1/thumb/v7-m/nofp\libgcc.a(_dvmd_tls.o)
                0x0000000008001368                __aeabi_idiv0
                0x0000000008001368                __aeabi_ldiv0
 *(.text*)
 .text.MX_ADC1_Init
                0x000000000800136c       0x9c ./Core/Src/adc.o
                0x000000000800136c                MX_ADC1_Init
 .text.HAL_ADC_MspInit
                0x0000000008001408       0xd0 ./Core/Src/adc.o
                0x0000000008001408                HAL_ADC_MspInit
 .text.AHT20_init
                0x00000000080014d8       0x58 ./Core/Src/aht20.o
                0x00000000080014d8                AHT20_init
 .text.AHT20_read
                0x0000000008001530       0xec ./Core/Src/aht20.o
                0x0000000008001530                AHT20_read
 .text.LOG      0x000000000800161c       0x54 ./Core/Src/common.o
                0x000000000800161c                LOG
 .text.MX_DMA_Init
                0x0000000008001670       0x3c ./Core/Src/dma.o
                0x0000000008001670                MX_DMA_Init
 .text.GetPage  0x00000000080016ac       0x22 ./Core/Src/flash.o
 *fill*         0x00000000080016ce        0x2 
 .text.Flash_Write_Data
                0x00000000080016d0       0xb8 ./Core/Src/flash.o
                0x00000000080016d0                Flash_Write_Data
 .text.MX_GPIO_Init
                0x0000000008001788      0x170 ./Core/Src/gpio.o
                0x0000000008001788                MX_GPIO_Init
 .text.MX_I2C1_Init
                0x00000000080018f8       0x5c ./Core/Src/i2c.o
                0x00000000080018f8                MX_I2C1_Init
 .text.HAL_I2C_MspInit
                0x0000000008001954       0xa0 ./Core/Src/i2c.o
                0x0000000008001954                HAL_I2C_MspInit
 .text.HAL_I2C_MspDeInit
                0x00000000080019f4       0x48 ./Core/Src/i2c.o
                0x00000000080019f4                HAL_I2C_MspDeInit
 .text.modbus_tx_data
                0x0000000008001a3c       0x88 ./Core/Src/main.o
                0x0000000008001a3c                modbus_tx_data
 .text.main     0x0000000008001ac4      0x280 ./Core/Src/main.o
                0x0000000008001ac4                main
 .text.SystemClock_Config
                0x0000000008001d44       0xaa ./Core/Src/main.o
                0x0000000008001d44                SystemClock_Config
 *fill*         0x0000000008001dee        0x2 
 .text.HAL_UARTEx_RxEventCallback
                0x0000000008001df0       0x5c ./Core/Src/main.o
                0x0000000008001df0                HAL_UARTEx_RxEventCallback
 *fill*         0x0000000008001e4c        0x4 
 .text.read_ADC
                0x0000000008001e50      0x190 ./Core/Src/main.o
                0x0000000008001e50                read_ADC
 .text.read_wind_sensor
                0x0000000008001fe0       0x84 ./Core/Src/main.o
                0x0000000008001fe0                read_wind_sensor
 .text.read_AHT20
                0x0000000008002064       0x44 ./Core/Src/main.o
                0x0000000008002064                read_AHT20
 .text.is_OK_2_Talk
                0x00000000080020a8       0xb8 ./Core/Src/main.o
                0x00000000080020a8                is_OK_2_Talk
 .text.Link_Mode_Handle
                0x0000000008002160      0x100 ./Core/Src/main.o
                0x0000000008002160                Link_Mode_Handle
 .text.Normal_Mode_Handle
                0x0000000008002260      0x1dc ./Core/Src/main.o
                0x0000000008002260                Normal_Mode_Handle
 .text.Response_Handle
                0x000000000800243c      0x214 ./Core/Src/main.o
                0x000000000800243c                Response_Handle
 .text.Node_ID_inNetwork
                0x0000000008002650       0x66 ./Core/Src/main.o
                0x0000000008002650                Node_ID_inNetwork
 *fill*         0x00000000080026b6        0x2 
 .text.LoRa_Packet_Parser_Mesh
                0x00000000080026b8      0x54c ./Core/Src/main.o
                0x00000000080026b8                LoRa_Packet_Parser_Mesh
 .text.Normal_Mode_Mesh_Handle
                0x0000000008002c04       0xc0 ./Core/Src/main.o
                0x0000000008002c04                Normal_Mode_Mesh_Handle
 .text.LoRa_Recv_Node
                0x0000000008002cc4      0x110 ./Core/Src/main.o
                0x0000000008002cc4                LoRa_Recv_Node
 .text.HAL_GPIO_EXTI_Callback
                0x0000000008002dd4       0x34 ./Core/Src/main.o
                0x0000000008002dd4                HAL_GPIO_EXTI_Callback
 .text.HAL_RTCEx_RTCEventCallback
                0x0000000008002e08       0x14 ./Core/Src/main.o
                0x0000000008002e08                HAL_RTCEx_RTCEventCallback
 .text.Error_Handler
                0x0000000008002e1c        0xa ./Core/Src/main.o
                0x0000000008002e1c                Error_Handler
 *fill*         0x0000000008002e26        0x2 
 .text.crc16    0x0000000008002e28       0x6c ./Core/Src/modbus_crc.o
                0x0000000008002e28                crc16
 .text.MX_RTC_Init
                0x0000000008002e94       0x94 ./Core/Src/rtc.o
                0x0000000008002e94                MX_RTC_Init
 .text.HAL_RTC_MspInit
                0x0000000008002f28       0x58 ./Core/Src/rtc.o
                0x0000000008002f28                HAL_RTC_MspInit
 .text.MX_SPI1_Init
                0x0000000008002f80       0x6c ./Core/Src/spi.o
                0x0000000008002f80                MX_SPI1_Init
 .text.HAL_SPI_MspInit
                0x0000000008002fec       0xb4 ./Core/Src/spi.o
                0x0000000008002fec                HAL_SPI_MspInit
 .text.HAL_SPI_MspDeInit
                0x00000000080030a0       0x3c ./Core/Src/spi.o
                0x00000000080030a0                HAL_SPI_MspDeInit
 .text.HAL_MspInit
                0x00000000080030dc       0x64 ./Core/Src/stm32f1xx_hal_msp.o
                0x00000000080030dc                HAL_MspInit
 .text.NMI_Handler
                0x0000000008003140        0x6 ./Core/Src/stm32f1xx_it.o
                0x0000000008003140                NMI_Handler
 .text.HardFault_Handler
                0x0000000008003146        0x6 ./Core/Src/stm32f1xx_it.o
                0x0000000008003146                HardFault_Handler
 .text.MemManage_Handler
                0x000000000800314c        0x6 ./Core/Src/stm32f1xx_it.o
                0x000000000800314c                MemManage_Handler
 .text.BusFault_Handler
                0x0000000008003152        0x6 ./Core/Src/stm32f1xx_it.o
                0x0000000008003152                BusFault_Handler
 .text.UsageFault_Handler
                0x0000000008003158        0x6 ./Core/Src/stm32f1xx_it.o
                0x0000000008003158                UsageFault_Handler
 .text.SVC_Handler
                0x000000000800315e        0xc ./Core/Src/stm32f1xx_it.o
                0x000000000800315e                SVC_Handler
 .text.DebugMon_Handler
                0x000000000800316a        0xc ./Core/Src/stm32f1xx_it.o
                0x000000000800316a                DebugMon_Handler
 .text.PendSV_Handler
                0x0000000008003176        0xc ./Core/Src/stm32f1xx_it.o
                0x0000000008003176                PendSV_Handler
 .text.SysTick_Handler
                0x0000000008003182        0xc ./Core/Src/stm32f1xx_it.o
                0x0000000008003182                SysTick_Handler
 *fill*         0x000000000800318e        0x2 
 .text.RTC_IRQHandler
                0x0000000008003190       0x14 ./Core/Src/stm32f1xx_it.o
                0x0000000008003190                RTC_IRQHandler
 .text.EXTI1_IRQHandler
                0x00000000080031a4        0xe ./Core/Src/stm32f1xx_it.o
                0x00000000080031a4                EXTI1_IRQHandler
 *fill*         0x00000000080031b2        0x2 
 .text.DMA1_Channel1_IRQHandler
                0x00000000080031b4       0x14 ./Core/Src/stm32f1xx_it.o
                0x00000000080031b4                DMA1_Channel1_IRQHandler
 .text.USART1_IRQHandler
                0x00000000080031c8       0x14 ./Core/Src/stm32f1xx_it.o
                0x00000000080031c8                USART1_IRQHandler
 .text.sx1278_read_reg
                0x00000000080031dc       0x80 ./Core/Src/sx1278.o
                0x00000000080031dc                sx1278_read_reg
 .text.sx1278_write_reg
                0x000000000800325c       0x7c ./Core/Src/sx1278.o
                0x000000000800325c                sx1278_write_reg
 .text.sx1278_reset
                0x00000000080032d8       0x3c ./Core/Src/sx1278.o
                0x00000000080032d8                sx1278_reset
 .text.sx1278_sleep
                0x0000000008003314       0x10 ./Core/Src/sx1278.o
                0x0000000008003314                sx1278_sleep
 .text.sx1278_standby
                0x0000000008003324       0x10 ./Core/Src/sx1278.o
                0x0000000008003324                sx1278_standby
 .text.sx1278_rx_contiuous
                0x0000000008003334       0x10 ./Core/Src/sx1278.o
                0x0000000008003334                sx1278_rx_contiuous
 .text.sx1278_tx
                0x0000000008003344       0x10 ./Core/Src/sx1278.o
                0x0000000008003344                sx1278_tx
 .text.sx1278_cad
                0x0000000008003354       0x16 ./Core/Src/sx1278.o
                0x0000000008003354                sx1278_cad
 *fill*         0x000000000800336a        0x2 
 .text.sx1278_set_tx_power
                0x000000000800336c       0x3c ./Core/Src/sx1278.o
                0x000000000800336c                sx1278_set_tx_power
 .text.sx1278_set_LNA_gain
                0x00000000080033a8       0x64 ./Core/Src/sx1278.o
                0x00000000080033a8                sx1278_set_LNA_gain
 .text.sx1278_set_freq
                0x000000000800340c       0x84 ./Core/Src/sx1278.o
                0x000000000800340c                sx1278_set_freq
 .text.sx1278_set_bandwidth
                0x0000000008003490       0xcc ./Core/Src/sx1278.o
                0x0000000008003490                sx1278_set_bandwidth
 .text.sx1278_set_sf
                0x000000000800355c       0x80 ./Core/Src/sx1278.o
                0x000000000800355c                sx1278_set_sf
 .text.sx1278_set_cr
                0x00000000080035dc       0x5c ./Core/Src/sx1278.o
                0x00000000080035dc                sx1278_set_cr
 .text.sx1278_set_header
                0x0000000008003638       0x54 ./Core/Src/sx1278.o
                0x0000000008003638                sx1278_set_header
 .text.sx1278_set_crc
                0x000000000800368c       0x46 ./Core/Src/sx1278.o
                0x000000000800368c                sx1278_set_crc
 .text.sx1278_set_preamble
                0x00000000080036d2       0x2a ./Core/Src/sx1278.o
                0x00000000080036d2                sx1278_set_preamble
 .text.sx1278_get_rssi
                0x00000000080036fc       0x12 ./Core/Src/sx1278.o
                0x00000000080036fc                sx1278_get_rssi
 *fill*         0x000000000800370e        0x2 
 .text.sx1278_get_snr
                0x0000000008003710       0x34 ./Core/Src/sx1278.o
                0x0000000008003710                sx1278_get_snr
 .text.sx1278_set_irq
                0x0000000008003744       0x1c ./Core/Src/sx1278.o
                0x0000000008003744                sx1278_set_irq
 .text.sx1278_init
                0x0000000008003760       0x90 ./Core/Src/sx1278.o
                0x0000000008003760                sx1278_init
 .text.sx1278_send_data
                0x00000000080037f0       0x8c ./Core/Src/sx1278.o
                0x00000000080037f0                sx1278_send_data
 .text.sx1278_start_recv_data
                0x000000000800387c       0x26 ./Core/Src/sx1278.o
                0x000000000800387c                sx1278_start_recv_data
 *fill*         0x00000000080038a2        0x2 
 .text.sx1278_recv_data
                0x00000000080038a4      0x108 ./Core/Src/sx1278.o
                0x00000000080038a4                sx1278_recv_data
 .text._getpid  0x00000000080039ac        0xe ./Core/Src/syscalls.o
                0x00000000080039ac                _getpid
 .text._kill    0x00000000080039ba       0x20 ./Core/Src/syscalls.o
                0x00000000080039ba                _kill
 .text._exit    0x00000000080039da       0x14 ./Core/Src/syscalls.o
                0x00000000080039da                _exit
 .text._read    0x00000000080039ee       0x3a ./Core/Src/syscalls.o
                0x00000000080039ee                _read
 .text._write   0x0000000008003a28       0x38 ./Core/Src/syscalls.o
                0x0000000008003a28                _write
 .text._close   0x0000000008003a60       0x16 ./Core/Src/syscalls.o
                0x0000000008003a60                _close
 .text._fstat   0x0000000008003a76       0x1e ./Core/Src/syscalls.o
                0x0000000008003a76                _fstat
 .text._isatty  0x0000000008003a94       0x14 ./Core/Src/syscalls.o
                0x0000000008003a94                _isatty
 .text._lseek   0x0000000008003aa8       0x18 ./Core/Src/syscalls.o
                0x0000000008003aa8                _lseek
 .text._sbrk    0x0000000008003ac0       0x6c ./Core/Src/sysmem.o
                0x0000000008003ac0                _sbrk
 .text.SystemInit
                0x0000000008003b2c        0xc ./Core/Src/system_stm32f1xx.o
                0x0000000008003b2c                SystemInit
 .text.MX_USART1_UART_Init
                0x0000000008003b38       0x54 ./Core/Src/usart.o
                0x0000000008003b38                MX_USART1_UART_Init
 .text.MX_USART2_UART_Init
                0x0000000008003b8c       0x54 ./Core/Src/usart.o
                0x0000000008003b8c                MX_USART2_UART_Init
 .text.MX_USART3_UART_Init
                0x0000000008003be0       0x54 ./Core/Src/usart.o
                0x0000000008003be0                MX_USART3_UART_Init
 .text.HAL_UART_MspInit
                0x0000000008003c34      0x190 ./Core/Src/usart.o
                0x0000000008003c34                HAL_UART_MspInit
 .text.Reset_Handler
                0x0000000008003dc4       0x48 ./Core/Startup/startup_stm32f103c8tx.o
                0x0000000008003dc4                Reset_Handler
 .text.Default_Handler
                0x0000000008003e0c        0x2 ./Core/Startup/startup_stm32f103c8tx.o
                0x0000000008003e0c                RTC_Alarm_IRQHandler
                0x0000000008003e0c                EXTI2_IRQHandler
                0x0000000008003e0c                TIM1_CC_IRQHandler
                0x0000000008003e0c                PVD_IRQHandler
                0x0000000008003e0c                EXTI3_IRQHandler
                0x0000000008003e0c                EXTI0_IRQHandler
                0x0000000008003e0c                I2C2_EV_IRQHandler
                0x0000000008003e0c                ADC1_2_IRQHandler
                0x0000000008003e0c                SPI1_IRQHandler
                0x0000000008003e0c                TAMPER_IRQHandler
                0x0000000008003e0c                DMA1_Channel4_IRQHandler
                0x0000000008003e0c                USART3_IRQHandler
                0x0000000008003e0c                DMA1_Channel7_IRQHandler
                0x0000000008003e0c                CAN1_RX1_IRQHandler
                0x0000000008003e0c                TIM4_IRQHandler
                0x0000000008003e0c                I2C1_EV_IRQHandler
                0x0000000008003e0c                DMA1_Channel6_IRQHandler
                0x0000000008003e0c                TIM3_IRQHandler
                0x0000000008003e0c                RCC_IRQHandler
                0x0000000008003e0c                TIM1_TRG_COM_IRQHandler
                0x0000000008003e0c                Default_Handler
                0x0000000008003e0c                EXTI15_10_IRQHandler
                0x0000000008003e0c                EXTI9_5_IRQHandler
                0x0000000008003e0c                SPI2_IRQHandler
                0x0000000008003e0c                DMA1_Channel5_IRQHandler
                0x0000000008003e0c                EXTI4_IRQHandler
                0x0000000008003e0c                USB_LP_CAN1_RX0_IRQHandler
                0x0000000008003e0c                USB_HP_CAN1_TX_IRQHandler
                0x0000000008003e0c                DMA1_Channel3_IRQHandler
                0x0000000008003e0c                TIM1_UP_IRQHandler
                0x0000000008003e0c                WWDG_IRQHandler
                0x0000000008003e0c                TIM2_IRQHandler
                0x0000000008003e0c                TIM1_BRK_IRQHandler
                0x0000000008003e0c                USART2_IRQHandler
                0x0000000008003e0c                I2C2_ER_IRQHandler
                0x0000000008003e0c                DMA1_Channel2_IRQHandler
                0x0000000008003e0c                CAN1_SCE_IRQHandler
                0x0000000008003e0c                FLASH_IRQHandler
                0x0000000008003e0c                I2C1_ER_IRQHandler
                0x0000000008003e0c                USBWakeUp_IRQHandler
 *fill*         0x0000000008003e0e        0x2 
 .text.HAL_Init
                0x0000000008003e10       0x2c ./Drivers/STM32F1xx_HAL_Driver/Src/stm32f1xx_hal.o
                0x0000000008003e10                HAL_Init
 .text.HAL_InitTick
                0x0000000008003e3c       0x60 ./Drivers/STM32F1xx_HAL_Driver/Src/stm32f1xx_hal.o
                0x0000000008003e3c                HAL_InitTick
 .text.HAL_IncTick
                0x0000000008003e9c       0x24 ./Drivers/STM32F1xx_HAL_Driver/Src/stm32f1xx_hal.o
                0x0000000008003e9c                HAL_IncTick
 .text.HAL_GetTick
                0x0000000008003ec0       0x14 ./Drivers/STM32F1xx_HAL_Driver/Src/stm32f1xx_hal.o
                0x0000000008003ec0                HAL_GetTick
 .text.HAL_Delay
                0x0000000008003ed4       0x48 ./Drivers/STM32F1xx_HAL_Driver/Src/stm32f1xx_hal.o
                0x0000000008003ed4                HAL_Delay
 .text.HAL_ADC_Init
                0x0000000008003f1c      0x1b0 ./Drivers/STM32F1xx_HAL_Driver/Src/stm32f1xx_hal_adc.o
                0x0000000008003f1c                HAL_ADC_Init
 .text.HAL_ADC_Start_DMA
                0x00000000080040cc      0x1bc ./Drivers/STM32F1xx_HAL_Driver/Src/stm32f1xx_hal_adc.o
                0x00000000080040cc                HAL_ADC_Start_DMA
 .text.HAL_ADC_Stop_DMA
                0x0000000008004288       0x98 ./Drivers/STM32F1xx_HAL_Driver/Src/stm32f1xx_hal_adc.o
                0x0000000008004288                HAL_ADC_Stop_DMA
 .text.HAL_ADC_ConvCpltCallback
                0x0000000008004320       0x12 ./Drivers/STM32F1xx_HAL_Driver/Src/stm32f1xx_hal_adc.o
                0x0000000008004320                HAL_ADC_ConvCpltCallback
 .text.HAL_ADC_ConvHalfCpltCallback
                0x0000000008004332       0x12 ./Drivers/STM32F1xx_HAL_Driver/Src/stm32f1xx_hal_adc.o
                0x0000000008004332                HAL_ADC_ConvHalfCpltCallback
 .text.HAL_ADC_ErrorCallback
                0x0000000008004344       0x12 ./Drivers/STM32F1xx_HAL_Driver/Src/stm32f1xx_hal_adc.o
                0x0000000008004344                HAL_ADC_ErrorCallback
 *fill*         0x0000000008004356        0x2 
 .text.HAL_ADC_ConfigChannel
                0x0000000008004358      0x1f0 ./Drivers/STM32F1xx_HAL_Driver/Src/stm32f1xx_hal_adc.o
                0x0000000008004358                HAL_ADC_ConfigChannel
 .text.ADC_Enable
                0x0000000008004548       0xb4 ./Drivers/STM32F1xx_HAL_Driver/Src/stm32f1xx_hal_adc.o
                0x0000000008004548                ADC_Enable
 .text.ADC_ConversionStop_Disable
                0x00000000080045fc       0x82 ./Drivers/STM32F1xx_HAL_Driver/Src/stm32f1xx_hal_adc.o
                0x00000000080045fc                ADC_ConversionStop_Disable
 .text.ADC_DMAConvCplt
                0x000000000800467e       0x7c ./Drivers/STM32F1xx_HAL_Driver/Src/stm32f1xx_hal_adc.o
                0x000000000800467e                ADC_DMAConvCplt
 .text.ADC_DMAHalfConvCplt
                0x00000000080046fa       0x1c ./Drivers/STM32F1xx_HAL_Driver/Src/stm32f1xx_hal_adc.o
                0x00000000080046fa                ADC_DMAHalfConvCplt
 .text.ADC_DMAError
                0x0000000008004716       0x34 ./Drivers/STM32F1xx_HAL_Driver/Src/stm32f1xx_hal_adc.o
                0x0000000008004716                ADC_DMAError
 *fill*         0x000000000800474a        0x2 
 .text.__NVIC_SetPriorityGrouping
                0x000000000800474c       0x48 ./Drivers/STM32F1xx_HAL_Driver/Src/stm32f1xx_hal_cortex.o
 .text.__NVIC_GetPriorityGrouping
                0x0000000008004794       0x1c ./Drivers/STM32F1xx_HAL_Driver/Src/stm32f1xx_hal_cortex.o
 .text.__NVIC_EnableIRQ
                0x00000000080047b0       0x38 ./Drivers/STM32F1xx_HAL_Driver/Src/stm32f1xx_hal_cortex.o
 .text.__NVIC_SetPriority
                0x00000000080047e8       0x54 ./Drivers/STM32F1xx_HAL_Driver/Src/stm32f1xx_hal_cortex.o
 .text.NVIC_EncodePriority
                0x000000000800483c       0x64 ./Drivers/STM32F1xx_HAL_Driver/Src/stm32f1xx_hal_cortex.o
 .text.__NVIC_SystemReset
                0x00000000080048a0       0x2c ./Drivers/STM32F1xx_HAL_Driver/Src/stm32f1xx_hal_cortex.o
 .text.SysTick_Config
                0x00000000080048cc       0x44 ./Drivers/STM32F1xx_HAL_Driver/Src/stm32f1xx_hal_cortex.o
 .text.HAL_NVIC_SetPriorityGrouping
                0x0000000008004910       0x16 ./Drivers/STM32F1xx_HAL_Driver/Src/stm32f1xx_hal_cortex.o
                0x0000000008004910                HAL_NVIC_SetPriorityGrouping
 .text.HAL_NVIC_SetPriority
                0x0000000008004926       0x38 ./Drivers/STM32F1xx_HAL_Driver/Src/stm32f1xx_hal_cortex.o
                0x0000000008004926                HAL_NVIC_SetPriority
 .text.HAL_NVIC_EnableIRQ
                0x000000000800495e       0x1c ./Drivers/STM32F1xx_HAL_Driver/Src/stm32f1xx_hal_cortex.o
                0x000000000800495e                HAL_NVIC_EnableIRQ
 .text.HAL_NVIC_SystemReset
                0x000000000800497a        0x8 ./Drivers/STM32F1xx_HAL_Driver/Src/stm32f1xx_hal_cortex.o
                0x000000000800497a                HAL_NVIC_SystemReset
 .text.HAL_SYSTICK_Config
                0x0000000008004982       0x18 ./Drivers/STM32F1xx_HAL_Driver/Src/stm32f1xx_hal_cortex.o
                0x0000000008004982                HAL_SYSTICK_Config
 *fill*         0x000000000800499a        0x2 
 .text.HAL_DMA_Init
                0x000000000800499c       0xb4 ./Drivers/STM32F1xx_HAL_Driver/Src/stm32f1xx_hal_dma.o
                0x000000000800499c                HAL_DMA_Init
 .text.HAL_DMA_Start_IT
                0x0000000008004a50       0xc0 ./Drivers/STM32F1xx_HAL_Driver/Src/stm32f1xx_hal_dma.o
                0x0000000008004a50                HAL_DMA_Start_IT
 .text.HAL_DMA_Abort
                0x0000000008004b10       0x76 ./Drivers/STM32F1xx_HAL_Driver/Src/stm32f1xx_hal_dma.o
                0x0000000008004b10                HAL_DMA_Abort
 *fill*         0x0000000008004b86        0x2 
 .text.HAL_DMA_Abort_IT
                0x0000000008004b88       0xf0 ./Drivers/STM32F1xx_HAL_Driver/Src/stm32f1xx_hal_dma.o
                0x0000000008004b88                HAL_DMA_Abort_IT
 .text.HAL_DMA_IRQHandler
                0x0000000008004c78      0x20c ./Drivers/STM32F1xx_HAL_Driver/Src/stm32f1xx_hal_dma.o
                0x0000000008004c78                HAL_DMA_IRQHandler
 .text.DMA_SetConfig
                0x0000000008004e84       0x5a ./Drivers/STM32F1xx_HAL_Driver/Src/stm32f1xx_hal_dma.o
 *fill*         0x0000000008004ede        0x2 
 .text.HAL_FLASH_Program
                0x0000000008004ee0       0xe0 ./Drivers/STM32F1xx_HAL_Driver/Src/stm32f1xx_hal_flash.o
                0x0000000008004ee0                HAL_FLASH_Program
 .text.HAL_FLASH_Unlock
                0x0000000008004fc0       0x4c ./Drivers/STM32F1xx_HAL_Driver/Src/stm32f1xx_hal_flash.o
                0x0000000008004fc0                HAL_FLASH_Unlock
 .text.HAL_FLASH_Lock
                0x000000000800500c       0x20 ./Drivers/STM32F1xx_HAL_Driver/Src/stm32f1xx_hal_flash.o
                0x000000000800500c                HAL_FLASH_Lock
 .text.HAL_FLASH_GetError
                0x000000000800502c       0x14 ./Drivers/STM32F1xx_HAL_Driver/Src/stm32f1xx_hal_flash.o
                0x000000000800502c                HAL_FLASH_GetError
 .text.FLASH_Program_HalfWord
                0x0000000008005040       0x38 ./Drivers/STM32F1xx_HAL_Driver/Src/stm32f1xx_hal_flash.o
 .text.FLASH_WaitForLastOperation
                0x0000000008005078       0x8c ./Drivers/STM32F1xx_HAL_Driver/Src/stm32f1xx_hal_flash.o
                0x0000000008005078                FLASH_WaitForLastOperation
 .text.FLASH_SetErrorCode
                0x0000000008005104       0xa0 ./Drivers/STM32F1xx_HAL_Driver/Src/stm32f1xx_hal_flash.o
 .text.HAL_FLASHEx_Erase
                0x00000000080051a4       0xd8 ./Drivers/STM32F1xx_HAL_Driver/Src/stm32f1xx_hal_flash_ex.o
                0x00000000080051a4                HAL_FLASHEx_Erase
 .text.FLASH_MassErase
                0x000000000800527c       0x38 ./Drivers/STM32F1xx_HAL_Driver/Src/stm32f1xx_hal_flash_ex.o
 .text.FLASH_PageErase
                0x00000000080052b4       0x40 ./Drivers/STM32F1xx_HAL_Driver/Src/stm32f1xx_hal_flash_ex.o
                0x00000000080052b4                FLASH_PageErase
 .text.HAL_GPIO_Init
                0x00000000080052f4      0x308 ./Drivers/STM32F1xx_HAL_Driver/Src/stm32f1xx_hal_gpio.o
                0x00000000080052f4                HAL_GPIO_Init
 .text.HAL_GPIO_DeInit
                0x00000000080055fc      0x178 ./Drivers/STM32F1xx_HAL_Driver/Src/stm32f1xx_hal_gpio.o
                0x00000000080055fc                HAL_GPIO_DeInit
 .text.HAL_GPIO_WritePin
                0x0000000008005774       0x30 ./Drivers/STM32F1xx_HAL_Driver/Src/stm32f1xx_hal_gpio.o
                0x0000000008005774                HAL_GPIO_WritePin
 .text.HAL_GPIO_TogglePin
                0x00000000080057a4       0x32 ./Drivers/STM32F1xx_HAL_Driver/Src/stm32f1xx_hal_gpio.o
                0x00000000080057a4                HAL_GPIO_TogglePin
 *fill*         0x00000000080057d6        0x2 
 .text.HAL_GPIO_EXTI_IRQHandler
                0x00000000080057d8       0x30 ./Drivers/STM32F1xx_HAL_Driver/Src/stm32f1xx_hal_gpio.o
                0x00000000080057d8                HAL_GPIO_EXTI_IRQHandler
 .text.HAL_I2C_Init
                0x0000000008005808      0x288 ./Drivers/STM32F1xx_HAL_Driver/Src/stm32f1xx_hal_i2c.o
                0x0000000008005808                HAL_I2C_Init
 .text.HAL_I2C_DeInit
                0x0000000008005a90       0x5e ./Drivers/STM32F1xx_HAL_Driver/Src/stm32f1xx_hal_i2c.o
                0x0000000008005a90                HAL_I2C_DeInit
 *fill*         0x0000000008005aee        0x2 
 .text.HAL_I2C_Master_Transmit
                0x0000000008005af0      0x1fc ./Drivers/STM32F1xx_HAL_Driver/Src/stm32f1xx_hal_i2c.o
                0x0000000008005af0                HAL_I2C_Master_Transmit
 .text.HAL_I2C_Master_Receive
                0x0000000008005cec      0x4d8 ./Drivers/STM32F1xx_HAL_Driver/Src/stm32f1xx_hal_i2c.o
                0x0000000008005cec                HAL_I2C_Master_Receive
 .text.I2C_MasterRequestWrite
                0x00000000080061c4      0x104 ./Drivers/STM32F1xx_HAL_Driver/Src/stm32f1xx_hal_i2c.o
 .text.I2C_MasterRequestRead
                0x00000000080062c8      0x19c ./Drivers/STM32F1xx_HAL_Driver/Src/stm32f1xx_hal_i2c.o
 .text.I2C_WaitOnFlagUntilTimeout
                0x0000000008006464       0xf4 ./Drivers/STM32F1xx_HAL_Driver/Src/stm32f1xx_hal_i2c.o
 .text.I2C_WaitOnMasterAddressFlagUntilTimeout
                0x0000000008006558      0x140 ./Drivers/STM32F1xx_HAL_Driver/Src/stm32f1xx_hal_i2c.o
 .text.I2C_WaitOnTXEFlagUntilTimeout
                0x0000000008006698       0x90 ./Drivers/STM32F1xx_HAL_Driver/Src/stm32f1xx_hal_i2c.o
 .text.I2C_WaitOnBTFFlagUntilTimeout
                0x0000000008006728       0x90 ./Drivers/STM32F1xx_HAL_Driver/Src/stm32f1xx_hal_i2c.o
 .text.I2C_WaitOnRXNEFlagUntilTimeout
                0x00000000080067b8       0xba ./Drivers/STM32F1xx_HAL_Driver/Src/stm32f1xx_hal_i2c.o
 .text.I2C_IsAcknowledgeFailed
                0x0000000008006872       0x5c ./Drivers/STM32F1xx_HAL_Driver/Src/stm32f1xx_hal_i2c.o
 *fill*         0x00000000080068ce        0x2 
 .text.HAL_PWR_EnableBkUpAccess
                0x00000000080068d0       0x18 ./Drivers/STM32F1xx_HAL_Driver/Src/stm32f1xx_hal_pwr.o
                0x00000000080068d0                HAL_PWR_EnableBkUpAccess
 .text.HAL_RCC_OscConfig
                0x00000000080068e8      0x504 ./Drivers/STM32F1xx_HAL_Driver/Src/stm32f1xx_hal_rcc.o
                0x00000000080068e8                HAL_RCC_OscConfig
 .text.HAL_RCC_ClockConfig
                0x0000000008006dec      0x1d4 ./Drivers/STM32F1xx_HAL_Driver/Src/stm32f1xx_hal_rcc.o
                0x0000000008006dec                HAL_RCC_ClockConfig
 .text.HAL_RCC_GetSysClockFreq
                0x0000000008006fc0       0xa8 ./Drivers/STM32F1xx_HAL_Driver/Src/stm32f1xx_hal_rcc.o
                0x0000000008006fc0                HAL_RCC_GetSysClockFreq
 .text.HAL_RCC_GetHCLKFreq
                0x0000000008007068       0x14 ./Drivers/STM32F1xx_HAL_Driver/Src/stm32f1xx_hal_rcc.o
                0x0000000008007068                HAL_RCC_GetHCLKFreq
 .text.HAL_RCC_GetPCLK1Freq
                0x000000000800707c       0x28 ./Drivers/STM32F1xx_HAL_Driver/Src/stm32f1xx_hal_rcc.o
                0x000000000800707c                HAL_RCC_GetPCLK1Freq
 .text.HAL_RCC_GetPCLK2Freq
                0x00000000080070a4       0x28 ./Drivers/STM32F1xx_HAL_Driver/Src/stm32f1xx_hal_rcc.o
                0x00000000080070a4                HAL_RCC_GetPCLK2Freq
 .text.RCC_Delay
                0x00000000080070cc       0x3c ./Drivers/STM32F1xx_HAL_Driver/Src/stm32f1xx_hal_rcc.o
 .text.HAL_RCCEx_PeriphCLKConfig
                0x0000000008007108      0x16c ./Drivers/STM32F1xx_HAL_Driver/Src/stm32f1xx_hal_rcc_ex.o
                0x0000000008007108                HAL_RCCEx_PeriphCLKConfig
 .text.HAL_RCCEx_GetPeriphCLKFreq
                0x0000000008007274      0x16c ./Drivers/STM32F1xx_HAL_Driver/Src/stm32f1xx_hal_rcc_ex.o
                0x0000000008007274                HAL_RCCEx_GetPeriphCLKFreq
 .text.HAL_RTC_Init
                0x00000000080073e0      0x118 ./Drivers/STM32F1xx_HAL_Driver/Src/stm32f1xx_hal_rtc.o
                0x00000000080073e0                HAL_RTC_Init
 .text.HAL_RTC_SetTime
                0x00000000080074f8      0x12e ./Drivers/STM32F1xx_HAL_Driver/Src/stm32f1xx_hal_rtc.o
                0x00000000080074f8                HAL_RTC_SetTime
 *fill*         0x0000000008007626        0x2 
 .text.HAL_RTC_SetDate
                0x0000000008007628      0x16c ./Drivers/STM32F1xx_HAL_Driver/Src/stm32f1xx_hal_rtc.o
                0x0000000008007628                HAL_RTC_SetDate
 .text.HAL_RTC_WaitForSynchro
                0x0000000008007794       0x5a ./Drivers/STM32F1xx_HAL_Driver/Src/stm32f1xx_hal_rtc.o
                0x0000000008007794                HAL_RTC_WaitForSynchro
 .text.RTC_ReadTimeCounter
                0x00000000080077ee       0x60 ./Drivers/STM32F1xx_HAL_Driver/Src/stm32f1xx_hal_rtc.o
 .text.RTC_WriteTimeCounter
                0x000000000800784e       0x4e ./Drivers/STM32F1xx_HAL_Driver/Src/stm32f1xx_hal_rtc.o
 .text.RTC_ReadAlarmCounter
                0x000000000800789c       0x32 ./Drivers/STM32F1xx_HAL_Driver/Src/stm32f1xx_hal_rtc.o
 .text.RTC_WriteAlarmCounter
                0x00000000080078ce       0x4e ./Drivers/STM32F1xx_HAL_Driver/Src/stm32f1xx_hal_rtc.o
 .text.RTC_EnterInitMode
                0x000000000800791c       0x50 ./Drivers/STM32F1xx_HAL_Driver/Src/stm32f1xx_hal_rtc.o
 .text.RTC_ExitInitMode
                0x000000000800796c       0x50 ./Drivers/STM32F1xx_HAL_Driver/Src/stm32f1xx_hal_rtc.o
 .text.RTC_Bcd2ToByte
                0x00000000080079bc       0x3a ./Drivers/STM32F1xx_HAL_Driver/Src/stm32f1xx_hal_rtc.o
 *fill*         0x00000000080079f6        0x2 
 .text.RTC_WeekDayNum
                0x00000000080079f8       0xf0 ./Drivers/STM32F1xx_HAL_Driver/Src/stm32f1xx_hal_rtc.o
 .text.HAL_RTCEx_RTCIRQHandler
                0x0000000008007ae8       0x6e ./Drivers/STM32F1xx_HAL_Driver/Src/stm32f1xx_hal_rtc_ex.o
                0x0000000008007ae8                HAL_RTCEx_RTCIRQHandler
 .text.HAL_RTCEx_RTCEventErrorCallback
                0x0000000008007b56       0x12 ./Drivers/STM32F1xx_HAL_Driver/Src/stm32f1xx_hal_rtc_ex.o
                0x0000000008007b56                HAL_RTCEx_RTCEventErrorCallback
 .text.HAL_RTCEx_BKUPWrite
                0x0000000008007b68       0x34 ./Drivers/STM32F1xx_HAL_Driver/Src/stm32f1xx_hal_rtc_ex.o
                0x0000000008007b68                HAL_RTCEx_BKUPWrite
 .text.HAL_RTCEx_BKUPRead
                0x0000000008007b9c       0x38 ./Drivers/STM32F1xx_HAL_Driver/Src/stm32f1xx_hal_rtc_ex.o
                0x0000000008007b9c                HAL_RTCEx_BKUPRead
 .text.HAL_SPI_Init
                0x0000000008007bd4      0x108 ./Drivers/STM32F1xx_HAL_Driver/Src/stm32f1xx_hal_spi.o
                0x0000000008007bd4                HAL_SPI_Init
 .text.HAL_SPI_DeInit
                0x0000000008007cdc       0x50 ./Drivers/STM32F1xx_HAL_Driver/Src/stm32f1xx_hal_spi.o
                0x0000000008007cdc                HAL_SPI_DeInit
 .text.HAL_SPI_Transmit
                0x0000000008007d2c      0x286 ./Drivers/STM32F1xx_HAL_Driver/Src/stm32f1xx_hal_spi.o
                0x0000000008007d2c                HAL_SPI_Transmit
 .text.HAL_SPI_Receive
                0x0000000008007fb2      0x230 ./Drivers/STM32F1xx_HAL_Driver/Src/stm32f1xx_hal_spi.o
                0x0000000008007fb2                HAL_SPI_Receive
 .text.HAL_SPI_TransmitReceive
                0x00000000080081e2      0x360 ./Drivers/STM32F1xx_HAL_Driver/Src/stm32f1xx_hal_spi.o
                0x00000000080081e2                HAL_SPI_TransmitReceive
 .text.HAL_SPI_GetState
                0x0000000008008542       0x1a ./Drivers/STM32F1xx_HAL_Driver/Src/stm32f1xx_hal_spi.o
                0x0000000008008542                HAL_SPI_GetState
 .text.SPI_WaitFlagStateUntilTimeout
                0x000000000800855c      0x110 ./Drivers/STM32F1xx_HAL_Driver/Src/stm32f1xx_hal_spi.o
 .text.SPI_EndRxTransaction
                0x000000000800866c       0xa4 ./Drivers/STM32F1xx_HAL_Driver/Src/stm32f1xx_hal_spi.o
 .text.SPI_EndRxTxTransaction
                0x0000000008008710       0x3c ./Drivers/STM32F1xx_HAL_Driver/Src/stm32f1xx_hal_spi.o
 .text.HAL_UART_Init
                0x000000000800874c       0xa0 ./Drivers/STM32F1xx_HAL_Driver/Src/stm32f1xx_hal_uart.o
                0x000000000800874c                HAL_UART_Init
 .text.HAL_UART_Transmit
                0x00000000080087ec      0x106 ./Drivers/STM32F1xx_HAL_Driver/Src/stm32f1xx_hal_uart.o
                0x00000000080087ec                HAL_UART_Transmit
 .text.HAL_UARTEx_ReceiveToIdle_IT
                0x00000000080088f2       0xba ./Drivers/STM32F1xx_HAL_Driver/Src/stm32f1xx_hal_uart.o
                0x00000000080088f2                HAL_UARTEx_ReceiveToIdle_IT
 .text.HAL_UART_IRQHandler
                0x00000000080089ac      0x524 ./Drivers/STM32F1xx_HAL_Driver/Src/stm32f1xx_hal_uart.o
                0x00000000080089ac                HAL_UART_IRQHandler
 .text.HAL_UART_TxCpltCallback
                0x0000000008008ed0       0x12 ./Drivers/STM32F1xx_HAL_Driver/Src/stm32f1xx_hal_uart.o
                0x0000000008008ed0                HAL_UART_TxCpltCallback
 .text.HAL_UART_RxCpltCallback
                0x0000000008008ee2       0x12 ./Drivers/STM32F1xx_HAL_Driver/Src/stm32f1xx_hal_uart.o
                0x0000000008008ee2                HAL_UART_RxCpltCallback
 .text.HAL_UART_ErrorCallback
                0x0000000008008ef4       0x12 ./Drivers/STM32F1xx_HAL_Driver/Src/stm32f1xx_hal_uart.o
                0x0000000008008ef4                HAL_UART_ErrorCallback
 .text.UART_WaitOnFlagUntilTimeout
                0x0000000008008f06       0xdc ./Drivers/STM32F1xx_HAL_Driver/Src/stm32f1xx_hal_uart.o
 .text.UART_Start_Receive_IT
                0x0000000008008fe2       0x72 ./Drivers/STM32F1xx_HAL_Driver/Src/stm32f1xx_hal_uart.o
                0x0000000008008fe2                UART_Start_Receive_IT
 .text.UART_EndRxTransfer
                0x0000000008009054       0xc4 ./Drivers/STM32F1xx_HAL_Driver/Src/stm32f1xx_hal_uart.o
 .text.UART_DMAAbortOnError
                0x0000000008009118       0x28 ./Drivers/STM32F1xx_HAL_Driver/Src/stm32f1xx_hal_uart.o
 .text.UART_Transmit_IT
                0x0000000008009140       0x9e ./Drivers/STM32F1xx_HAL_Driver/Src/stm32f1xx_hal_uart.o
 .text.UART_EndTransmit_IT
                0x00000000080091de       0x30 ./Drivers/STM32F1xx_HAL_Driver/Src/stm32f1xx_hal_uart.o
 .text.UART_Receive_IT
                0x000000000800920e      0x17c ./Drivers/STM32F1xx_HAL_Driver/Src/stm32f1xx_hal_uart.o
 *fill*         0x000000000800938a        0x2 
 .text.UART_SetConfig
                0x000000000800938c      0x11c ./Drivers/STM32F1xx_HAL_Driver/Src/stm32f1xx_hal_uart.o
 .text.__errno  0x00000000080094a8        0xc c:/program files/stmicroelectronics/stm32cube/stm32cubeide_1.12.1/stm32cubeide/plugins/com.st.stm32cube.ide.mcu.externaltools.gnu-tools-for-stm32.10.3-2021.10.win32_1.0.200.202301161003/tools/bin/../lib/gcc/arm-none-eabi/10.3.1/../../../../arm-none-eabi/lib/thumb/v7-m/nofp\libc_nano.a(lib_a-errno.o)
                0x00000000080094a8                __errno
 .text.__libc_init_array
                0x00000000080094b4       0x48 c:/program files/stmicroelectronics/stm32cube/stm32cubeide_1.12.1/stm32cubeide/plugins/com.st.stm32cube.ide.mcu.externaltools.gnu-tools-for-stm32.10.3-2021.10.win32_1.0.200.202301161003/tools/bin/../lib/gcc/arm-none-eabi/10.3.1/../../../../arm-none-eabi/lib/thumb/v7-m/nofp\libc_nano.a(lib_a-init.o)
                0x00000000080094b4                __libc_init_array
 .text.memcpy   0x00000000080094fc       0x1c c:/program files/stmicroelectronics/stm32cube/stm32cubeide_1.12.1/stm32cubeide/plugins/com.st.stm32cube.ide.mcu.externaltools.gnu-tools-for-stm32.10.3-2021.10.win32_1.0.200.202301161003/tools/bin/../lib/gcc/arm-none-eabi/10.3.1/../../../../arm-none-eabi/lib/thumb/v7-m/nofp\libc_nano.a(lib_a-memcpy-stub.o)
                0x00000000080094fc                memcpy
 .text.memset   0x0000000008009518       0x10 c:/program files/stmicroelectronics/stm32cube/stm32cubeide_1.12.1/stm32cubeide/plugins/com.st.stm32cube.ide.mcu.externaltools.gnu-tools-for-stm32.10.3-2021.10.win32_1.0.200.202301161003/tools/bin/../lib/gcc/arm-none-eabi/10.3.1/../../../../arm-none-eabi/lib/thumb/v7-m/nofp\libc_nano.a(lib_a-memset.o)
                0x0000000008009518                memset
 .text.__cvt    0x0000000008009528       0xbe c:/program files/stmicroelectronics/stm32cube/stm32cubeide_1.12.1/stm32cubeide/plugins/com.st.stm32cube.ide.mcu.externaltools.gnu-tools-for-stm32.10.3-2021.10.win32_1.0.200.202301161003/tools/bin/../lib/gcc/arm-none-eabi/10.3.1/../../../../arm-none-eabi/lib/thumb/v7-m/nofp\libc_nano.a(lib_a-nano-vfprintf_float.o)
                0x0000000008009528                __cvt
 .text.__exponent
                0x00000000080095e6       0x7c c:/program files/stmicroelectronics/stm32cube/stm32cubeide_1.12.1/stm32cubeide/plugins/com.st.stm32cube.ide.mcu.externaltools.gnu-tools-for-stm32.10.3-2021.10.win32_1.0.200.202301161003/tools/bin/../lib/gcc/arm-none-eabi/10.3.1/../../../../arm-none-eabi/lib/thumb/v7-m/nofp\libc_nano.a(lib_a-nano-vfprintf_float.o)
                0x00000000080095e6                __exponent
 *fill*         0x0000000008009662        0x2 
 .text._printf_float
                0x0000000008009664      0x458 c:/program files/stmicroelectronics/stm32cube/stm32cubeide_1.12.1/stm32cubeide/plugins/com.st.stm32cube.ide.mcu.externaltools.gnu-tools-for-stm32.10.3-2021.10.win32_1.0.200.202301161003/tools/bin/../lib/gcc/arm-none-eabi/10.3.1/../../../../arm-none-eabi/lib/thumb/v7-m/nofp\libc_nano.a(lib_a-nano-vfprintf_float.o)
                0x0000000008009664                _printf_float
 .text._printf_common
                0x0000000008009abc       0xde c:/program files/stmicroelectronics/stm32cube/stm32cubeide_1.12.1/stm32cubeide/plugins/com.st.stm32cube.ide.mcu.externaltools.gnu-tools-for-stm32.10.3-2021.10.win32_1.0.200.202301161003/tools/bin/../lib/gcc/arm-none-eabi/10.3.1/../../../../arm-none-eabi/lib/thumb/v7-m/nofp\libc_nano.a(lib_a-nano-vfprintf_i.o)
                0x0000000008009abc                _printf_common
 *fill*         0x0000000008009b9a        0x2 
 .text._printf_i
                0x0000000008009b9c      0x24c c:/program files/stmicroelectronics/stm32cube/stm32cubeide_1.12.1/stm32cubeide/plugins/com.st.stm32cube.ide.mcu.externaltools.gnu-tools-for-stm32.10.3-2021.10.win32_1.0.200.202301161003/tools/bin/../lib/gcc/arm-none-eabi/10.3.1/../../../../arm-none-eabi/lib/thumb/v7-m/nofp\libc_nano.a(lib_a-nano-vfprintf_i.o)
                0x0000000008009b9c                _printf_i
 .text.sprintf  0x0000000008009de8       0x40 c:/program files/stmicroelectronics/stm32cube/stm32cubeide_1.12.1/stm32cubeide/plugins/com.st.stm32cube.ide.mcu.externaltools.gnu-tools-for-stm32.10.3-2021.10.win32_1.0.200.202301161003/tools/bin/../lib/gcc/arm-none-eabi/10.3.1/../../../../arm-none-eabi/lib/thumb/v7-m/nofp\libc_nano.a(lib_a-sprintf.o)
                0x0000000008009de8                siprintf
                0x0000000008009de8                sprintf
 .text.__assert_func
                0x0000000008009e28       0x3c c:/program files/stmicroelectronics/stm32cube/stm32cubeide_1.12.1/stm32cubeide/plugins/com.st.stm32cube.ide.mcu.externaltools.gnu-tools-for-stm32.10.3-2021.10.win32_1.0.200.202301161003/tools/bin/../lib/gcc/arm-none-eabi/10.3.1/../../../../arm-none-eabi/lib/thumb/v7-m/nofp\libc_nano.a(lib_a-assert.o)
                0x0000000008009e28                __assert_func
 .text.quorem   0x0000000008009e64      0x118 c:/program files/stmicroelectronics/stm32cube/stm32cubeide_1.12.1/stm32cubeide/plugins/com.st.stm32cube.ide.mcu.externaltools.gnu-tools-for-stm32.10.3-2021.10.win32_1.0.200.202301161003/tools/bin/../lib/gcc/arm-none-eabi/10.3.1/../../../../arm-none-eabi/lib/thumb/v7-m/nofp\libc_nano.a(lib_a-dtoa.o)
 *fill*         0x0000000008009f7c        0x4 
 .text._dtoa_r  0x0000000008009f80      0xbdc c:/program files/stmicroelectronics/stm32cube/stm32cubeide_1.12.1/stm32cubeide/plugins/com.st.stm32cube.ide.mcu.externaltools.gnu-tools-for-stm32.10.3-2021.10.win32_1.0.200.202301161003/tools/bin/../lib/gcc/arm-none-eabi/10.3.1/../../../../arm-none-eabi/lib/thumb/v7-m/nofp\libc_nano.a(lib_a-dtoa.o)
                0x0000000008009f80                _dtoa_r
 .text.fprintf  0x000000000800ab5c       0x24 c:/program files/stmicroelectronics/stm32cube/stm32cubeide_1.12.1/stm32cubeide/plugins/com.st.stm32cube.ide.mcu.externaltools.gnu-tools-for-stm32.10.3-2021.10.win32_1.0.200.202301161003/tools/bin/../lib/gcc/arm-none-eabi/10.3.1/../../../../arm-none-eabi/lib/thumb/v7-m/nofp\libc_nano.a(lib_a-fprintf.o)
                0x000000000800ab5c                fiprintf
                0x000000000800ab5c                fprintf
 .text._localeconv_r
                0x000000000800ab80        0x8 c:/program files/stmicroelectronics/stm32cube/stm32cubeide_1.12.1/stm32cubeide/plugins/com.st.stm32cube.ide.mcu.externaltools.gnu-tools-for-stm32.10.3-2021.10.win32_1.0.200.202301161003/tools/bin/../lib/gcc/arm-none-eabi/10.3.1/../../../../arm-none-eabi/lib/thumb/v7-m/nofp\libc_nano.a(lib_a-localeconv.o)
                0x000000000800ab80                _localeconv_r
 .text.malloc   0x000000000800ab88       0x10 c:/program files/stmicroelectronics/stm32cube/stm32cubeide_1.12.1/stm32cubeide/plugins/com.st.stm32cube.ide.mcu.externaltools.gnu-tools-for-stm32.10.3-2021.10.win32_1.0.200.202301161003/tools/bin/../lib/gcc/arm-none-eabi/10.3.1/../../../../arm-none-eabi/lib/thumb/v7-m/nofp\libc_nano.a(lib_a-malloc.o)
                0x000000000800ab88                malloc
 .text.memchr   0x000000000800ab98       0x1c c:/program files/stmicroelectronics/stm32cube/stm32cubeide_1.12.1/stm32cubeide/plugins/com.st.stm32cube.ide.mcu.externaltools.gnu-tools-for-stm32.10.3-2021.10.win32_1.0.200.202301161003/tools/bin/../lib/gcc/arm-none-eabi/10.3.1/../../../../arm-none-eabi/lib/thumb/v7-m/nofp\libc_nano.a(lib_a-memchr-stub.o)
                0x000000000800ab98                memchr
 .text._Balloc  0x000000000800abb4       0x80 c:/program files/stmicroelectronics/stm32cube/stm32cubeide_1.12.1/stm32cubeide/plugins/com.st.stm32cube.ide.mcu.externaltools.gnu-tools-for-stm32.10.3-2021.10.win32_1.0.200.202301161003/tools/bin/../lib/gcc/arm-none-eabi/10.3.1/../../../../arm-none-eabi/lib/thumb/v7-m/nofp\libc_nano.a(lib_a-mprec.o)
                0x000000000800abb4                _Balloc
 .text._Bfree   0x000000000800ac34       0x44 c:/program files/stmicroelectronics/stm32cube/stm32cubeide_1.12.1/stm32cubeide/plugins/com.st.stm32cube.ide.mcu.externaltools.gnu-tools-for-stm32.10.3-2021.10.win32_1.0.200.202301161003/tools/bin/../lib/gcc/arm-none-eabi/10.3.1/../../../../arm-none-eabi/lib/thumb/v7-m/nofp\libc_nano.a(lib_a-mprec.o)
                0x000000000800ac34                _Bfree
 .text.__multadd
                0x000000000800ac78       0x8c c:/program files/stmicroelectronics/stm32cube/stm32cubeide_1.12.1/stm32cubeide/plugins/com.st.stm32cube.ide.mcu.externaltools.gnu-tools-for-stm32.10.3-2021.10.win32_1.0.200.202301161003/tools/bin/../lib/gcc/arm-none-eabi/10.3.1/../../../../arm-none-eabi/lib/thumb/v7-m/nofp\libc_nano.a(lib_a-mprec.o)
                0x000000000800ac78                __multadd
 .text.__hi0bits
                0x000000000800ad04       0x40 c:/program files/stmicroelectronics/stm32cube/stm32cubeide_1.12.1/stm32cubeide/plugins/com.st.stm32cube.ide.mcu.externaltools.gnu-tools-for-stm32.10.3-2021.10.win32_1.0.200.202301161003/tools/bin/../lib/gcc/arm-none-eabi/10.3.1/../../../../arm-none-eabi/lib/thumb/v7-m/nofp\libc_nano.a(lib_a-mprec.o)
                0x000000000800ad04                __hi0bits
 .text.__lo0bits
                0x000000000800ad44       0x5a c:/program files/stmicroelectronics/stm32cube/stm32cubeide_1.12.1/stm32cubeide/plugins/com.st.stm32cube.ide.mcu.externaltools.gnu-tools-for-stm32.10.3-2021.10.win32_1.0.200.202301161003/tools/bin/../lib/gcc/arm-none-eabi/10.3.1/../../../../arm-none-eabi/lib/thumb/v7-m/nofp\libc_nano.a(lib_a-mprec.o)
                0x000000000800ad44                __lo0bits
 *fill*         0x000000000800ad9e        0x2 
 .text.__i2b    0x000000000800ada0       0x2c c:/program files/stmicroelectronics/stm32cube/stm32cubeide_1.12.1/stm32cubeide/plugins/com.st.stm32cube.ide.mcu.externaltools.gnu-tools-for-stm32.10.3-2021.10.win32_1.0.200.202301161003/tools/bin/../lib/gcc/arm-none-eabi/10.3.1/../../../../arm-none-eabi/lib/thumb/v7-m/nofp\libc_nano.a(lib_a-mprec.o)
                0x000000000800ada0                __i2b
 .text.__multiply
                0x000000000800adcc      0x150 c:/program files/stmicroelectronics/stm32cube/stm32cubeide_1.12.1/stm32cubeide/plugins/com.st.stm32cube.ide.mcu.externaltools.gnu-tools-for-stm32.10.3-2021.10.win32_1.0.200.202301161003/tools/bin/../lib/gcc/arm-none-eabi/10.3.1/../../../../arm-none-eabi/lib/thumb/v7-m/nofp\libc_nano.a(lib_a-mprec.o)
                0x000000000800adcc                __multiply
 .text.__pow5mult
                0x000000000800af1c       0xb4 c:/program files/stmicroelectronics/stm32cube/stm32cubeide_1.12.1/stm32cubeide/plugins/com.st.stm32cube.ide.mcu.externaltools.gnu-tools-for-stm32.10.3-2021.10.win32_1.0.200.202301161003/tools/bin/../lib/gcc/arm-none-eabi/10.3.1/../../../../arm-none-eabi/lib/thumb/v7-m/nofp\libc_nano.a(lib_a-mprec.o)
                0x000000000800af1c                __pow5mult
 .text.__lshift
                0x000000000800afd0       0xe0 c:/program files/stmicroelectronics/stm32cube/stm32cubeide_1.12.1/stm32cubeide/plugins/com.st.stm32cube.ide.mcu.externaltools.gnu-tools-for-stm32.10.3-2021.10.win32_1.0.200.202301161003/tools/bin/../lib/gcc/arm-none-eabi/10.3.1/../../../../arm-none-eabi/lib/thumb/v7-m/nofp\libc_nano.a(lib_a-mprec.o)
                0x000000000800afd0                __lshift
 .text.__mcmp   0x000000000800b0b0       0x36 c:/program files/stmicroelectronics/stm32cube/stm32cubeide_1.12.1/stm32cubeide/plugins/com.st.stm32cube.ide.mcu.externaltools.gnu-tools-for-stm32.10.3-2021.10.win32_1.0.200.202301161003/tools/bin/../lib/gcc/arm-none-eabi/10.3.1/../../../../arm-none-eabi/lib/thumb/v7-m/nofp\libc_nano.a(lib_a-mprec.o)
                0x000000000800b0b0                __mcmp
 *fill*         0x000000000800b0e6        0x2 
 .text.__mdiff  0x000000000800b0e8      0x118 c:/program files/stmicroelectronics/stm32cube/stm32cubeide_1.12.1/stm32cubeide/plugins/com.st.stm32cube.ide.mcu.externaltools.gnu-tools-for-stm32.10.3-2021.10.win32_1.0.200.202301161003/tools/bin/../lib/gcc/arm-none-eabi/10.3.1/../../../../arm-none-eabi/lib/thumb/v7-m/nofp\libc_nano.a(lib_a-mprec.o)
                0x000000000800b0e8                __mdiff
 .text.__d2b    0x000000000800b200       0xb8 c:/program files/stmicroelectronics/stm32cube/stm32cubeide_1.12.1/stm32cubeide/plugins/com.st.stm32cube.ide.mcu.externaltools.gnu-tools-for-stm32.10.3-2021.10.win32_1.0.200.202301161003/tools/bin/../lib/gcc/arm-none-eabi/10.3.1/../../../../arm-none-eabi/lib/thumb/v7-m/nofp\libc_nano.a(lib_a-mprec.o)
                0x000000000800b200                __d2b
 .text._calloc_r
                0x000000000800b2b8       0x28 c:/program files/stmicroelectronics/stm32cube/stm32cubeide_1.12.1/stm32cubeide/plugins/com.st.stm32cube.ide.mcu.externaltools.gnu-tools-for-stm32.10.3-2021.10.win32_1.0.200.202301161003/tools/bin/../lib/gcc/arm-none-eabi/10.3.1/../../../../arm-none-eabi/lib/thumb/v7-m/nofp\libc_nano.a(lib_a-nano-callocr.o)
                0x000000000800b2b8                _calloc_r
 .text._free_r  0x000000000800b2e0       0x90 c:/program files/stmicroelectronics/stm32cube/stm32cubeide_1.12.1/stm32cubeide/plugins/com.st.stm32cube.ide.mcu.externaltools.gnu-tools-for-stm32.10.3-2021.10.win32_1.0.200.202301161003/tools/bin/../lib/gcc/arm-none-eabi/10.3.1/../../../../arm-none-eabi/lib/thumb/v7-m/nofp\libc_nano.a(lib_a-nano-freer.o)
                0x000000000800b2e0                _free_r
 .text.sbrk_aligned
                0x000000000800b370       0x40 c:/program files/stmicroelectronics/stm32cube/stm32cubeide_1.12.1/stm32cubeide/plugins/com.st.stm32cube.ide.mcu.externaltools.gnu-tools-for-stm32.10.3-2021.10.win32_1.0.200.202301161003/tools/bin/../lib/gcc/arm-none-eabi/10.3.1/../../../../arm-none-eabi/lib/thumb/v7-m/nofp\libc_nano.a(lib_a-nano-mallocr.o)
 .text._malloc_r
                0x000000000800b3b0       0xe8 c:/program files/stmicroelectronics/stm32cube/stm32cubeide_1.12.1/stm32cubeide/plugins/com.st.stm32cube.ide.mcu.externaltools.gnu-tools-for-stm32.10.3-2021.10.win32_1.0.200.202301161003/tools/bin/../lib/gcc/arm-none-eabi/10.3.1/../../../../arm-none-eabi/lib/thumb/v7-m/nofp\libc_nano.a(lib_a-nano-mallocr.o)
                0x000000000800b3b0                _malloc_r
 .text.__ssputs_r
                0x000000000800b498       0xb6 c:/program files/stmicroelectronics/stm32cube/stm32cubeide_1.12.1/stm32cubeide/plugins/com.st.stm32cube.ide.mcu.externaltools.gnu-tools-for-stm32.10.3-2021.10.win32_1.0.200.202301161003/tools/bin/../lib/gcc/arm-none-eabi/10.3.1/../../../../arm-none-eabi/lib/thumb/v7-m/nofp\libc_nano.a(lib_a-nano-svfprintf.o)
                0x000000000800b498                __ssputs_r
 *fill*         0x000000000800b54e        0x2 
 .text._svfprintf_r
                0x000000000800b550      0x200 c:/program files/stmicroelectronics/stm32cube/stm32cubeide_1.12.1/stm32cubeide/plugins/com.st.stm32cube.ide.mcu.externaltools.gnu-tools-for-stm32.10.3-2021.10.win32_1.0.200.202301161003/tools/bin/../lib/gcc/arm-none-eabi/10.3.1/../../../../arm-none-eabi/lib/thumb/v7-m/nofp\libc_nano.a(lib_a-nano-svfprintf.o)
                0x000000000800b550                _svfiprintf_r
                0x000000000800b550                _svfprintf_r
 .text.__sfputc_r
                0x000000000800b750       0x2a c:/program files/stmicroelectronics/stm32cube/stm32cubeide_1.12.1/stm32cubeide/plugins/com.st.stm32cube.ide.mcu.externaltools.gnu-tools-for-stm32.10.3-2021.10.win32_1.0.200.202301161003/tools/bin/../lib/gcc/arm-none-eabi/10.3.1/../../../../arm-none-eabi/lib/thumb/v7-m/nofp\libc_nano.a(lib_a-nano-vfprintf.o)
 .text.__sfputs_r
                0x000000000800b77a       0x24 c:/program files/stmicroelectronics/stm32cube/stm32cubeide_1.12.1/stm32cubeide/plugins/com.st.stm32cube.ide.mcu.externaltools.gnu-tools-for-stm32.10.3-2021.10.win32_1.0.200.202301161003/tools/bin/../lib/gcc/arm-none-eabi/10.3.1/../../../../arm-none-eabi/lib/thumb/v7-m/nofp\libc_nano.a(lib_a-nano-vfprintf.o)
                0x000000000800b77a                __sfputs_r
 *fill*         0x000000000800b79e        0x2 
 .text._vfprintf_r
                0x000000000800b7a0      0x260 c:/program files/stmicroelectronics/stm32cube/stm32cubeide_1.12.1/stm32cubeide/plugins/com.st.stm32cube.ide.mcu.externaltools.gnu-tools-for-stm32.10.3-2021.10.win32_1.0.200.202301161003/tools/bin/../lib/gcc/arm-none-eabi/10.3.1/../../../../arm-none-eabi/lib/thumb/v7-m/nofp\libc_nano.a(lib_a-nano-vfprintf.o)
                0x000000000800b7a0                _vfprintf_r
                0x000000000800b7a0                _vfiprintf_r
 .text._sbrk_r  0x000000000800ba00       0x20 c:/program files/stmicroelectronics/stm32cube/stm32cubeide_1.12.1/stm32cubeide/plugins/com.st.stm32cube.ide.mcu.externaltools.gnu-tools-for-stm32.10.3-2021.10.win32_1.0.200.202301161003/tools/bin/../lib/gcc/arm-none-eabi/10.3.1/../../../../arm-none-eabi/lib/thumb/v7-m/nofp\libc_nano.a(lib_a-sbrkr.o)
                0x000000000800ba00                _sbrk_r
 .text.__swbuf_r
                0x000000000800ba20       0xa4 c:/program files/stmicroelectronics/stm32cube/stm32cubeide_1.12.1/stm32cubeide/plugins/com.st.stm32cube.ide.mcu.externaltools.gnu-tools-for-stm32.10.3-2021.10.win32_1.0.200.202301161003/tools/bin/../lib/gcc/arm-none-eabi/10.3.1/../../../../arm-none-eabi/lib/thumb/v7-m/nofp\libc_nano.a(lib_a-wbuf.o)
                0x000000000800ba20                __swbuf_r
 .text.__swsetup_r
                0x000000000800bac4       0xdc c:/program files/stmicroelectronics/stm32cube/stm32cubeide_1.12.1/stm32cubeide/plugins/com.st.stm32cube.ide.mcu.externaltools.gnu-tools-for-stm32.10.3-2021.10.win32_1.0.200.202301161003/tools/bin/../lib/gcc/arm-none-eabi/10.3.1/../../../../arm-none-eabi/lib/thumb/v7-m/nofp\libc_nano.a(lib_a-wsetup.o)
                0x000000000800bac4                __swsetup_r
 .text.abort    0x000000000800bba0        0xe c:/program files/stmicroelectronics/stm32cube/stm32cubeide_1.12.1/stm32cubeide/plugins/com.st.stm32cube.ide.mcu.externaltools.gnu-tools-for-stm32.10.3-2021.10.win32_1.0.200.202301161003/tools/bin/../lib/gcc/arm-none-eabi/10.3.1/../../../../arm-none-eabi/lib/thumb/v7-m/nofp\libc_nano.a(lib_a-abort.o)
                0x000000000800bba0                abort
 *fill*         0x000000000800bbae        0x2 
 .text.__sflush_r
                0x000000000800bbb0      0x104 c:/program files/stmicroelectronics/stm32cube/stm32cubeide_1.12.1/stm32cubeide/plugins/com.st.stm32cube.ide.mcu.externaltools.gnu-tools-for-stm32.10.3-2021.10.win32_1.0.200.202301161003/tools/bin/../lib/gcc/arm-none-eabi/10.3.1/../../../../arm-none-eabi/lib/thumb/v7-m/nofp\libc_nano.a(lib_a-fflush.o)
                0x000000000800bbb0                __sflush_r
 .text._fflush_r
                0x000000000800bcb4       0x78 c:/program files/stmicroelectronics/stm32cube/stm32cubeide_1.12.1/stm32cubeide/plugins/com.st.stm32cube.ide.mcu.externaltools.gnu-tools-for-stm32.10.3-2021.10.win32_1.0.200.202301161003/tools/bin/../lib/gcc/arm-none-eabi/10.3.1/../../../../arm-none-eabi/lib/thumb/v7-m/nofp\libc_nano.a(lib_a-fflush.o)
                0x000000000800bcb4                _fflush_r
 .text.std      0x000000000800bd2c       0x48 c:/program files/stmicroelectronics/stm32cube/stm32cubeide_1.12.1/stm32cubeide/plugins/com.st.stm32cube.ide.mcu.externaltools.gnu-tools-for-stm32.10.3-2021.10.win32_1.0.200.202301161003/tools/bin/../lib/gcc/arm-none-eabi/10.3.1/../../../../arm-none-eabi/lib/thumb/v7-m/nofp\libc_nano.a(lib_a-findfp.o)
 .text._cleanup_r
                0x000000000800bd74        0xc c:/program files/stmicroelectronics/stm32cube/stm32cubeide_1.12.1/stm32cubeide/plugins/com.st.stm32cube.ide.mcu.externaltools.gnu-tools-for-stm32.10.3-2021.10.win32_1.0.200.202301161003/tools/bin/../lib/gcc/arm-none-eabi/10.3.1/../../../../arm-none-eabi/lib/thumb/v7-m/nofp\libc_nano.a(lib_a-findfp.o)
                0x000000000800bd74                _cleanup_r
 .text.__sfmoreglue
                0x000000000800bd80       0x2c c:/program files/stmicroelectronics/stm32cube/stm32cubeide_1.12.1/stm32cubeide/plugins/com.st.stm32cube.ide.mcu.externaltools.gnu-tools-for-stm32.10.3-2021.10.win32_1.0.200.202301161003/tools/bin/../lib/gcc/arm-none-eabi/10.3.1/../../../../arm-none-eabi/lib/thumb/v7-m/nofp\libc_nano.a(lib_a-findfp.o)
                0x000000000800bd80                __sfmoreglue
 .text.__sfp_lock_acquire
                0x000000000800bdac        0xc c:/program files/stmicroelectronics/stm32cube/stm32cubeide_1.12.1/stm32cubeide/plugins/com.st.stm32cube.ide.mcu.externaltools.gnu-tools-for-stm32.10.3-2021.10.win32_1.0.200.202301161003/tools/bin/../lib/gcc/arm-none-eabi/10.3.1/../../../../arm-none-eabi/lib/thumb/v7-m/nofp\libc_nano.a(lib_a-findfp.o)
                0x000000000800bdac                __sfp_lock_acquire
 .text.__sfp_lock_release
                0x000000000800bdb8        0xc c:/program files/stmicroelectronics/stm32cube/stm32cubeide_1.12.1/stm32cubeide/plugins/com.st.stm32cube.ide.mcu.externaltools.gnu-tools-for-stm32.10.3-2021.10.win32_1.0.200.202301161003/tools/bin/../lib/gcc/arm-none-eabi/10.3.1/../../../../arm-none-eabi/lib/thumb/v7-m/nofp\libc_nano.a(lib_a-findfp.o)
                0x000000000800bdb8                __sfp_lock_release
 .text.__sinit_lock_acquire
                0x000000000800bdc4        0xc c:/program files/stmicroelectronics/stm32cube/stm32cubeide_1.12.1/stm32cubeide/plugins/com.st.stm32cube.ide.mcu.externaltools.gnu-tools-for-stm32.10.3-2021.10.win32_1.0.200.202301161003/tools/bin/../lib/gcc/arm-none-eabi/10.3.1/../../../../arm-none-eabi/lib/thumb/v7-m/nofp\libc_nano.a(lib_a-findfp.o)
                0x000000000800bdc4                __sinit_lock_acquire
 .text.__sinit_lock_release
                0x000000000800bdd0        0xc c:/program files/stmicroelectronics/stm32cube/stm32cubeide_1.12.1/stm32cubeide/plugins/com.st.stm32cube.ide.mcu.externaltools.gnu-tools-for-stm32.10.3-2021.10.win32_1.0.200.202301161003/tools/bin/../lib/gcc/arm-none-eabi/10.3.1/../../../../arm-none-eabi/lib/thumb/v7-m/nofp\libc_nano.a(lib_a-findfp.o)
                0x000000000800bdd0                __sinit_lock_release
 .text.__sinit  0x000000000800bddc       0x70 c:/program files/stmicroelectronics/stm32cube/stm32cubeide_1.12.1/stm32cubeide/plugins/com.st.stm32cube.ide.mcu.externaltools.gnu-tools-for-stm32.10.3-2021.10.win32_1.0.200.202301161003/tools/bin/../lib/gcc/arm-none-eabi/10.3.1/../../../../arm-none-eabi/lib/thumb/v7-m/nofp\libc_nano.a(lib_a-findfp.o)
                0x000000000800bddc                __sinit
 .text.__sfp    0x000000000800be4c       0x8c c:/program files/stmicroelectronics/stm32cube/stm32cubeide_1.12.1/stm32cubeide/plugins/com.st.stm32cube.ide.mcu.externaltools.gnu-tools-for-stm32.10.3-2021.10.win32_1.0.200.202301161003/tools/bin/../lib/gcc/arm-none-eabi/10.3.1/../../../../arm-none-eabi/lib/thumb/v7-m/nofp\libc_nano.a(lib_a-findfp.o)
                0x000000000800be4c                __sfp
 .text._fwalk_reent
                0x000000000800bed8       0x3e c:/program files/stmicroelectronics/stm32cube/stm32cubeide_1.12.1/stm32cubeide/plugins/com.st.stm32cube.ide.mcu.externaltools.gnu-tools-for-stm32.10.3-2021.10.win32_1.0.200.202301161003/tools/bin/../lib/gcc/arm-none-eabi/10.3.1/../../../../arm-none-eabi/lib/thumb/v7-m/nofp\libc_nano.a(lib_a-fwalk.o)
                0x000000000800bed8                _fwalk_reent
 .text.__retarget_lock_init_recursive
                0x000000000800bf16        0x2 c:/program files/stmicroelectronics/stm32cube/stm32cubeide_1.12.1/stm32cubeide/plugins/com.st.stm32cube.ide.mcu.externaltools.gnu-tools-for-stm32.10.3-2021.10.win32_1.0.200.202301161003/tools/bin/../lib/gcc/arm-none-eabi/10.3.1/../../../../arm-none-eabi/lib/thumb/v7-m/nofp\libc_nano.a(lib_a-lock.o)
                0x000000000800bf16                __retarget_lock_init_recursive
 .text.__retarget_lock_acquire_recursive
                0x000000000800bf18        0x2 c:/program files/stmicroelectronics/stm32cube/stm32cubeide_1.12.1/stm32cubeide/plugins/com.st.stm32cube.ide.mcu.externaltools.gnu-tools-for-stm32.10.3-2021.10.win32_1.0.200.202301161003/tools/bin/../lib/gcc/arm-none-eabi/10.3.1/../../../../arm-none-eabi/lib/thumb/v7-m/nofp\libc_nano.a(lib_a-lock.o)
                0x000000000800bf18                __retarget_lock_acquire_recursive
 .text.__retarget_lock_release_recursive
                0x000000000800bf1a        0x2 c:/program files/stmicroelectronics/stm32cube/stm32cubeide_1.12.1/stm32cubeide/plugins/com.st.stm32cube.ide.mcu.externaltools.gnu-tools-for-stm32.10.3-2021.10.win32_1.0.200.202301161003/tools/bin/../lib/gcc/arm-none-eabi/10.3.1/../../../../arm-none-eabi/lib/thumb/v7-m/nofp\libc_nano.a(lib_a-lock.o)
                0x000000000800bf1a                __retarget_lock_release_recursive
 .text.__swhatbuf_r
                0x000000000800bf1c       0x4a c:/program files/stmicroelectronics/stm32cube/stm32cubeide_1.12.1/stm32cubeide/plugins/com.st.stm32cube.ide.mcu.externaltools.gnu-tools-for-stm32.10.3-2021.10.win32_1.0.200.202301161003/tools/bin/../lib/gcc/arm-none-eabi/10.3.1/../../../../arm-none-eabi/lib/thumb/v7-m/nofp\libc_nano.a(lib_a-makebuf.o)
                0x000000000800bf1c                __swhatbuf_r
 *fill*         0x000000000800bf66        0x2 
 .text.__smakebuf_r
                0x000000000800bf68       0x80 c:/program files/stmicroelectronics/stm32cube/stm32cubeide_1.12.1/stm32cubeide/plugins/com.st.stm32cube.ide.mcu.externaltools.gnu-tools-for-stm32.10.3-2021.10.win32_1.0.200.202301161003/tools/bin/../lib/gcc/arm-none-eabi/10.3.1/../../../../arm-none-eabi/lib/thumb/v7-m/nofp\libc_nano.a(lib_a-makebuf.o)
                0x000000000800bf68                __smakebuf_r
 .text.__ascii_mbtowc
                0x000000000800bfe8       0x24 c:/program files/stmicroelectronics/stm32cube/stm32cubeide_1.12.1/stm32cubeide/plugins/com.st.stm32cube.ide.mcu.externaltools.gnu-tools-for-stm32.10.3-2021.10.win32_1.0.200.202301161003/tools/bin/../lib/gcc/arm-none-eabi/10.3.1/../../../../arm-none-eabi/lib/thumb/v7-m/nofp\libc_nano.a(lib_a-mbtowc_r.o)
                0x000000000800bfe8                __ascii_mbtowc
 .text.memmove  0x000000000800c00c       0x34 c:/program files/stmicroelectronics/stm32cube/stm32cubeide_1.12.1/stm32cubeide/plugins/com.st.stm32cube.ide.mcu.externaltools.gnu-tools-for-stm32.10.3-2021.10.win32_1.0.200.202301161003/tools/bin/../lib/gcc/arm-none-eabi/10.3.1/../../../../arm-none-eabi/lib/thumb/v7-m/nofp\libc_nano.a(lib_a-memmove.o)
                0x000000000800c00c                memmove
 .text.__malloc_lock
                0x000000000800c040        0xc c:/program files/stmicroelectronics/stm32cube/stm32cubeide_1.12.1/stm32cubeide/plugins/com.st.stm32cube.ide.mcu.externaltools.gnu-tools-for-stm32.10.3-2021.10.win32_1.0.200.202301161003/tools/bin/../lib/gcc/arm-none-eabi/10.3.1/../../../../arm-none-eabi/lib/thumb/v7-m/nofp\libc_nano.a(lib_a-mlock.o)
                0x000000000800c040                __malloc_lock
 .text.__malloc_unlock
                0x000000000800c04c        0xc c:/program files/stmicroelectronics/stm32cube/stm32cubeide_1.12.1/stm32cubeide/plugins/com.st.stm32cube.ide.mcu.externaltools.gnu-tools-for-stm32.10.3-2021.10.win32_1.0.200.202301161003/tools/bin/../lib/gcc/arm-none-eabi/10.3.1/../../../../arm-none-eabi/lib/thumb/v7-m/nofp\libc_nano.a(lib_a-mlock.o)
                0x000000000800c04c                __malloc_unlock
 .text._realloc_r
                0x000000000800c058       0x5e c:/program files/stmicroelectronics/stm32cube/stm32cubeide_1.12.1/stm32cubeide/plugins/com.st.stm32cube.ide.mcu.externaltools.gnu-tools-for-stm32.10.3-2021.10.win32_1.0.200.202301161003/tools/bin/../lib/gcc/arm-none-eabi/10.3.1/../../../../arm-none-eabi/lib/thumb/v7-m/nofp\libc_nano.a(lib_a-nano-reallocr.o)
                0x000000000800c058                _realloc_r
 .text._raise_r
                0x000000000800c0b6       0x50 c:/program files/stmicroelectronics/stm32cube/stm32cubeide_1.12.1/stm32cubeide/plugins/com.st.stm32cube.ide.mcu.externaltools.gnu-tools-for-stm32.10.3-2021.10.win32_1.0.200.202301161003/tools/bin/../lib/gcc/arm-none-eabi/10.3.1/../../../../arm-none-eabi/lib/thumb/v7-m/nofp\libc_nano.a(lib_a-signal.o)
                0x000000000800c0b6                _raise_r
 *fill*         0x000000000800c106        0x2 
 .text.raise    0x000000000800c108       0x10 c:/program files/stmicroelectronics/stm32cube/stm32cubeide_1.12.1/stm32cubeide/plugins/com.st.stm32cube.ide.mcu.externaltools.gnu-tools-for-stm32.10.3-2021.10.win32_1.0.200.202301161003/tools/bin/../lib/gcc/arm-none-eabi/10.3.1/../../../../arm-none-eabi/lib/thumb/v7-m/nofp\libc_nano.a(lib_a-signal.o)
                0x000000000800c108                raise
 .text._kill_r  0x000000000800c118       0x24 c:/program files/stmicroelectronics/stm32cube/stm32cubeide_1.12.1/stm32cubeide/plugins/com.st.stm32cube.ide.mcu.externaltools.gnu-tools-for-stm32.10.3-2021.10.win32_1.0.200.202301161003/tools/bin/../lib/gcc/arm-none-eabi/10.3.1/../../../../arm-none-eabi/lib/thumb/v7-m/nofp\libc_nano.a(lib_a-signalr.o)
                0x000000000800c118                _kill_r
 .text._getpid_r
                0x000000000800c13c        0x4 c:/program files/stmicroelectronics/stm32cube/stm32cubeide_1.12.1/stm32cubeide/plugins/com.st.stm32cube.ide.mcu.externaltools.gnu-tools-for-stm32.10.3-2021.10.win32_1.0.200.202301161003/tools/bin/../lib/gcc/arm-none-eabi/10.3.1/../../../../arm-none-eabi/lib/thumb/v7-m/nofp\libc_nano.a(lib_a-signalr.o)
                0x000000000800c13c                _getpid_r
 .text.__sread  0x000000000800c140       0x22 c:/program files/stmicroelectronics/stm32cube/stm32cubeide_1.12.1/stm32cubeide/plugins/com.st.stm32cube.ide.mcu.externaltools.gnu-tools-for-stm32.10.3-2021.10.win32_1.0.200.202301161003/tools/bin/../lib/gcc/arm-none-eabi/10.3.1/../../../../arm-none-eabi/lib/thumb/v7-m/nofp\libc_nano.a(lib_a-stdio.o)
                0x000000000800c140                __sread
 .text.__swrite
                0x000000000800c162       0x38 c:/program files/stmicroelectronics/stm32cube/stm32cubeide_1.12.1/stm32cubeide/plugins/com.st.stm32cube.ide.mcu.externaltools.gnu-tools-for-stm32.10.3-2021.10.win32_1.0.200.202301161003/tools/bin/../lib/gcc/arm-none-eabi/10.3.1/../../../../arm-none-eabi/lib/thumb/v7-m/nofp\libc_nano.a(lib_a-stdio.o)
                0x000000000800c162                __swrite
 .text.__sseek  0x000000000800c19a       0x24 c:/program files/stmicroelectronics/stm32cube/stm32cubeide_1.12.1/stm32cubeide/plugins/com.st.stm32cube.ide.mcu.externaltools.gnu-tools-for-stm32.10.3-2021.10.win32_1.0.200.202301161003/tools/bin/../lib/gcc/arm-none-eabi/10.3.1/../../../../arm-none-eabi/lib/thumb/v7-m/nofp\libc_nano.a(lib_a-stdio.o)
                0x000000000800c19a                __sseek
 .text.__sclose
                0x000000000800c1be        0x8 c:/program files/stmicroelectronics/stm32cube/stm32cubeide_1.12.1/stm32cubeide/plugins/com.st.stm32cube.ide.mcu.externaltools.gnu-tools-for-stm32.10.3-2021.10.win32_1.0.200.202301161003/tools/bin/../lib/gcc/arm-none-eabi/10.3.1/../../../../arm-none-eabi/lib/thumb/v7-m/nofp\libc_nano.a(lib_a-stdio.o)
                0x000000000800c1be                __sclose
 .text.__ascii_wctomb
                0x000000000800c1c6       0x1a c:/program files/stmicroelectronics/stm32cube/stm32cubeide_1.12.1/stm32cubeide/plugins/com.st.stm32cube.ide.mcu.externaltools.gnu-tools-for-stm32.10.3-2021.10.win32_1.0.200.202301161003/tools/bin/../lib/gcc/arm-none-eabi/10.3.1/../../../../arm-none-eabi/lib/thumb/v7-m/nofp\libc_nano.a(lib_a-wctomb_r.o)
                0x000000000800c1c6                __ascii_wctomb
 .text._write_r
                0x000000000800c1e0       0x24 c:/program files/stmicroelectronics/stm32cube/stm32cubeide_1.12.1/stm32cubeide/plugins/com.st.stm32cube.ide.mcu.externaltools.gnu-tools-for-stm32.10.3-2021.10.win32_1.0.200.202301161003/tools/bin/../lib/gcc/arm-none-eabi/10.3.1/../../../../arm-none-eabi/lib/thumb/v7-m/nofp\libc_nano.a(lib_a-writer.o)
                0x000000000800c1e0                _write_r
 .text._close_r
                0x000000000800c204       0x20 c:/program files/stmicroelectronics/stm32cube/stm32cubeide_1.12.1/stm32cubeide/plugins/com.st.stm32cube.ide.mcu.externaltools.gnu-tools-for-stm32.10.3-2021.10.win32_1.0.200.202301161003/tools/bin/../lib/gcc/arm-none-eabi/10.3.1/../../../../arm-none-eabi/lib/thumb/v7-m/nofp\libc_nano.a(lib_a-closer.o)
                0x000000000800c204                _close_r
 .text._fstat_r
                0x000000000800c224       0x24 c:/program files/stmicroelectronics/stm32cube/stm32cubeide_1.12.1/stm32cubeide/plugins/com.st.stm32cube.ide.mcu.externaltools.gnu-tools-for-stm32.10.3-2021.10.win32_1.0.200.202301161003/tools/bin/../lib/gcc/arm-none-eabi/10.3.1/../../../../arm-none-eabi/lib/thumb/v7-m/nofp\libc_nano.a(lib_a-fstatr.o)
                0x000000000800c224                _fstat_r
 .text._isatty_r
                0x000000000800c248       0x20 c:/program files/stmicroelectronics/stm32cube/stm32cubeide_1.12.1/stm32cubeide/plugins/com.st.stm32cube.ide.mcu.externaltools.gnu-tools-for-stm32.10.3-2021.10.win32_1.0.200.202301161003/tools/bin/../lib/gcc/arm-none-eabi/10.3.1/../../../../arm-none-eabi/lib/thumb/v7-m/nofp\libc_nano.a(lib_a-isattyr.o)
                0x000000000800c248                _isatty_r
 .text._lseek_r
                0x000000000800c268       0x24 c:/program files/stmicroelectronics/stm32cube/stm32cubeide_1.12.1/stm32cubeide/plugins/com.st.stm32cube.ide.mcu.externaltools.gnu-tools-for-stm32.10.3-2021.10.win32_1.0.200.202301161003/tools/bin/../lib/gcc/arm-none-eabi/10.3.1/../../../../arm-none-eabi/lib/thumb/v7-m/nofp\libc_nano.a(lib_a-lseekr.o)
                0x000000000800c268                _lseek_r
 .text._malloc_usable_size_r
                0x000000000800c28c       0x10 c:/program files/stmicroelectronics/stm32cube/stm32cubeide_1.12.1/stm32cubeide/plugins/com.st.stm32cube.ide.mcu.externaltools.gnu-tools-for-stm32.10.3-2021.10.win32_1.0.200.202301161003/tools/bin/../lib/gcc/arm-none-eabi/10.3.1/../../../../arm-none-eabi/lib/thumb/v7-m/nofp\libc_nano.a(lib_a-nano-msizer.o)
                0x000000000800c28c                _malloc_usable_size_r
 .text._read_r  0x000000000800c29c       0x24 c:/program files/stmicroelectronics/stm32cube/stm32cubeide_1.12.1/stm32cubeide/plugins/com.st.stm32cube.ide.mcu.externaltools.gnu-tools-for-stm32.10.3-2021.10.win32_1.0.200.202301161003/tools/bin/../lib/gcc/arm-none-eabi/10.3.1/../../../../arm-none-eabi/lib/thumb/v7-m/nofp\libc_nano.a(lib_a-readr.o)
                0x000000000800c29c                _read_r
 *(.glue_7)
 .glue_7        0x000000000800c2c0        0x0 linker stubs
 *(.glue_7t)
 .glue_7t       0x000000000800c2c0        0x0 linker stubs
 *(.eh_frame)
 .eh_frame      0x000000000800c2c0        0x0 c:/program files/stmicroelectronics/stm32cube/stm32cubeide_1.12.1/stm32cubeide/plugins/com.st.stm32cube.ide.mcu.externaltools.gnu-tools-for-stm32.10.3-2021.10.win32_1.0.200.202301161003/tools/bin/../lib/gcc/arm-none-eabi/10.3.1/thumb/v7-m/nofp/crtbegin.o
 *(.init)
 .init          0x000000000800c2c0        0x4 c:/program files/stmicroelectronics/stm32cube/stm32cubeide_1.12.1/stm32cubeide/plugins/com.st.stm32cube.ide.mcu.externaltools.gnu-tools-for-stm32.10.3-2021.10.win32_1.0.200.202301161003/tools/bin/../lib/gcc/arm-none-eabi/10.3.1/thumb/v7-m/nofp/crti.o
                0x000000000800c2c0                _init
 .init          0x000000000800c2c4        0x8 c:/program files/stmicroelectronics/stm32cube/stm32cubeide_1.12.1/stm32cubeide/plugins/com.st.stm32cube.ide.mcu.externaltools.gnu-tools-for-stm32.10.3-2021.10.win32_1.0.200.202301161003/tools/bin/../lib/gcc/arm-none-eabi/10.3.1/thumb/v7-m/nofp/crtn.o
 *(.fini)
 .fini          0x000000000800c2cc        0x4 c:/program files/stmicroelectronics/stm32cube/stm32cubeide_1.12.1/stm32cubeide/plugins/com.st.stm32cube.ide.mcu.externaltools.gnu-tools-for-stm32.10.3-2021.10.win32_1.0.200.202301161003/tools/bin/../lib/gcc/arm-none-eabi/10.3.1/thumb/v7-m/nofp/crti.o
                0x000000000800c2cc                _fini
 .fini          0x000000000800c2d0        0x8 c:/program files/stmicroelectronics/stm32cube/stm32cubeide_1.12.1/stm32cubeide/plugins/com.st.stm32cube.ide.mcu.externaltools.gnu-tools-for-stm32.10.3-2021.10.win32_1.0.200.202301161003/tools/bin/../lib/gcc/arm-none-eabi/10.3.1/thumb/v7-m/nofp/crtn.o
                0x000000000800c2d8                . = ALIGN (0x4)
                0x000000000800c2d8                _etext = .

.vfp11_veneer   0x000000000800c2d8        0x0
 .vfp11_veneer  0x000000000800c2d8        0x0 linker stubs

.v4_bx          0x000000000800c2d8        0x0
 .v4_bx         0x000000000800c2d8        0x0 linker stubs

.iplt           0x000000000800c2d8        0x0
 .iplt          0x000000000800c2d8        0x0 c:/program files/stmicroelectronics/stm32cube/stm32cubeide_1.12.1/stm32cubeide/plugins/com.st.stm32cube.ide.mcu.externaltools.gnu-tools-for-stm32.10.3-2021.10.win32_1.0.200.202301161003/tools/bin/../lib/gcc/arm-none-eabi/10.3.1/thumb/v7-m/nofp/crtbegin.o

.rodata         0x000000000800c2d8      0x924
                0x000000000800c2d8                . = ALIGN (0x4)
 *(.rodata)
 .rodata        0x000000000800c2d8        0x7 ./Core/Src/aht20.o
 *fill*         0x000000000800c2df        0x1 
 .rodata        0x000000000800c2e0       0x10 ./Core/Src/common.o
 .rodata        0x000000000800c2f0      0x21f ./Core/Src/main.o
 *fill*         0x000000000800c50f        0x1 
 .rodata        0x000000000800c510       0xcd ./Core/Src/sx1278.o
 *(.rodata*)
 *fill*         0x000000000800c5dd        0x3 
 .rodata.table_crc_hi
                0x000000000800c5e0      0x100 ./Core/Src/modbus_crc.o
 .rodata.table_crc_lo
                0x000000000800c6e0      0x100 ./Core/Src/modbus_crc.o
 .rodata.AHBPrescTable
                0x000000000800c7e0       0x10 ./Core/Src/system_stm32f1xx.o
                0x000000000800c7e0                AHBPrescTable
 .rodata.APBPrescTable
                0x000000000800c7f0        0x8 ./Core/Src/system_stm32f1xx.o
                0x000000000800c7f0                APBPrescTable
 .rodata.aPLLMULFactorTable.1
                0x000000000800c7f8       0x10 ./Drivers/STM32F1xx_HAL_Driver/Src/stm32f1xx_hal_rcc.o
 .rodata.aPredivFactorTable.0
                0x000000000800c808        0x2 ./Drivers/STM32F1xx_HAL_Driver/Src/stm32f1xx_hal_rcc.o
 *fill*         0x000000000800c80a        0x2 
 .rodata.aPLLMULFactorTable.1
                0x000000000800c80c       0x10 ./Drivers/STM32F1xx_HAL_Driver/Src/stm32f1xx_hal_rcc_ex.o
 .rodata.aPredivFactorTable.0
                0x000000000800c81c        0x2 ./Drivers/STM32F1xx_HAL_Driver/Src/stm32f1xx_hal_rcc_ex.o
 *fill*         0x000000000800c81e        0x2 
 .rodata._global_impure_ptr
                0x000000000800c820        0x4 c:/program files/stmicroelectronics/stm32cube/stm32cubeide_1.12.1/stm32cubeide/plugins/com.st.stm32cube.ide.mcu.externaltools.gnu-tools-for-stm32.10.3-2021.10.win32_1.0.200.202301161003/tools/bin/../lib/gcc/arm-none-eabi/10.3.1/../../../../arm-none-eabi/lib/thumb/v7-m/nofp\libc_nano.a(lib_a-impure.o)
                0x000000000800c820                _global_impure_ptr
 .rodata._printf_float.str1.1
                0x000000000800c824       0x12 c:/program files/stmicroelectronics/stm32cube/stm32cubeide_1.12.1/stm32cubeide/plugins/com.st.stm32cube.ide.mcu.externaltools.gnu-tools-for-stm32.10.3-2021.10.win32_1.0.200.202301161003/tools/bin/../lib/gcc/arm-none-eabi/10.3.1/../../../../arm-none-eabi/lib/thumb/v7-m/nofp\libc_nano.a(lib_a-nano-vfprintf_float.o)
 .rodata._printf_i.str1.1
                0x000000000800c836       0x22 c:/program files/stmicroelectronics/stm32cube/stm32cubeide_1.12.1/stm32cubeide/plugins/com.st.stm32cube.ide.mcu.externaltools.gnu-tools-for-stm32.10.3-2021.10.win32_1.0.200.202301161003/tools/bin/../lib/gcc/arm-none-eabi/10.3.1/../../../../arm-none-eabi/lib/thumb/v7-m/nofp\libc_nano.a(lib_a-nano-vfprintf_i.o)
 .rodata.__assert_func.str1.1
                0x000000000800c858       0x3c c:/program files/stmicroelectronics/stm32cube/stm32cubeide_1.12.1/stm32cubeide/plugins/com.st.stm32cube.ide.mcu.externaltools.gnu-tools-for-stm32.10.3-2021.10.win32_1.0.200.202301161003/tools/bin/../lib/gcc/arm-none-eabi/10.3.1/../../../../arm-none-eabi/lib/thumb/v7-m/nofp\libc_nano.a(lib_a-assert.o)
                                         0x3d (size before relaxing)
 .rodata._dtoa_r.str1.1
                0x000000000800c894       0x90 c:/program files/stmicroelectronics/stm32cube/stm32cubeide_1.12.1/stm32cubeide/plugins/com.st.stm32cube.ide.mcu.externaltools.gnu-tools-for-stm32.10.3-2021.10.win32_1.0.200.202301161003/tools/bin/../lib/gcc/arm-none-eabi/10.3.1/../../../../arm-none-eabi/lib/thumb/v7-m/nofp\libc_nano.a(lib_a-dtoa.o)
                                         0x92 (size before relaxing)
 .rodata._Balloc.str1.1
                0x000000000800c924       0x5c c:/program files/stmicroelectronics/stm32cube/stm32cubeide_1.12.1/stm32cubeide/plugins/com.st.stm32cube.ide.mcu.externaltools.gnu-tools-for-stm32.10.3-2021.10.win32_1.0.200.202301161003/tools/bin/../lib/gcc/arm-none-eabi/10.3.1/../../../../arm-none-eabi/lib/thumb/v7-m/nofp\libc_nano.a(lib_a-mprec.o)
                                         0x73 (size before relaxing)
 .rodata.__multadd.str1.1
                0x000000000800c980       0x11 c:/program files/stmicroelectronics/stm32cube/stm32cubeide_1.12.1/stm32cubeide/plugins/com.st.stm32cube.ide.mcu.externaltools.gnu-tools-for-stm32.10.3-2021.10.win32_1.0.200.202301161003/tools/bin/../lib/gcc/arm-none-eabi/10.3.1/../../../../arm-none-eabi/lib/thumb/v7-m/nofp\libc_nano.a(lib_a-mprec.o)
 .rodata.__mprec_bigtens
                0x000000000800c980       0x28 c:/program files/stmicroelectronics/stm32cube/stm32cubeide_1.12.1/stm32cubeide/plugins/com.st.stm32cube.ide.mcu.externaltools.gnu-tools-for-stm32.10.3-2021.10.win32_1.0.200.202301161003/tools/bin/../lib/gcc/arm-none-eabi/10.3.1/../../../../arm-none-eabi/lib/thumb/v7-m/nofp\libc_nano.a(lib_a-mprec.o)
                0x000000000800c980                __mprec_bigtens
 .rodata.__mprec_tens