../Core/Src/main.c:264:6:modbus_tx_data	24	static
../Core/Src/main.c:322:6:modbus_tx_set_address	16	static
../Core/Src/main.c:354:5:main	32	static
../Core/Src/main.c:497:6:SystemClock_Config	88	static
../Core/Src/main.c:540:6:HAL_UARTEx_RxEventCallback	16	static
../Core/Src/main.c:548:6:read_ADC	16	static
../Core/Src/main.c:568:6:read_wind_sensor	8	static
../Core/Src/main.c:591:6:read_AHT20	8	static
../Core/Src/main.c:602:6:goingDark	24	static,ignoring_inline_asm
../Core/Src/main.c:662:6:is_OK_2_Talk	16	static
../Core/Src/main.c:686:6:Link_Mode_Handle	24	static
../Core/Src/main.c:729:6:Normal_Mode_Handle	40	static
../Core/Src/main.c:791:6:Retry_Mode_Handle	8	static
../Core/Src/main.c:823:6:Response_Handle	24	static
../Core/Src/main.c:907:6:Node_ID_inNetwork	32	static
../Core/Src/main.c:922:6:LoRa_Packet_Parser_Mesh	96	static
../Core/Src/main.c:1071:6:Normal_Mode_Mesh_Handle	16	static
../Core/Src/main.c:1100:6:LoRa_Recv_Node	32	static
../Core/Src/main.c:1155:6:HAL_GPIO_EXTI_Callback	16	static
../Core/Src/main.c:1163:6:HAL_RTCEx_RTCEventCallback	16	static
../Core/Src/main.c:1174:6:Error_Handler	4	static,ignoring_inline_asm
