../Core/Src/sx1278.c:31:9:sx1278_read_reg	24	static
../Core/Src/sx1278.c:44:6:sx1278_write_reg	24	static
../Core/Src/sx1278.c:55:6:sx1278_reset	8	static
../Core/Src/sx1278.c:64:6:sx1278_sleep	8	static
../Core/Src/sx1278.c:69:6:sx1278_standby	8	static
../Core/Src/sx1278.c:74:6:sx1278_rx_contiuous	8	static
../Core/Src/sx1278.c:79:6:sx1278_rx_single	8	static
../Core/Src/sx1278.c:84:6:sx1278_tx	8	static
../Core/Src/sx1278.c:89:6:sx1278_cad	8	static
../Core/Src/sx1278.c:95:6:sx1278_set_tx_power	16	static
../Core/Src/sx1278.c:106:6:sx1278_set_LNA_gain	16	static
../Core/Src/sx1278.c:125:6:sx1278_set_freq	24	static
../Core/Src/sx1278.c:133:6:sx1278_set_bandwidth	24	static
../Core/Src/sx1278.c:159:6:sx1278_set_sf	16	static
../Core/Src/sx1278.c:180:6:sx1278_set_cr	16	static
../Core/Src/sx1278.c:192:6:sx1278_set_header	16	static
../Core/Src/sx1278.c:203:6:sx1278_set_crc	16	static
../Core/Src/sx1278.c:211:6:sx1278_set_preamble	16	static
../Core/Src/sx1278.c:217:5:sx1278_get_rssi	8	static
../Core/Src/sx1278.c:222:7:sx1278_get_snr	8	static
../Core/Src/sx1278.c:227:6:sx1278_set_irq	16	static
../Core/Src/sx1278.c:232:6:sx1278_init	8	static
../Core/Src/sx1278.c:254:6:sx1278_send_data	24	static
../Core/Src/sx1278.c:281:6:sx1278_start_recv_data	8	static
../Core/Src/sx1278.c:290:14:parse_packet	16	static
../Core/Src/sx1278.c:305:14:sx1278_recv_data	40	static
../Core/Src/sx1278.c:341:5:get_random_value	24	static
../Core/Src/sx1278.c:347:6:is_Node_ID_inNetwork	32	static
../Core/Src/sx1278.c:360:9:get_crc_value	24	static
../Core/Src/sx1278.c:376:6:listen_before_talk	4	static
../Core/Src/sx1278.c:413:6:send_respond	56	static
