Component: ARM Compiler 5.06 update 6 (build 750) Tool: armlink [4d35ed]

==============================================================================

Section Cross References

    startup_stm32f103xb.o(STACK) refers (Special) to heapauxi.o(.text) for __use_two_region_memory
    startup_stm32f103xb.o(HEAP) refers (Special) to heapauxi.o(.text) for __use_two_region_memory
    startup_stm32f103xb.o(RESET) refers (Special) to heapauxi.o(.text) for __use_two_region_memory
    startup_stm32f103xb.o(RESET) refers to startup_stm32f103xb.o(STACK) for __initial_sp
    startup_stm32f103xb.o(RESET) refers to startup_stm32f103xb.o(.text) for Reset_Handler
    startup_stm32f103xb.o(RESET) refers to stm32f1xx_it.o(i.NMI_Handler) for NMI_Handler
    startup_stm32f103xb.o(RESET) refers to stm32f1xx_it.o(i.HardFault_Handler) for HardFault_Handler
    startup_stm32f103xb.o(RESET) refers to stm32f1xx_it.o(i.MemManage_Handler) for MemManage_Handler
    startup_stm32f103xb.o(RESET) refers to stm32f1xx_it.o(i.BusFault_Handler) for BusFault_Handler
    startup_stm32f103xb.o(RESET) refers to stm32f1xx_it.o(i.UsageFault_Handler) for UsageFault_Handler
    startup_stm32f103xb.o(RESET) refers to stm32f1xx_it.o(i.SVC_Handler) for SVC_Handler
    startup_stm32f103xb.o(RESET) refers to stm32f1xx_it.o(i.DebugMon_Handler) for DebugMon_Handler
    startup_stm32f103xb.o(RESET) refers to stm32f1xx_it.o(i.PendSV_Handler) for PendSV_Handler
    startup_stm32f103xb.o(RESET) refers to stm32f1xx_it.o(i.SysTick_Handler) for SysTick_Handler
    startup_stm32f103xb.o(RESET) refers to stm32f1xx_it.o(i.RTC_IRQHandler) for RTC_IRQHandler
    startup_stm32f103xb.o(RESET) refers to stm32f1xx_it.o(i.EXTI1_IRQHandler) for EXTI1_IRQHandler
    startup_stm32f103xb.o(RESET) refers to stm32f1xx_it.o(i.DMA1_Channel1_IRQHandler) for DMA1_Channel1_IRQHandler
    startup_stm32f103xb.o(RESET) refers to stm32f1xx_it.o(i.USART1_IRQHandler) for USART1_IRQHandler
    startup_stm32f103xb.o(.text) refers (Special) to heapauxi.o(.text) for __use_two_region_memory
    startup_stm32f103xb.o(.text) refers to system_stm32f1xx.o(i.SystemInit) for SystemInit
    startup_stm32f103xb.o(.text) refers to __main.o(!!!main) for __main
    startup_stm32f103xb.o(.text) refers to startup_stm32f103xb.o(HEAP) for Heap_Mem
    startup_stm32f103xb.o(.text) refers to startup_stm32f103xb.o(STACK) for Stack_Mem
    sx1278.o(i.get_random_value) refers to rand.o(.text) for srand
    sx1278.o(i.get_random_value) refers to rand.o(.emb_text) for rand
    sx1278.o(i.send_respond) refers to _printf_percent.o(.ARM.Collect$$_printf_percent$$00000000) for _printf_percent
    sx1278.o(i.send_respond) refers to _printf_d.o(.ARM.Collect$$_printf_percent$$00000009) for _printf_d
    sx1278.o(i.send_respond) refers to _printf_s.o(.ARM.Collect$$_printf_percent$$00000014) for _printf_s
    sx1278.o(i.send_respond) refers to _printf_dec.o(.text) for _printf_int_dec
    sx1278.o(i.send_respond) refers to _printf_str.o(.text) for _printf_str
    sx1278.o(i.send_respond) refers to strlen.o(.text) for strlen
    sx1278.o(i.send_respond) refers to rt_memclr.o(.text) for __aeabi_memclr
    sx1278.o(i.send_respond) refers to noretval__2sprintf.o(.text) for __2sprintf
    sx1278.o(i.send_respond) refers to sx1278.o(i.get_crc_value) for get_crc_value
    sx1278.o(i.send_respond) refers to sx1278.o(i.sx1278_send_data) for sx1278_send_data
    sx1278.o(i.sx1278_cad) refers to sx1278.o(i.sx1278_set_irq) for sx1278_set_irq
    sx1278.o(i.sx1278_cad) refers to sx1278.o(i.sx1278_write_reg) for sx1278_write_reg
    sx1278.o(i.sx1278_get_rssi) refers to sx1278.o(i.sx1278_read_reg) for sx1278_read_reg
    sx1278.o(i.sx1278_get_snr) refers to sx1278.o(i.sx1278_read_reg) for sx1278_read_reg
    sx1278.o(i.sx1278_get_snr) refers to dflt_clz.o(x$fpl$dflt) for __aeabi_i2d
    sx1278.o(i.sx1278_get_snr) refers to scalbn.o(x$fpl$scalbn) for __ARM_scalbn
    sx1278.o(i.sx1278_get_snr) refers to d2f.o(x$fpl$d2f) for __aeabi_d2f
    sx1278.o(i.sx1278_init) refers to sx1278.o(i.sx1278_reset) for sx1278_reset
    sx1278.o(i.sx1278_init) refers to sx1278.o(i.sx1278_read_reg) for sx1278_read_reg
    sx1278.o(i.sx1278_init) refers to sx1278.o(i.sx1278_sleep) for sx1278_sleep
    sx1278.o(i.sx1278_init) refers to sx1278.o(i.sx1278_write_reg) for sx1278_write_reg
    sx1278.o(i.sx1278_init) refers to sx1278.o(i.sx1278_set_LNA_gain) for sx1278_set_LNA_gain
    sx1278.o(i.sx1278_init) refers to sx1278.o(i.sx1278_set_tx_power) for sx1278_set_tx_power
    sx1278.o(i.sx1278_init) refers to sx1278.o(i.sx1278_set_freq) for sx1278_set_freq
    sx1278.o(i.sx1278_init) refers to sx1278.o(i.sx1278_set_bandwidth) for sx1278_set_bandwidth
    sx1278.o(i.sx1278_init) refers to sx1278.o(i.sx1278_set_sf) for sx1278_set_sf
    sx1278.o(i.sx1278_init) refers to sx1278.o(i.sx1278_set_cr) for sx1278_set_cr
    sx1278.o(i.sx1278_init) refers to sx1278.o(i.sx1278_set_preamble) for sx1278_set_preamble
[...]
    ddiv_entry                               0x08005483   Thumb Code     0  ddiv.o(x$fpl$ddiv)
    x$fpl$dfixu                              0x0800572c   Section       90  dfixu.o(x$fpl$dfixu)
    x$fpl$dflt                               0x08005786   Section       46  dflt_clz.o(x$fpl$dflt)
    x$fpl$dfltu                              0x080057b4   Section       38  dflt_clz.o(x$fpl$dfltu)
    x$fpl$dmul                               0x080057dc   Section      340  dmul.o(x$fpl$dmul)
    x$fpl$dnaninf                            0x08005930   Section      156  dnaninf.o(x$fpl$dnaninf)
    x$fpl$dretinf                            0x080059cc   Section       12  dretinf.o(x$fpl$dretinf)
    x$fpl$dsub                               0x080059d8   Section      468  daddsub_clz.o(x$fpl$dsub)
    _dsub1                                   0x080059e9   Thumb Code     0  daddsub_clz.o(x$fpl$dsub)
    x$fpl$f2d                                0x08005bac   Section       86  f2d.o(x$fpl$f2d)
    x$fpl$fadd                               0x08005c04   Section      196  faddsub_clz.o(x$fpl$fadd)
    _fadd1                                   0x08005c13   Thumb Code     0  faddsub_clz.o(x$fpl$fadd)
    x$fpl$fcheck1                            0x08005cc8   Section       12  fcheck1.o(x$fpl$fcheck1)
    x$fpl$fdiv                               0x08005cd4   Section      388  fdiv.o(x$fpl$fdiv)
    _fdiv1                                   0x08005cd5   Thumb Code     0  fdiv.o(x$fpl$fdiv)
    x$fpl$ffixu                              0x08005e58   Section       62  ffixu.o(x$fpl$ffixu)
    x$fpl$ffltu                              0x08005e98   Section       38  fflt_clz.o(x$fpl$ffltu)
    x$fpl$fmul                               0x08005ec0   Section      258  fmul.o(x$fpl$fmul)
    x$fpl$fnaninf                            0x08005fc2   Section      140  fnaninf.o(x$fpl$fnaninf)
    x$fpl$fretinf                            0x0800604e   Section       10  fretinf.o(x$fpl$fretinf)
    x$fpl$fsub                               0x08006058   Section      234  faddsub_clz.o(x$fpl$fsub)
    _fsub1                                   0x08006067   Thumb Code     0  faddsub_clz.o(x$fpl$fsub)
    x$fpl$retnan                             0x08006142   Section      100  retnan.o(x$fpl$retnan)
    x$fpl$scalbn                             0x080061a6   Section       92  scalbn.o(x$fpl$scalbn)
    x$fpl$scalbnf                            0x08006202   Section       76  scalbnf.o(x$fpl$scalbnf)
    x$fpl$trapveneer                         0x0800624e   Section       48  trapv.o(x$fpl$trapveneer)
    .constdata                               0x0800627e   Section      512  modbus_crc.o(.constdata)
    x$fpl$usenofp                            0x0800627e   Section        0  usenofp.o(x$fpl$usenofp)
    table_crc_hi                             0x0800627e   Data         256  modbus_crc.o(.constdata)
    table_crc_lo                             0x0800637e   Data         256  modbus_crc.o(.constdata)
    .constdata                               0x0800647e   Section       18  stm32f1xx_hal_rcc.o(.constdata)
    aPredivFactorTable                       0x0800647e   Data           2  stm32f1xx_hal_rcc.o(.constdata)
    aPLLMULFactorTable                       0x08006480   Data          16  stm32f1xx_hal_rcc.o(.constdata)
    .constdata                               0x08006490   Section       18  stm32f1xx_hal_rcc_ex.o(.constdata)
    aPredivFactorTable                       0x08006490   Data           2  stm32f1xx_hal_rcc_ex.o(.constdata)
    aPLLMULFactorTable                       0x08006492   Data          16  stm32f1xx_hal_rcc_ex.o(.constdata)
    .constdata                               0x080064a2   Section       16  system_stm32f1xx.o(.constdata)
    .constdata                               0x080064b2   Section        8  system_stm32f1xx.o(.constdata)
    .conststring                             0x080064bc   Section        7  sx1278.o(.conststring)
    .data                                    0x20000000   Section        8  sx1278.o(.data)
    TAG                                      0x20000004   Data           4  sx1278.o(.data)
    .data                                    0x20000008   Section       80  main.o(.data)
    is_LoRa_EXTI                             0x20000008   Data           1  main.o(.data)
    nTry                                     0x20000009   Data           1  main.o(.data)
    myStatus                                 0x2000000a   Data           1  main.o(.data)
    nByteRx                                  0x20000010   Data           4  main.o(.data)
    rssi                                     0x20000014   Data           4  main.o(.data)
    snr                                      0x20000018   Data           4  main.o(.data)
    myAHT                                    0x20000040   Data           8  main.o(.data)
    .data                                    0x20000058   Section       12  stm32f1xx_hal.o(.data)
    .data                                    0x20000064   Section        4  system_stm32f1xx.o(.data)
    .bss                                     0x20000068   Section       16  flash.o(.bss)
    EraseInitStruct                          0x20000068   Data          16  flash.o(.bss)
    .bss                                     0x20000078   Section      279  main.o(.bss)
    payload                                  0x20000078   Data         100  main.o(.bss)
    array2store                              0x200000dc   Data          32  main.o(.bss)
    resp                                     0x200000fc   Data          10  main.o(.bss)
    data                                     0x20000106   Data         100  main.o(.bss)
    myWind                                   0x2000016c   Data          20  main.o(.bss)
    .bss                                     0x20000190   Section      116  adc.o(.bss)
    .bss                                     0x20000204   Section       84  i2c.o(.bss)
    .bss                                     0x20000258   Section       20  rtc.o(.bss)
    .bss                                     0x2000026c   Section       88  spi.o(.bss)
    .bss                                     0x200002c4   Section       72  tim.o(.bss)
    .bss                                     0x2000030c   Section      216  usart.o(.bss)
    .bss                                     0x200003e8   Section       32  stm32f1xx_hal_flash.o(.bss)
    .bss                                     0x20000408   Section       96  libspace.o(.bss)
    HEAP                                     0x20000468   Section      512  startup_stm32f103xb.o(HEAP)
    Heap_Mem                                 0x20000468   Data         512  startup_stm32f103xb.o(HEAP)
    STACK                                    0x20000668   Section     1024  startup_stm32f103xb.o(STACK)
    Stack_Mem                                0x20000668   Data        1024  startup_stm32f103xb.o(STACK)
    __initial_sp                             0x20000a68   Data           0  startup_stm32f103xb.o(STACK)

    Global Symbols

    Symbol Name                              Value     Ov Type        Size  Object(Section)

    BuildAttributes$$THM_ISAv4$P$D$K$B$S$PE$A:L22UL41UL21$X:L11$S22US41US21$IEEE1$IW$USESV6$~STKCKD$USESV7$~SHL$OSPACE$ROPI$EBA8$UX$STANDARDLIB$REQ8$PRES8$EABIv2 0x00000000   Number         0  anon$$obj.o ABSOLUTE
    __ARM_use_no_argv                        0x00000000   Number         0  main.o ABSOLUTE
    __ARM_exceptions_init                     - Undefined Weak Reference
    __alloca_initialize                       - Undefined Weak Reference
    __arm_preinit_                            - Undefined Weak Reference
    __cpp_initialize__aeabi_                  - Undefined Weak Reference
    __cxa_finalize                            - Undefined Weak Reference
    __rt_locale                               - Undefined Weak Reference
    __sigvec_lookup                           - Undefined Weak Reference
    _atexit_init                              - Undefined Weak Reference
    _call_atexit_fns                          - Undefined Weak Reference
    _clock_init                               - Undefined Weak Reference
    _fp_trap_init                             - Undefined Weak Reference
    _fp_trap_shutdown                         - Undefined Weak Reference
    _get_lc_collate                           - Undefined Weak Reference
    _get_lc_ctype                             - Undefined Weak Reference
    _get_lc_monetary                          - Undefined Weak Reference
    _get_lc_numeric                           - Undefined Weak Reference
    _get_lc_time                              - Undefined Weak Reference
    _getenv_init                              - Undefined Weak Reference
    _handle_redirection                       - Undefined Weak Reference
    _init_alloc                               - Undefined Weak Reference
    _init_user_alloc                          - Undefined Weak Reference
    _initio                                   - Undefined Weak Reference
    _printf_mbtowc                            - Undefined Weak Reference
    _printf_post_padding                      - Undefined Weak Reference
    _printf_pre_padding                       - Undefined Weak Reference
    _printf_truncate_signed                   - Undefined Weak Reference
    _printf_truncate_unsigned                 - Undefined Weak Reference
    _signal_finish                            - Undefined Weak Reference
    _signal_init                              - Undefined Weak Reference
    _terminate_alloc                          - Undefined Weak Reference
    _terminate_user_alloc                     - Undefined Weak Reference
    _terminateio                              - Undefined Weak Reference
    __Vectors_Size                           0x000000ec   Number         0  startup_stm32f103xb.o ABSOLUTE
    __Vectors                                0x08000000   Data           4  startup_stm32f103xb.o(RESET)
    __Vectors_End                            0x080000ec   Data           0  startup_stm32f103xb.o(RESET)
    __main                                   0x080000ed   Thumb Code     8  __main.o(!!!main)
    __scatterload                            0x080000f5   Thumb Code     0  __scatter.o(!!!scatter)
    __scatterload_rt2                        0x080000f5   Thumb Code    44  __scatter.o(!!!scatter)
    __scatterload_rt2_thumb_only             0x080000f5   Thumb Code     0  __scatter.o(!!!scatter)
    __scatterload_null                       0x08000103   Thumb Code     0  __scatter.o(!!!scatter)
    __scatterload_copy                       0x08000129   Thumb Code    26  __scatter_copy.o(!!handler_copy)
    __scatterload_zeroinit                   0x08000145   Thumb Code    28  __scatter_zi.o(!!handler_zi)
    _printf_percent                          0x08000161   Thumb Code     0  _printf_percent.o(.ARM.Collect$$_printf_percent$$00000000)
    _printf_s                                0x08000161   Thumb Code     0  _printf_s.o(.ARM.Collect$$_printf_percent$$00000014)
    _printf_percent_end                      0x08000167   Thumb Code     0  _printf_percent_end.o(.ARM.Collect$$_printf_percent$$00000017)
    __rt_lib_init                            0x0800016b   Thumb Code     0  libinit.o(.ARM.Collect$$libinit$$00000000)
    __rt_lib_init_alloca_1                   0x0800016d   Thumb Code     0  libinit2.o(.ARM.Collect$$libinit$$0000002E)
    __rt_lib_init_argv_1                     0x0800016d   Thumb Code     0  libinit2.o(.ARM.Collect$$libinit$$0000002C)
    __rt_lib_init_atexit_1                   0x0800016d   Thumb Code     0  libinit2.o(.ARM.Collect$$libinit$$0000001B)
    __rt_lib_init_clock_1                    0x0800016d   Thumb Code     0  libinit2.o(.ARM.Collect$$libinit$$00000021)
    __rt_lib_init_cpp_1                      0x0800016d   Thumb Code     0  libinit2.o(.ARM.Collect$$libinit$$00000032)
    __rt_lib_init_exceptions_1               0x0800016d   Thumb Code     0  libinit2.o(.ARM.Collect$$libinit$$00000030)
    __rt_lib_init_fp_1                       0x0800016d   Thumb Code     0  libinit2.o(.ARM.Collect$$libinit$$00000002)
    __rt_lib_init_fp_trap_1                  0x0800016d   Thumb Code     0  libinit2.o(.ARM.Collect$$libinit$$0000001F)
    __rt_lib_init_getenv_1                   0x0800016d   Thumb Code     0  libinit2.o(.ARM.Collect$$libinit$$00000023)
    __rt_lib_init_heap_1                     0x0800016d   Thumb Code     0  libinit2.o(.ARM.Collect$$libinit$$0000000A)
    __rt_lib_init_lc_collate_1               0x0800016d   Thumb Code     0  libinit2.o(.ARM.Collect$$libinit$$00000011)
    __rt_lib_init_lc_ctype_1                 0x0800016d   Thumb Code     0  libinit2.o(.ARM.Collect$$libinit$$00000013)
    __rt_lib_init_lc_monetary_1              0x0800016d   Thumb Code     0  libinit2.o(.ARM.Collect$$libinit$$00000015)
    __rt_lib_init_lc_numeric_1               0x0800016d   Thumb Code     0  libinit2.o(.ARM.Collect$$libinit$$00000017)
    __rt_lib_init_lc_time_1                  0x0800016d   Thumb Code     0  libinit2.o(.ARM.Collect$$libinit$$00000019)
    __rt_lib_init_preinit_1                  0x0800016d   Thumb Code     0  libinit2.o(.ARM.Collect$$libinit$$00000004)
    __rt_lib_init_rand_1                     0x0800016d   Thumb Code     0  libinit2.o(.ARM.Collect$$libinit$$0000000E)
    __rt_lib_init_return                     0x0800016d   Thumb Code     0  libinit2.o(.ARM.Collect$$libinit$$00000033)
    __rt_lib_init_signal_1                   0x0800016d   Thumb Code     0  libinit2.o(.ARM.Collect$$libinit$$0000001D)
    __rt_lib_init_stdio_1                    0x0800016d   Thumb Code     0  libinit2.o(.ARM.Collect$$libinit$$00000025)
    __rt_lib_init_user_alloc_1               0x0800016d   Thumb Code     0  libinit2.o(.ARM.Collect$$libinit$$0000000C)
    __rt_lib_shutdown                        0x0800016f   Thumb Code     0  libshutdown.o(.ARM.Collect$$libshutdown$$00000000)
    __rt_lib_shutdown_cpp_1                  0x08000171   Thumb Code     0  libshutdown2.o(.ARM.Collect$$libshutdown$$00000002)
    __rt_lib_shutdown_fp_trap_1              0x08000171   Thumb Code     0  libshutdown2.o(.ARM.Collect$$libshutdown$$00000007)
    __rt_lib_shutdown_heap_1                 0x08000171   Thumb Code     0  libshutdown2.o(.ARM.Collect$$libshutdown$$0000000F)
    __rt_lib_shutdown_return                 0x08000171   Thumb Code     0  libshutdown2.o(.ARM.Collect$$libshutdown$$00000010)
    __rt_lib_shutdown_signal_1               0x08000171   Thumb Code     0  libshutdown2.o(.ARM.Collect$$libshutdown$$0000000A)
    __rt_lib_shutdown_stdio_1                0x08000171   Thumb Code     0  libshutdown2.o(.ARM.Collect$$libshutdown$$00000004)
    __rt_lib_shutdown_user_alloc_1           0x08000171   Thumb Code     0  libshutdown2.o(.ARM.Collect$$libshutdown$$0000000C)
    __rt_entry                               0x08000173   Thumb Code     0  __rtentry.o(.ARM.Collect$$rtentry$$00000000)
    __rt_entry_presh_1                       0x08000173   Thumb Code     0  __rtentry2.o(.ARM.Collect$$rtentry$$00000002)
    __rt_entry_sh                            0x08000173   Thumb Code     0  __rtentry4.o(.ARM.Collect$$rtentry$$00000004)
    __rt_entry_li                            0x08000179   Thumb Code     0  __rtentry2.o(.ARM.Collect$$rtentry$$0000000A)
    __rt_entry_postsh_1                      0x08000179   Thumb Code     0  __rtentry2.o(.ARM.Collect$$rtentry$$00000009)
    __rt_entry_main                          0x0800017d   Thumb Code     0  __rtentry2.o(.ARM.Collect$$rtentry$$0000000D)
    __rt_entry_postli_1                      0x0800017d   Thumb Code     0  __rtentry2.o(.ARM.Collect$$rtentry$$0000000C)
    __rt_exit                                0x08000185   Thumb Code     0  rtexit.o(.ARM.Collect$$rtexit$$00000000)
    __rt_exit_ls                             0x08000187   Thumb Code     0  rtexit2.o(.ARM.Collect$$rtexit$$00000003)
    __rt_exit_prels_1                        0x08000187   Thumb Code     0  rtexit2.o(.ARM.Collect$$rtexit$$00000002)
    __rt_exit_exit                           0x0800018b   Thumb Code     0  rtexit2.o(.ARM.Collect$$rtexit$$00000004)
    Reset_Handler                            0x08000191   Thumb Code     8  startup_stm32f103xb.o(.text)
    ADC1_2_IRQHandler                        0x080001ab   Thumb Code     0  startup_stm32f103xb.o(.text)
    CAN1_RX1_IRQHandler                      0x080001ab   Thumb Code     0  startup_stm32f103xb.o(.text)
    CAN1_SCE_IRQHandler                      0x080001ab   Thumb Code     0  startup_stm32f103xb.o(.text)
    DMA1_Channel2_IRQHandler                 0x080001ab   Thumb Code     0  startup_stm32f103xb.o(.text)
    DMA1_Channel3_IRQHandler                 0x080001ab   Thumb Code     0  startup_stm32f103xb.o(.text)
    DMA1_Channel4_IRQHandler                 0x080001ab   Thumb Code     0  startup_stm32f103xb.o(.text)
    DMA1_Channel5_IRQHandler                 0x080001ab   Thumb Code     0  startup_stm32f103xb.o(.text)
    DMA1_Channel6_IRQHandler                 0x080001ab   Thumb Code     0  startup_stm32f103xb.o(.text)
    DMA1_Channel7_IRQHandler                 0x080001ab   Thumb Code     0  startup_stm32f103xb.o(.text)
    EXTI0_IRQHandler                         0x080001ab   Thumb Code     0  startup_stm32f103xb.o(.text)
    EXTI15_10_IRQHandler                     0x080001ab   Thumb Code     0  startup_stm32f103xb.o(.text)
    EXTI2_IRQHandler                         0x080001ab   Thumb Code     0  startup_stm32f103xb.o(.text)
    EXTI3_IRQHandler                         0x080001ab   Thumb Code     0  startup_stm32f103xb.o(.text)
    EXTI4_IRQHandler                         0x080001ab   Thumb Code     0  startup_stm32f103xb.o(.text)
    EXTI9_5_IRQHandler                       0x080001ab   Thumb Code     0  startup_stm32f103xb.o(.text)
    FLASH_IRQHandler                         0x080001ab   Thumb Code     0  startup_stm32f103xb.o(.text)
    I2C1_ER_IRQHandler                       0x080001ab   Thumb Code     0  startup_stm32f103xb.o(.text)
    I2C1_EV_IRQHandler                       0x080001ab   Thumb Code     0  startup_stm32f103xb.o(.text)
    I2C2_ER_IRQHandler                       0x080001ab   Thumb Code     0  startup_stm32f103xb.o(.text)
    I2C2_EV_IRQHandler                       0x080001ab   Thumb Code     0  startup_stm32f103xb.o(.text)
    PVD_IRQHandler                           0x080001ab   Thumb Code     0  startup_stm32f103xb.o(.text)
    RCC_IRQHandler                           0x080001ab   Thumb Code     0  startup_stm32f103xb.o(.text)
    RTC_Alarm_IRQHandler                     0x080001ab   Thumb Code     0  startup_stm32f103xb.o(.text)
    SPI1_IRQHandler                          0x080001ab   Thumb Code     0  startup_stm32f103xb.o(.text)
    SPI2_IRQHandler                          0x080001ab   Thumb Code     0  startup_stm32f103xb.o(.text)
    TAMPER_IRQHandler                        0x080001ab   Thumb Code     0  startup_stm32f103xb.o(.text)
    TIM1_BRK_IRQHandler                      0x080001ab   Thumb Code     0  startup_stm32f103xb.o(.text)
    TIM1_CC_IRQHandler                       0x080001ab   Thumb Code     0  startup_stm32f103xb.o(.text)
    TIM1_TRG_COM_IRQHandler                  0x080001ab   Thumb Code     0  startup_stm32f103xb.o(.text)
    TIM1_UP_IRQHandler                       0x080001ab   Thumb Code     0  startup_stm32f103xb.o(.text)
    TIM2_IRQHandler                          0x080001ab   Thumb Code     0  startup_stm32f103xb.o(.text)
    TIM3_IRQHandler                          0x080001ab   Thumb Code     0  startup_stm32f103xb.o(.text)
    TIM4_IRQHandler                          0x080001ab   Thumb Code     0  startup_stm32f103xb.o(.text)
    USART2_IRQHandler                        0x080001ab   Thumb Code     0  startup_stm32f103xb.o(.text)
    USART3_IRQHandler                        0x080001ab   Thumb Code     0  startup_stm32f103xb.o(.text)
    USBWakeUp_IRQHandler                     0x080001ab   Thumb Code     0  startup_stm32f103xb.o(.text)
    USB_HP_CAN1_TX_IRQHandler                0x080001ab   Thumb Code     0  startup_stm32f103xb.o(.text)
    USB_LP_CAN1_RX0_IRQHandler               0x080001ab   Thumb Code     0  startup_stm32f103xb.o(.text)
    WWDG_IRQHandler                          0x080001ab   Thumb Code     0  startup_stm32f103xb.o(.text)
    __user_initial_stackheap                 0x080001ad   Thumb Code     0  startup_stm32f103xb.o(.text)
    __aeabi_uldivmod                         0x080001d1   Thumb Code     0  lludivv7m.o(.text)
    _ll_udiv                                 0x080001d1   Thumb Code   238  lludivv7m.o(.text)
    __aeabi_llsr                             0x080002bf   Thumb Code     0  llushr.o(.text)
    _ll_ushift_r                             0x080002bf   Thumb Code    38  llushr.o(.text)
    __2sprintf                               0x080002e5   Thumb Code    34  noretval__2sprintf.o(.text)
    __printf                                 0x0800030d   Thumb Code   104  __printf.o(.text)
    _printf_str                              0x08000375   Thumb Code    82  _printf_str.o(.text)
    strlen                                   0x080003c7   Thumb Code    62  strlen.o(.text)
    __aeabi_memcpy4                          0x08000405   Thumb Code     0  rt_memcpy_w.o(.text)
    __aeabi_memcpy8                          0x08000405   Thumb Code     0  rt_memcpy_w.o(.text)
    __rt_memcpy_w                            0x08000405   Thumb Code   100  rt_memcpy_w.o(.text)
    _memcpy_lastbytes_aligned                0x0800044d   Thumb Code     0  rt_memcpy_w.o(.text)
    __aeabi_memclr                           0x08000469   Thumb Code     0  rt_memclr.o(.text)
    __rt_memclr                              0x08000469   Thumb Code    68  rt_memclr.o(.text)
    _memset                                  0x0800046d   Thumb Code     0  rt_memclr.o(.text)
    __aeabi_memclr4                          0x080004ad   Thumb Code     0  rt_memclr_w.o(.text)
    __aeabi_memclr8                          0x080004ad   Thumb Code     0  rt_memclr_w.o(.text)
    __rt_memclr_w                            0x080004ad   Thumb Code    78  rt_memclr_w.o(.text)
    _memset_w                                0x080004b1   Thumb Code     0  rt_memclr_w.o(.text)
    __use_two_region_memory                  0x080004fb   Thumb Code     2  heapauxi.o(.text)
    __rt_heap_escrow$2region                 0x080004fd   Thumb Code     2  heapauxi.o(.text)
    __rt_heap_expand$2region                 0x080004ff   Thumb Code     2  heapauxi.o(.text)
    _printf_char_common                      0x0800050b   Thumb Code    32  _printf_char_common.o(.text)
    _sputc                                   0x08000531   Thumb Code    10  _sputc.o(.text)
    _printf_cs_common                        0x0800053b   Thumb Code    20  _printf_char.o(.text)
    _printf_char                             0x0800054f   Thumb Code    16  _printf_char.o(.text)
    _printf_string                           0x0800055f   Thumb Code     8  _printf_char.o(.text)
    __user_setup_stackheap                   0x08000567   Thumb Code    74  sys_stackheap_outer.o(.text)
    exit                                     0x080005b1   Thumb Code    18  exit.o(.text)
    __user_libspace                          0x080005c5   Thumb Code     8  libspace.o(.text)
    __user_perproc_libspace                  0x080005c5   Thumb Code     0  libspace.o(.text)
    __user_perthread_libspace                0x080005c5   Thumb Code     0  libspace.o(.text)
    _sys_exit                                0x080005cd   Thumb Code     8  sys_exit.o(.text)
    __I$use$semihosting                      0x080005d9   Thumb Code     0  use_no_semi.o(.text)
    __use_no_semihosting_swi                 0x080005d9   Thumb Code     2  use_no_semi.o(.text)
    __semihosting_library_function           0x080005db   Thumb Code     0  indicate_semi.o(.text)
    ADC_ConversionStop_Disable               0x080005dd   Thumb Code    86  stm32f1xx_hal_adc.o(i.ADC_ConversionStop_Disable)
    ADC_DMAConvCplt                          0x08000633   Thumb Code    78  stm32f1xx_hal_adc.o(i.ADC_DMAConvCplt)
    ADC_DMAError                             0x08000681   Thumb Code    26  stm32f1xx_hal_adc.o(i.ADC_DMAError)
    ADC_DMAHalfConvCplt                      0x0800069b   Thumb Code    10  stm32f1xx_hal_adc.o(i.ADC_DMAHalfConvCplt)
    ADC_Enable                               0x080006a5   Thumb Code   114  stm32f1xx_hal_adc.o(i.ADC_Enable)
    AHT20_init                               0x08000721   Thumb Code    54  aht20.o(i.AHT20_init)
    AHT20_read                               0x08000761   Thumb Code   148  aht20.o(i.AHT20_read)
    BusFault_Handler                         0x08000809   Thumb Code     2  stm32f1xx_it.o(i.BusFault_Handler)
    DMA1_Channel1_IRQHandler                 0x0800080d   Thumb Code     6  stm32f1xx_it.o(i.DMA1_Channel1_IRQHandler)
    DebugMon_Handler                         0x08000843   Thumb Code     2  stm32f1xx_it.o(i.DebugMon_Handler)
    EXTI1_IRQHandler                         0x08000845   Thumb Code     6  stm32f1xx_it.o(i.EXTI1_IRQHandler)
    Error_Handler                            0x0800084b   Thumb Code     4  main.o(i.Error_Handler)
    FLASH_PageErase                          0x08000875   Thumb Code    28  stm32f1xx_hal_flash_ex.o(i.FLASH_PageErase)
    FLASH_WaitForLastOperation               0x08000911   Thumb Code    80  stm32f1xx_hal_flash.o(i.FLASH_WaitForLastOperation)
    Flash_Read_Data                          0x08000965   Thumb Code    12  flash.o(i.Flash_Read_Data)
    Flash_Write_Data                         0x08000971   Thumb Code    98  flash.o(i.Flash_Write_Data)
    HAL_ADC_ConfigChannel                    0x080009d9   Thumb Code   240  stm32f1xx_hal_adc.o(i.HAL_ADC_ConfigChannel)
    HAL_ADC_ConvCpltCallback                 0x08000ad5   Thumb Code     2  stm32f1xx_hal_adc.o(i.HAL_ADC_ConvCpltCallback)
    HAL_ADC_ConvHalfCpltCallback             0x08000ad7   Thumb Code     2  stm32f1xx_hal_adc.o(i.HAL_ADC_ConvHalfCpltCallback)
    HAL_ADC_ErrorCallback                    0x08000ad9   Thumb Code     2  stm32f1xx_hal_adc.o(i.HAL_ADC_ErrorCallback)
    HAL_ADC_Init                             0x08000add   Thumb Code   272  stm32f1xx_hal_adc.o(i.HAL_ADC_Init)
    HAL_ADC_MspInit                          0x08000bf9   Thumb Code   122  adc.o(i.HAL_ADC_MspInit)
    HAL_ADC_Start_DMA                        0x08000c89   Thumb Code   246  stm32f1xx_hal_adc.o(i.HAL_ADC_Start_DMA)
    HAL_ADC_Stop_DMA                         0x08000d95   Thumb Code    86  stm32f1xx_hal_adc.o(i.HAL_ADC_Stop_DMA)
    HAL_DMA_Abort                            0x08000deb   Thumb Code    70  stm32f1xx_hal_dma.o(i.HAL_DMA_Abort)
    HAL_DMA_Abort_IT                         0x08000e31   Thumb Code   148  stm32f1xx_hal_dma.o(i.HAL_DMA_Abort_IT)
    HAL_DMA_IRQHandler                       0x08000ec9   Thumb Code   316  stm32f1xx_hal_dma.o(i.HAL_DMA_IRQHandler)
    HAL_DMA_Init                             0x0800101d   Thumb Code    84  stm32f1xx_hal_dma.o(i.HAL_DMA_Init)
    HAL_DMA_Start_IT                         0x08001079   Thumb Code   112  stm32f1xx_hal_dma.o(i.HAL_DMA_Start_IT)
    HAL_Delay                                0x080010e9   Thumb Code    32  stm32f1xx_hal.o(i.HAL_Delay)
    HAL_FLASHEx_Erase                        0x0800110d   Thumb Code   160  stm32f1xx_hal_flash_ex.o(i.HAL_FLASHEx_Erase)
    HAL_FLASH_GetError                       0x080011b5   Thumb Code     6  stm32f1xx_hal_flash.o(i.HAL_FLASH_GetError)
    HAL_FLASH_Lock                           0x080011c1   Thumb Code    14  stm32f1xx_hal_flash.o(i.HAL_FLASH_Lock)
    HAL_FLASH_Program                        0x080011d5   Thumb Code   120  stm32f1xx_hal_flash.o(i.HAL_FLASH_Program)
    HAL_FLASH_Unlock                         0x08001255   Thumb Code    28  stm32f1xx_hal_flash.o(i.HAL_FLASH_Unlock)
    HAL_GPIO_DeInit                          0x0800127d   Thumb Code   254  stm32f1xx_hal_gpio.o(i.HAL_GPIO_DeInit)
    HAL_GPIO_EXTI_Callback                   0x08001395   Thumb Code    44  main.o(i.HAL_GPIO_EXTI_Callback)
    HAL_GPIO_EXTI_IRQHandler                 0x080013cd   Thumb Code    18  stm32f1xx_hal_gpio.o(i.HAL_GPIO_EXTI_IRQHandler)
    HAL_GPIO_Init                            0x080013e5   Thumb Code   446  stm32f1xx_hal_gpio.o(i.HAL_GPIO_Init)
    HAL_GPIO_ReadPin                         0x080015c5   Thumb Code    10  stm32f1xx_hal_gpio.o(i.HAL_GPIO_ReadPin)
    HAL_GPIO_TogglePin                       0x080015cf   Thumb Code    16  stm32f1xx_hal_gpio.o(i.HAL_GPIO_TogglePin)
    HAL_GPIO_WritePin                        0x080015df   Thumb Code    10  stm32f1xx_hal_gpio.o(i.HAL_GPIO_WritePin)
    HAL_GetTick                              0x080015e9   Thumb Code     6  stm32f1xx_hal.o(i.HAL_GetTick)
    HAL_I2C_DeInit                           0x080015f5   Thumb Code    50  stm32f1xx_hal_i2c.o(i.HAL_I2C_DeInit)
    HAL_I2C_Init                             0x08001629   Thumb Code   376  stm32f1xx_hal_i2c.o(i.HAL_I2C_Init)
    HAL_I2C_Master_Receive                   0x080017b1   Thumb Code   576  stm32f1xx_hal_i2c.o(i.HAL_I2C_Master_Receive)
    HAL_I2C_Master_Transmit                  0x08001a01   Thumb Code   290  stm32f1xx_hal_i2c.o(i.HAL_I2C_Master_Transmit)
    HAL_I2C_MspDeInit                        0x08001b2d   Thumb Code    44  i2c.o(i.HAL_I2C_MspDeInit)
    HAL_I2C_MspInit                          0x08001b65   Thumb Code    96  i2c.o(i.HAL_I2C_MspInit)
    HAL_IncTick                              0x08001bd5   Thumb Code    12  stm32f1xx_hal.o(i.HAL_IncTick)
    HAL_Init                                 0x08001be5   Thumb Code    32  stm32f1xx_hal.o(i.HAL_Init)
    HAL_InitTick                             0x08001c09   Thumb Code    54  stm32f1xx_hal.o(i.HAL_InitTick)
    HAL_MspInit                              0x08001c49   Thumb Code    52  stm32f1xx_hal_msp.o(i.HAL_MspInit)
    HAL_NVIC_EnableIRQ                       0x08001c85   Thumb Code    26  stm32f1xx_hal_cortex.o(i.HAL_NVIC_EnableIRQ)
    HAL_NVIC_SetPriority                     0x08001ca1   Thumb Code    60  stm32f1xx_hal_cortex.o(i.HAL_NVIC_SetPriority)
    HAL_NVIC_SetPriorityGrouping             0x08001ce1   Thumb Code    26  stm32f1xx_hal_cortex.o(i.HAL_NVIC_SetPriorityGrouping)
    HAL_NVIC_SystemReset                     0x08001d05   Thumb Code    26  stm32f1xx_hal_cortex.o(i.HAL_NVIC_SystemReset)
    HAL_PWR_EnableBkUpAccess                 0x08001d29   Thumb Code     8  stm32f1xx_hal_pwr.o(i.HAL_PWR_EnableBkUpAccess)
    HAL_RCCEx_GetPeriphCLKFreq               0x08001d35   Thumb Code   148  stm32f1xx_hal_rcc_ex.o(i.HAL_RCCEx_GetPeriphCLKFreq)
    HAL_RCCEx_PeriphCLKConfig                0x08001dd9   Thumb Code   224  stm32f1xx_hal_rcc_ex.o(i.HAL_RCCEx_PeriphCLKConfig)
    HAL_RCC_ClockConfig                      0x08001ec5   Thumb Code   280  stm32f1xx_hal_rcc.o(i.HAL_RCC_ClockConfig)
    HAL_RCC_GetPCLK1Freq                     0x08001ff1   Thumb Code    20  stm32f1xx_hal_rcc.o(i.HAL_RCC_GetPCLK1Freq)
    HAL_RCC_GetPCLK2Freq                     0x08002011   Thumb Code    20  stm32f1xx_hal_rcc.o(i.HAL_RCC_GetPCLK2Freq)
    HAL_RCC_GetSysClockFreq                  0x08002031   Thumb Code    58  stm32f1xx_hal_rcc.o(i.HAL_RCC_GetSysClockFreq)
    HAL_RCC_OscConfig                        0x0800207d   Thumb Code   778  stm32f1xx_hal_rcc.o(i.HAL_RCC_OscConfig)
    HAL_RTCEx_BKUPRead                       0x0800239d   Thumb Code    10  stm32f1xx_hal_rtc_ex.o(i.HAL_RTCEx_BKUPRead)
    HAL_RTCEx_BKUPWrite                      0x080023ad   Thumb Code    12  stm32f1xx_hal_rtc_ex.o(i.HAL_RTCEx_BKUPWrite)
    HAL_RTCEx_RTCEventCallback               0x080023bd   Thumb Code     4  main.o(i.HAL_RTCEx_RTCEventCallback)
    HAL_RTCEx_RTCEventErrorCallback          0x080023c1   Thumb Code     2  stm32f1xx_hal_rtc_ex.o(i.HAL_RTCEx_RTCEventErrorCallback)
    HAL_RTCEx_RTCIRQHandler                  0x080023c3   Thumb Code    62  stm32f1xx_hal_rtc_ex.o(i.HAL_RTCEx_RTCIRQHandler)
    HAL_RTC_GetTime                          0x08002401   Thumb Code   216  stm32f1xx_hal_rtc.o(i.HAL_RTC_GetTime)
    HAL_RTC_Init                             0x080024d9   Thumb Code   144  stm32f1xx_hal_rtc.o(i.HAL_RTC_Init)
    HAL_RTC_MspInit                          0x0800256d   Thumb Code    60  rtc.o(i.HAL_RTC_MspInit)
    HAL_RTC_SetAlarm_IT                      0x080025b5   Thumb Code   226  stm32f1xx_hal_rtc.o(i.HAL_RTC_SetAlarm_IT)
    HAL_RTC_SetDate                          0x080026a1   Thumb Code   192  stm32f1xx_hal_rtc.o(i.HAL_RTC_SetDate)
    HAL_RTC_SetTime                          0x08002765   Thumb Code   168  stm32f1xx_hal_rtc.o(i.HAL_RTC_SetTime)
    HAL_RTC_WaitForSynchro                   0x08002811   Thumb Code    58  stm32f1xx_hal_rtc.o(i.HAL_RTC_WaitForSynchro)
    HAL_SPI_DeInit                           0x0800284b   Thumb Code    46  stm32f1xx_hal_spi.o(i.HAL_SPI_DeInit)
    HAL_SPI_GetState                         0x08002879   Thumb Code     6  stm32f1xx_hal_spi.o(i.HAL_SPI_GetState)
    HAL_SPI_Init                             0x0800287f   Thumb Code   178  stm32f1xx_hal_spi.o(i.HAL_SPI_Init)
    HAL_SPI_MspDeInit                        0x08002931   Thumb Code    28  spi.o(i.HAL_SPI_MspDeInit)
    HAL_SPI_MspInit                          0x08002959   Thumb Code   112  spi.o(i.HAL_SPI_MspInit)
    HAL_SPI_Receive                          0x080029d9   Thumb Code   342  stm32f1xx_hal_spi.o(i.HAL_SPI_Receive)
    HAL_SPI_Transmit                         0x08002b2f   Thumb Code   366  stm32f1xx_hal_spi.o(i.HAL_SPI_Transmit)
    HAL_SPI_TransmitReceive                  0x08002c9d   Thumb Code   494  stm32f1xx_hal_spi.o(i.HAL_SPI_TransmitReceive)
    HAL_SYSTICK_Config                       0x08002e8b   Thumb Code    40  stm32f1xx_hal_cortex.o(i.HAL_SYSTICK_Config)
    HAL_TIMEx_MasterConfigSynchronization    0x08002eb5   Thumb Code    92  stm32f1xx_hal_tim_ex.o(i.HAL_TIMEx_MasterConfigSynchronization)
    HAL_TIM_Base_Init                        0x08002f1d   Thumb Code    90  stm32f1xx_hal_tim.o(i.HAL_TIM_Base_Init)
    HAL_TIM_Base_MspInit                     0x08002f79   Thumb Code    30  tim.o(i.HAL_TIM_Base_MspInit)
    HAL_TIM_ConfigClockSource                0x08002fa1   Thumb Code   220  stm32f1xx_hal_tim.o(i.HAL_TIM_ConfigClockSource)
    HAL_UARTEx_ReceiveToIdle_IT              0x0800307d   Thumb Code    78  stm32f1xx_hal_uart.o(i.HAL_UARTEx_ReceiveToIdle_IT)
    HAL_UARTEx_RxEventCallback               0x080030cd   Thumb Code    28  main.o(i.HAL_UARTEx_RxEventCallback)
    HAL_UART_ErrorCallback                   0x080030f5   Thumb Code     2  stm32f1xx_hal_uart.o(i.HAL_UART_ErrorCallback)
    HAL_UART_IRQHandler                      0x080030f9   Thumb Code   616  stm32f1xx_hal_uart.o(i.HAL_UART_IRQHandler)
    HAL_UART_Init                            0x08003365   Thumb Code   100  stm32f1xx_hal_uart.o(i.HAL_UART_Init)
    HAL_UART_MspInit                         0x080033c9   Thumb Code   244  usart.o(i.HAL_UART_MspInit)
    HAL_UART_RxCpltCallback                  0x080034d5   Thumb Code     2  stm32f1xx_hal_uart.o(i.HAL_UART_RxCpltCallback)
    HAL_UART_Transmit                        0x080034d7   Thumb Code   154  stm32f1xx_hal_uart.o(i.HAL_UART_Transmit)
    HAL_UART_TxCpltCallback                  0x08003571   Thumb Code     2  stm32f1xx_hal_uart.o(i.HAL_UART_TxCpltCallback)
    HardFault_Handler                        0x08003573   Thumb Code     2  stm32f1xx_it.o(i.HardFault_Handler)
    LOG                                      0x08003999   Thumb Code    50  common.o(i.LOG)
    Link_Mode_Handle                         0x080039d9   Thumb Code   158  main.o(i.Link_Mode_Handle)
    MX_ADC1_Init                             0x08003a8d   Thumb Code    96  adc.o(i.MX_ADC1_Init)
    MX_DMA_Init                              0x08003af5   Thumb Code    40  dma.o(i.MX_DMA_Init)
    MX_GPIO_Init                             0x08003b21   Thumb Code   258  gpio.o(i.MX_GPIO_Init)
    MX_I2C1_Init                             0x08003c39   Thumb Code    50  i2c.o(i.MX_I2C1_Init)
    MX_RTC_Init                              0x08003c79   Thumb Code    96  rtc.o(i.MX_RTC_Init)
    MX_SPI1_Init                             0x08003ce1   Thumb Code    60  spi.o(i.MX_SPI1_Init)
    MX_TIM1_Init                             0x08003d25   Thumb Code    96  tim.o(i.MX_TIM1_Init)
    MX_USART1_UART_Init                      0x08003d8d   Thumb Code    48  usart.o(i.MX_USART1_UART_Init)
    MX_USART2_UART_Init                      0x08003dc5   Thumb Code    48  usart.o(i.MX_USART2_UART_Init)
    MX_USART3_UART_Init                      0x08003dfd   Thumb Code    48  usart.o(i.MX_USART3_UART_Init)
    MemManage_Handler                        0x08003e35   Thumb Code     2  stm32f1xx_it.o(i.MemManage_Handler)
    NMI_Handler                              0x08003e37   Thumb Code     2  stm32f1xx_it.o(i.NMI_Handler)
    Normal_Mode_Handle                       0x08003e39   Thumb Code   318  main.o(i.Normal_Mode_Handle)
    PendSV_Handler                           0x08003f95   Thumb Code     2  stm32f1xx_it.o(i.PendSV_Handler)
    RTC_IRQHandler                           0x080040d9   Thumb Code     6  stm32f1xx_it.o(i.RTC_IRQHandler)
    Reconnect_Mode_Handle                    0x080041b9   Thumb Code   112  main.o(i.Reconnect_Mode_Handle)
    Response_Handle                          0x08004239   Thumb Code   288  main.o(i.Response_Handle)
    SVC_Handler                              0x08004499   Thumb Code     2  stm32f1xx_it.o(i.SVC_Handler)
    SysTick_Handler                          0x0800449b   Thumb Code     4  stm32f1xx_it.o(i.SysTick_Handler)
    SystemClock_Config                       0x0800449f   Thumb Code   128  main.o(i.SystemClock_Config)
    SystemInit                               0x0800451f   Thumb Code     2  system_stm32f1xx.o(i.SystemInit)
    TIM_Base_SetConfig                       0x08004521   Thumb Code    94  stm32f1xx_hal_tim.o(i.TIM_Base_SetConfig)
    TIM_ETR_SetConfig                        0x0800458d   Thumb Code    20  stm32f1xx_hal_tim.o(i.TIM_ETR_SetConfig)
    UART_Start_Receive_IT                    0x080047d1   Thumb Code    54  stm32f1xx_hal_uart.o(i.UART_Start_Receive_IT)
    USART1_IRQHandler                        0x08004881   Thumb Code     6  stm32f1xx_it.o(i.USART1_IRQHandler)
    UsageFault_Handler                       0x0800488d   Thumb Code     2  stm32f1xx_it.o(i.UsageFault_Handler)
    crc16                                    0x080048b1   Thumb Code    40  modbus_crc.o(i.crc16)
    going_standby                            0x080048dd   Thumb Code   160  main.o(i.going_standby)
    is_OK_2_Talk                             0x08004991   Thumb Code    96  main.o(i.is_OK_2_Talk)
    main                                     0x080049f5   Thumb Code   206  main.o(i.main)
    modbus_tx_data                           0x08004add   Thumb Code    78  main.o(i.modbus_tx_data)
    read_ADC                                 0x08004b39   Thumb Code   182  main.o(i.read_ADC)
    read_AHT20                               0x08004c19   Thumb Code    50  main.o(i.read_AHT20)
    read_wind_sensor                         0x08004c55   Thumb Code    92  main.o(i.read_wind_sensor)
    sx1278_cad                               0x08004cc1   Thumb Code    20  sx1278.o(i.sx1278_cad)
    sx1278_get_rssi                          0x08004cd5   Thumb Code    12  sx1278.o(i.sx1278_get_rssi)
    sx1278_get_snr                           0x08004ce1   Thumb Code    30  sx1278.o(i.sx1278_get_snr)
    sx1278_init                              0x08004d01   Thumb Code   116  sx1278.o(i.sx1278_init)
    sx1278_read_reg                          0x08004d81   Thumb Code    96  sx1278.o(i.sx1278_read_reg)
    sx1278_recv_data                         0x08004de9   Thumb Code   166  sx1278.o(i.sx1278_recv_data)
    sx1278_reset                             0x08004ee9   Thumb Code    50  sx1278.o(i.sx1278_reset)
    sx1278_rx_contiuous                      0x08004f25   Thumb Code     8  sx1278.o(i.sx1278_rx_contiuous)
    sx1278_send_data                         0x08004f2d   Thumb Code    96  sx1278.o(i.sx1278_send_data)
    sx1278_set_LNA_gain                      0x08004f8d   Thumb Code    60  sx1278.o(i.sx1278_set_LNA_gain)
    sx1278_set_bandwidth                     0x08004fdd   Thumb Code   130  sx1278.o(i.sx1278_set_bandwidth)
    sx1278_set_cr                            0x08005069   Thumb Code    50  sx1278.o(i.sx1278_set_cr)
    sx1278_set_crc                           0x080050b5   Thumb Code    38  sx1278.o(i.sx1278_set_crc)
    sx1278_set_freq                          0x080050dd   Thumb Code    62  sx1278.o(i.sx1278_set_freq)
    sx1278_set_header                        0x08005121   Thumb Code    50  sx1278.o(i.sx1278_set_header)
    sx1278_set_irq                           0x08005153   Thumb Code     8  sx1278.o(i.sx1278_set_irq)
    sx1278_set_preamble                      0x0800515b   Thumb Code    26  sx1278.o(i.sx1278_set_preamble)
    sx1278_set_sf                            0x08005175   Thumb Code    82  sx1278.o(i.sx1278_set_sf)
    sx1278_set_tx_power                      0x080051e9   Thumb Code    24  sx1278.o(i.sx1278_set_tx_power)
    sx1278_sleep                             0x0800521d   Thumb Code     8  sx1278.o(i.sx1278_sleep)
    sx1278_standby                           0x08005225   Thumb Code     8  sx1278.o(i.sx1278_standby)
    sx1278_start_recv_data                   0x0800522d   Thumb Code    34  sx1278.o(i.sx1278_start_recv_data)
    sx1278_tx                                0x0800524f   Thumb Code     8  sx1278.o(i.sx1278_tx)
    sx1278_write_reg                         0x08005259   Thumb Code    88  sx1278.o(i.sx1278_write_reg)
    __aeabi_d2f                              0x080052b9   Thumb Code     0  d2f.o(x$fpl$d2f)
    _d2f                                     0x080052b9   Thumb Code    98  d2f.o(x$fpl$d2f)
    __aeabi_dadd                             0x0800531d   Thumb Code     0  daddsub_clz.o(x$fpl$dadd)
    _dadd                                    0x0800531d   Thumb Code   332  daddsub_clz.o(x$fpl$dadd)
    __fpl_dcheck_NaN1                        0x0800546d   Thumb Code    10  dcheck1.o(x$fpl$dcheck1)
    __aeabi_ddiv                             0x0800547d   Thumb Code     0  ddiv.o(x$fpl$ddiv)
    _ddiv                                    0x0800547d   Thumb Code   552  ddiv.o(x$fpl$ddiv)
    __aeabi_d2uiz                            0x0800572d   Thumb Code     0  dfixu.o(x$fpl$dfixu)
    _dfixu                                   0x0800572d   Thumb Code    90  dfixu.o(x$fpl$dfixu)
    __aeabi_i2d                              0x08005787   Thumb Code     0  dflt_clz.o(x$fpl$dflt)
    _dflt                                    0x08005787   Thumb Code    46  dflt_clz.o(x$fpl$dflt)
    __aeabi_ui2d                             0x080057b5   Thumb Code     0  dflt_clz.o(x$fpl$dfltu)
    _dfltu                                   0x080057b5   Thumb Code    38  dflt_clz.o(x$fpl$dfltu)
    __aeabi_dmul                             0x080057dd   Thumb Code     0  dmul.o(x$fpl$dmul)
    _dmul                                    0x080057dd   Thumb Code   332  dmul.o(x$fpl$dmul)
    __fpl_dnaninf                            0x08005931   Thumb Code   156  dnaninf.o(x$fpl$dnaninf)
    __fpl_dretinf                            0x080059cd   Thumb Code    12  dretinf.o(x$fpl$dretinf)
    __aeabi_dsub                             0x080059d9   Thumb Code     0  daddsub_clz.o(x$fpl$dsub)
    _dsub                                    0x080059d9   Thumb Code   464  daddsub_clz.o(x$fpl$dsub)
    __aeabi_f2d                              0x08005bad   Thumb Code     0  f2d.o(x$fpl$f2d)
    _f2d                                     0x08005bad   Thumb Code    86  f2d.o(x$fpl$f2d)
    __aeabi_fadd                             0x08005c05   Thumb Code     0  faddsub_clz.o(x$fpl$fadd)
    _fadd                                    0x08005c05   Thumb Code   196  faddsub_clz.o(x$fpl$fadd)
    __fpl_fcheck_NaN1                        0x08005cc9   Thumb Code     6  fcheck1.o(x$fpl$fcheck1)
    __aeabi_fdiv                             0x08005cd5   Thumb Code     0  fdiv.o(x$fpl$fdiv)
    _fdiv                                    0x08005cd5   Thumb Code   384  fdiv.o(x$fpl$fdiv)
    __aeabi_f2uiz                            0x08005e59   Thumb Code     0  ffixu.o(x$fpl$ffixu)
    _ffixu                                   0x08005e59   Thumb Code    62  ffixu.o(x$fpl$ffixu)
    __aeabi_ui2f                             0x08005e99   Thumb Code     0  fflt_clz.o(x$fpl$ffltu)
    _ffltu                                   0x08005e99   Thumb Code    38  fflt_clz.o(x$fpl$ffltu)
    __aeabi_fmul                             0x08005ec1   Thumb Code     0  fmul.o(x$fpl$fmul)
    _fmul                                    0x08005ec1   Thumb Code   258  fmul.o(x$fpl$fmul)
    __fpl_fnaninf                            0x08005fc3   Thumb Code   140  fnaninf.o(x$fpl$fnaninf)
    __fpl_fretinf                            0x0800604f   Thumb Code    10  fretinf.o(x$fpl$fretinf)
    __aeabi_fsub                             0x08006059   Thumb Code     0  faddsub_clz.o(x$fpl$fsub)
    _fsub                                    0x08006059   Thumb Code   234  faddsub_clz.o(x$fpl$fsub)
    __fpl_return_NaN                         0x08006143   Thumb Code   100  retnan.o(x$fpl$retnan)
    __ARM_scalbn                             0x080061a7   Thumb Code    92  scalbn.o(x$fpl$scalbn)
    __ARM_scalbnf                            0x08006203   Thumb Code    76  scalbnf.o(x$fpl$scalbnf)
    __fpl_cmpreturn                          0x0800624f   Thumb Code    48  trapv.o(x$fpl$trapveneer)
    __I$use$fp                               0x0800627e   Number         0  usenofp.o(x$fpl$usenofp)
    AHBPrescTable                            0x080064a2   Data          16  system_stm32f1xx.o(.constdata)
    APBPrescTable                            0x080064b2   Data           8  system_stm32f1xx.o(.constdata)
    Region$$Table$$Base                      0x080064c4   Number         0  anon$$obj.o(Region$$Table)
    Region$$Table$$Limit                     0x080064e4   Number         0  anon$$obj.o(Region$$Table)
    ver                                      0x20000000   Data           1  sx1278.o(.data)
    bat                                      0x2000000c   Data           2  main.o(.data)
    temp35                                   0x2000000e   Data           2  main.o(.data)
    adc                                      0x2000001c   Data           4  main.o(.data)
    recv_data                                0x20000020   Data           4  main.o(.data)
    t                                        0x20000024   Data           4  main.o(.data)
    h                                        0x20000028   Data           4  main.o(.data)
    test_bat_f                               0x20000030   Data           8  main.o(.data)
    test_lm                                  0x20000038   Data           8  main.o(.data)
    uart1_tx_data                            0x20000048   Data           8  main.o(.data)
    uart1_tx_set_add                         0x20000050   Data           8  main.o(.data)
    uwTickFreq                               0x20000058   Data           1  stm32f1xx_hal.o(.data)
    uwTickPrio                               0x2000005c   Data           4  stm32f1xx_hal.o(.data)
    uwTick                                   0x20000060   Data           4  stm32f1xx_hal.o(.data)
    SystemCoreClock                          0x20000064   Data           4  system_stm32f1xx.o(.data)
    uart1_rx_data                            0x20000180   Data          15  main.o(.bss)
    hadc1                                    0x20000190   Data          48  adc.o(.bss)
    hdma_adc1                                0x200001c0   Data          68  adc.o(.bss)
    hi2c1                                    0x20000204   Data          84  i2c.o(.bss)
    hrtc                                     0x20000258   Data          20  rtc.o(.bss)
    hspi1                                    0x2000026c   Data          88  spi.o(.bss)
    htim1                                    0x200002c4   Data          72  tim.o(.bss)
    huart1                                   0x2000030c   Data          72  usart.o(.bss)
    huart2                                   0x20000354   Data          72  usart.o(.bss)
    huart3                                   0x2000039c   Data          72  usart.o(.bss)
    pFlash                                   0x200003e8   Data          32  stm32f1xx_hal_flash.o(.bss)
    __libspace_start                         0x20000408   Data          96  libspace.o(.bss)
    __temporary_stack_top$libspace           0x20000468   Data           0  libspace.o(.bss)



==============================================================================

Memory Map of the image

  Image Entry point : 0x080000ed

  Load Region LR_IROM1 (Base: 0x08000000, Size: 0x0000654c, Max: 0x00010000, ABSOLUTE)

    Execution Region ER_IROM1 (Exec base: 0x08000000, Load base: 0x08000000, Size: 0x000064e4, Max: 0x00010000, ABSOLUTE)

    Exec Addr    Load Addr    Size         Type   Attr      Idx    E Section Name        Object

    0x08000000   0x08000000   0x000000ec   Data   RO            3    RESET               startup_stm32f103xb.o
    0x080000ec   0x080000ec   0x00000008   Code   RO         4832  * !!!main             c_w.l(__main.o)
    0x080000f4   0x080000f4   0x00000034   Code   RO         5079    !!!scatter          c_w.l(__scatter.o)
    0x08000128   0x08000128   0x0000001a   Code   RO         5081    !!handler_copy      c_w.l(__scatter_copy.o)
    0x08000142   0x08000142   0x00000002   PAD
    0x08000144   0x08000144   0x0000001c   Code   RO         5083    !!handler_zi        c_w.l(__scatter_zi.o)
    0x08000160   0x08000160   0x00000000   Code   RO         4816    .ARM.Collect$$_printf_percent$$00000000  c_w.l(_printf_percent.o)
    0x08000160   0x08000160   0x00000006   Code   RO         4814    .ARM.Collect$$_printf_percent$$00000014  c_w.l(_printf_s.o)
    0x08000166   0x08000166   0x00000004   Code   RO         4899    .ARM.Collect$$_printf_percent$$00000017  c_w.l(_printf_percent_end.o)
    0x0800016a   0x0800016a   0x00000002   Code   RO         5000    .ARM.Collect$$libinit$$00000000  c_w.l(libinit.o)
    0x0800016c   0x0800016c   0x00000000   Code   RO         4901    .ARM.Collect$$libinit$$00000002  c_w.l(libinit2.o)
    0x0800016c   0x0800016c   0x00000000   Code   RO         4903    .ARM.Collect$$libinit$$00000004  c_w.l(libinit2.o)
    0x0800016c   0x0800016c   0x00000000   Code   RO         4906    .ARM.Collect$$libinit$$0000000A  c_w.l(libinit2.o)
    0x0800016c   0x0800016c   0x00000000   Code   RO         4908    .ARM.Collect$$libinit$$0000000C  c_w.l(libinit2.o)
    0x0800016c   0x0800016c   0x00000000   Code   RO         4910    .ARM.Collect$$libinit$$0000000E  c_w.l(libinit2.o)
    0x0800016c   0x0800016c   0x00000000   Code   RO         4913    .ARM.Collect$$libinit$$00000011  c_w.l(libinit2.o)
    0x0800016c   0x0800016c   0x00000000   Code   RO         4915    .ARM.Collect$$libinit$$00000013  c_w.l(libinit2.o)
    0x0800016c   0x0800016c   0x00000000   Code   RO         4917    .ARM.Collect$$libinit$$00000015  c_w.l(libinit2.o)
    0x0800016c   0x0800016c   0x00000000   Code   RO         4919    .ARM.Collect$$libinit$$00000017  c_w.l(libinit2.o)
    0x0800016c   0x0800016c   0x00000000   Code   RO         4921    .ARM.Collect$$libinit$$00000019  c_w.l(libinit2.o)
    0x0800016c   0x0800016c   0x00000000   Code   RO         4923    .ARM.Collect$$libinit$$0000001B  c_w.l(libinit2.o)
    0x0800016c   0x0800016c   0x00000000   Code   RO         4925    .ARM.Collect$$libinit$$0000001D  c_w.l(libinit2.o)
    0x0800016c   0x0800016c   0x00000000   Code   RO         4927    .ARM.Collect$$libinit$$0000001F  c_w.l(libinit2.o)
    0x0800016c   0x0800016c   0x00000000   Code   RO         4929    .ARM.Collect$$libinit$$00000021  c_w.l(libinit2.o)
    0x0800016c   0x0800016c   0x00000000   Code   RO         4931    .ARM.Collect$$libinit$$00000023  c_w.l(libinit2.o)
    0x0800016c   0x0800016c   0x00000000   Code   RO         4933    .ARM.Collect$$libinit$$00000025  c_w.l(libinit2.o)
    0x0800016c   0x0800016c   0x00000000   Code   RO         4937    .ARM.Collect$$libinit$$0000002C  c_w.l(libinit2.o)
    0x0800016c   0x0800016c   0x00000000   Code   RO         4939    .ARM.Collect$$libinit$$0000002E  c_w.l(libinit2.o)
    0x0800016c   0x0800016c   0x00000000   Code   RO         4941    .ARM.Collect$$libinit$$00000030  c_w.l(libinit2.o)
    0x0800016c   0x0800016c   0x00000000   Code   RO         4943    .ARM.Collect$$libinit$$00000032  c_w.l(libinit2.o)
    0x0800016c   0x0800016c   0x00000002   Code   RO         4944    .ARM.Collect$$libinit$$00000033  c_w.l(libinit2.o)
    0x0800016e   0x0800016e   0x00000002   Code   RO         5046    .ARM.Collect$$libshutdown$$00000000  c_w.l(libshutdown.o)
    0x08000170   0x08000170   0x00000000   Code   RO         5062    .ARM.Collect$$libshutdown$$00000002  c_w.l(libshutdown2.o)
    0x08000170   0x08000170   0x00000000   Code   RO         5064    .ARM.Collect$$libshutdown$$00000004  c_w.l(libshutdown2.o)
    0x08000170   0x08000170   0x00000000   Code   RO         5067    .ARM.Collect$$libshutdown$$00000007  c_w.l(libshutdown2.o)
    0x08000170   0x08000170   0x00000000   Code   RO         5070    .ARM.Collect$$libshutdown$$0000000A  c_w.l(libshutdown2.o)
    0x08000170   0x08000170   0x00000000   Code   RO         5072    .ARM.Collect$$libshutdown$$0000000C  c_w.l(libshutdown2.o)
    0x08000170   0x08000170   0x00000000   Code   RO         5075    .ARM.Collect$$libshutdown$$0000000F  c_w.l(libshutdown2.o)
    0x08000170   0x08000170   0x00000002   Code   RO         5076    .ARM.Collect$$libshutdown$$00000010  c_w.l(libshutdown2.o)
    0x08000172   0x08000172   0x00000000   Code   RO         4886    .ARM.Collect$$rtentry$$00000000  c_w.l(__rtentry.o)
    0x08000172   0x08000172   0x00000000   Code   RO         4959    .ARM.Collect$$rtentry$$00000002  c_w.l(__rtentry2.o)
    0x08000172   0x08000172   0x00000006   Code   RO         4971    .ARM.Collect$$rtentry$$00000004  c_w.l(__rtentry4.o)
    0x08000178   0x08000178   0x00000000   Code   RO         4961    .ARM.Collect$$rtentry$$00000009  c_w.l(__rtentry2.o)
    0x08000178   0x08000178   0x00000004   Code   RO         4962    .ARM.Collect$$rtentry$$0000000A  c_w.l(__rtentry2.o)
    0x0800017c   0x0800017c   0x00000000   Code   RO         4964    .ARM.Collect$$rtentry$$0000000C  c_w.l(__rtentry2.o)
    0x0800017c   0x0800017c   0x00000008   Code   RO         4965    .ARM.Collect$$rtentry$$0000000D  c_w.l(__rtentry2.o)
    0x08000184   0x08000184   0x00000002   Code   RO         5008    .ARM.Collect$$rtexit$$00000000  c_w.l(rtexit.o)
    0x08000186   0x08000186   0x00000000   Code   RO         5028    .ARM.Collect$$rtexit$$00000002  c_w.l(rtexit2.o)
    0x08000186   0x08000186   0x00000004   Code   RO         5029    .ARM.Collect$$rtexit$$00000003  c_w.l(rtexit2.o)
    0x0800018a   0x0800018a   0x00000006   Code   RO         5030    .ARM.Collect$$rtexit$$00000004  c_w.l(rtexit2.o)
    0x08000190   0x08000190   0x00000040   Code   RO            4    .text               startup_stm32f103xb.o
    0x080001d0   0x080001d0   0x000000ee   Code   RO         4780    .text               c_w.l(lludivv7m.o)
    0x080002be   0x080002be   0x00000026   Code   RO         4782    .text               c_w.l(llushr.o)
    0x080002e4   0x080002e4   0x00000028   Code   RO         4786    .text               c_w.l(noretval__2sprintf.o)
    0x0800030c   0x0800030c   0x00000068   Code   RO         4788    .text               c_w.l(__printf.o)
    0x08000374   0x08000374   0x00000052   Code   RO         4790    .text               c_w.l(_printf_str.o)
    0x080003c6   0x080003c6   0x0000003e   Code   RO         4822    .text               c_w.l(strlen.o)
    0x08000404   0x08000404   0x00000064   Code   RO         4824    .text               c_w.l(rt_memcpy_w.o)
    0x08000468   0x08000468   0x00000044   Code   RO         4826    .text               c_w.l(rt_memclr.o)
    0x080004ac   0x080004ac   0x0000004e   Code   RO         4828    .text               c_w.l(rt_memclr_w.o)
    0x080004fa   0x080004fa   0x00000006   Code   RO         4830    .text               c_w.l(heapauxi.o)
    0x08000500   0x08000500   0x00000030   Code   RO         4893    .text               c_w.l(_printf_char_common.o)
    0x08000530   0x08000530   0x0000000a   Code   RO         4895    .text               c_w.l(_sputc.o)
    0x0800053a   0x0800053a   0x0000002c   Code   RO         4897    .text               c_w.l(_printf_char.o)
    0x08000566   0x08000566   0x0000004a   Code   RO         4983    .text               c_w.l(sys_stackheap_outer.o)
    0x080005b0   0x080005b0   0x00000012   Code   RO         4985    .text               c_w.l(exit.o)
    0x080005c2   0x080005c2   0x00000002   PAD
    0x080005c4   0x080005c4   0x00000008   Code   RO         5005    .text               c_w.l(libspace.o)
    0x080005cc   0x080005cc   0x0000000c   Code   RO         5022    .text               c_w.l(sys_exit.o)
    0x080005d8   0x080005d8   0x00000002   Code   RO         5024    .text               c_w.l(use_no_semi.o)
    0x080005da   0x080005da   0x00000000   Code   RO         5026    .text               c_w.l(indicate_semi.o)
    0x080005da   0x080005da   0x00000002   PAD
    0x080005dc   0x080005dc   0x00000056   Code   RO         1123    i.ADC_ConversionStop_Disable  stm32f1xx_hal_adc.o
    0x08000632   0x08000632   0x0000004e   Code   RO         1124    i.ADC_DMAConvCplt   stm32f1xx_hal_adc.o
    0x08000680   0x08000680   0x0000001a   Code   RO         1125    i.ADC_DMAError      stm32f1xx_hal_adc.o
    0x0800069a   0x0800069a   0x0000000a   Code   RO         1126    i.ADC_DMAHalfConvCplt  stm32f1xx_hal_adc.o
    0x080006a4   0x080006a4   0x0000007c   Code   RO         1127    i.ADC_Enable        stm32f1xx_hal_adc.o
    0x08000720   0x08000720   0x00000040   Code   RO          425    i.AHT20_init        aht20.o
    0x08000760   0x08000760   0x000000a8   Code   RO          426    i.AHT20_read        aht20.o
    0x08000808   0x08000808   0x00000002   Code   RO          963    i.BusFault_Handler  stm32f1xx_it.o
    0x0800080a   0x0800080a   0x00000002   PAD
    0x0800080c   0x0800080c   0x0000000c   Code   RO          964    i.DMA1_Channel1_IRQHandler  stm32f1xx_it.o
    0x08000818   0x08000818   0x0000002a   Code   RO         1779    i.DMA_SetConfig     stm32f1xx_hal_dma.o
    0x08000842   0x08000842   0x00000002   Code   RO          965    i.DebugMon_Handler  stm32f1xx_it.o
    0x08000844   0x08000844   0x00000006   Code   RO          966    i.EXTI1_IRQHandler  stm32f1xx_it.o
    0x0800084a   0x0800084a   0x00000004   Code   RO          459    i.Error_Handler     main.o
    0x0800084e   0x0800084e   0x00000002   PAD
    0x08000850   0x08000850   0x00000024   Code   RO         2219    i.FLASH_MassErase   stm32f1xx_hal_flash_ex.o
    0x08000874   0x08000874   0x00000024   Code   RO         2224    i.FLASH_PageErase   stm32f1xx_hal_flash_ex.o
    0x08000898   0x08000898   0x0000001c   Code   RO         2116    i.FLASH_Program_HalfWord  stm32f1xx_hal_flash.o
    0x080008b4   0x080008b4   0x0000005c   Code   RO         2117    i.FLASH_SetErrorCode  stm32f1xx_hal_flash.o
    0x08000910   0x08000910   0x00000054   Code   RO         2118    i.FLASH_WaitForLastOperation  stm32f1xx_hal_flash.o
    0x08000964   0x08000964   0x0000000c   Code   RO          388    i.Flash_Read_Data   flash.o
    0x08000970   0x08000970   0x00000068   Code   RO          389    i.Flash_Write_Data  flash.o
    0x080009d8   0x080009d8   0x000000fc   Code   RO         1129    i.HAL_ADC_ConfigChannel  stm32f1xx_hal_adc.o
    0x08000ad4   0x08000ad4   0x00000002   Code   RO         1130    i.HAL_ADC_ConvCpltCallback  stm32f1xx_hal_adc.o
    0x08000ad6   0x08000ad6   0x00000002   Code   RO         1131    i.HAL_ADC_ConvHalfCpltCallback  stm32f1xx_hal_adc.o
    0x08000ad8   0x08000ad8   0x00000002   Code   RO         1133    i.HAL_ADC_ErrorCallback  stm32f1xx_hal_adc.o
    0x08000ada   0x08000ada   0x00000002   PAD
    0x08000adc   0x08000adc   0x0000011c   Code   RO         1138    i.HAL_ADC_Init      stm32f1xx_hal_adc.o
    0x08000bf8   0x08000bf8   0x00000090   Code   RO          676    i.HAL_ADC_MspInit   adc.o
    0x08000c88   0x08000c88   0x0000010c   Code   RO         1145    i.HAL_ADC_Start_DMA  stm32f1xx_hal_adc.o
    0x08000d94   0x08000d94   0x00000056   Code   RO         1148    i.HAL_ADC_Stop_DMA  stm32f1xx_hal_adc.o
    0x08000dea   0x08000dea   0x00000046   Code   RO         1780    i.HAL_DMA_Abort     stm32f1xx_hal_dma.o
    0x08000e30   0x08000e30   0x00000098   Code   RO         1781    i.HAL_DMA_Abort_IT  stm32f1xx_hal_dma.o
    0x08000ec8   0x08000ec8   0x00000154   Code   RO         1785    i.HAL_DMA_IRQHandler  stm32f1xx_hal_dma.o
    0x0800101c   0x0800101c   0x0000005c   Code   RO         1786    i.HAL_DMA_Init      stm32f1xx_hal_dma.o
    0x08001078   0x08001078   0x00000070   Code   RO         1790    i.HAL_DMA_Start_IT  stm32f1xx_hal_dma.o
    0x080010e8   0x080010e8   0x00000024   Code   RO         1406    i.HAL_Delay         stm32f1xx_hal.o
    0x0800110c   0x0800110c   0x000000a8   Code   RO         2225    i.HAL_FLASHEx_Erase  stm32f1xx_hal_flash_ex.o
    0x080011b4   0x080011b4   0x0000000c   Code   RO         2120    i.HAL_FLASH_GetError  stm32f1xx_hal_flash.o
    0x080011c0   0x080011c0   0x00000014   Code   RO         2122    i.HAL_FLASH_Lock    stm32f1xx_hal_flash.o
    0x080011d4   0x080011d4   0x00000080   Code   RO         2127    i.HAL_FLASH_Program  stm32f1xx_hal_flash.o
    0x08001254   0x08001254   0x00000028   Code   RO         2129    i.HAL_FLASH_Unlock  stm32f1xx_hal_flash.o
    0x0800127c   0x0800127c   0x00000118   Code   RO         1713    i.HAL_GPIO_DeInit   stm32f1xx_hal_gpio.o
    0x08001394   0x08001394   0x00000038   Code   RO          460    i.HAL_GPIO_EXTI_Callback  main.o
    0x080013cc   0x080013cc   0x00000018   Code   RO         1715    i.HAL_GPIO_EXTI_IRQHandler  stm32f1xx_hal_gpio.o
    0x080013e4   0x080013e4   0x000001e0   Code   RO         1716    i.HAL_GPIO_Init     stm32f1xx_hal_gpio.o
    0x080015c4   0x080015c4   0x0000000a   Code   RO         1718    i.HAL_GPIO_ReadPin  stm32f1xx_hal_gpio.o
    0x080015ce   0x080015ce   0x00000010   Code   RO         1719    i.HAL_GPIO_TogglePin  stm32f1xx_hal_gpio.o
    0x080015de   0x080015de   0x0000000a   Code   RO         1720    i.HAL_GPIO_WritePin  stm32f1xx_hal_gpio.o
    0x080015e8   0x080015e8   0x0000000c   Code   RO         1410    i.HAL_GetTick       stm32f1xx_hal.o
    0x080015f4   0x080015f4   0x00000032   Code   RO         2378    i.HAL_I2C_DeInit    stm32f1xx_hal_i2c.o
    0x08001626   0x08001626   0x00000002   PAD
    0x08001628   0x08001628   0x00000188   Code   RO         2387    i.HAL_I2C_Init      stm32f1xx_hal_i2c.o
    0x080017b0   0x080017b0   0x00000250   Code   RO         2393    i.HAL_I2C_Master_Receive  stm32f1xx_hal_i2c.o
    0x08001a00   0x08001a00   0x0000012c   Code   RO         2400    i.HAL_I2C_Master_Transmit  stm32f1xx_hal_i2c.o
    0x08001b2c   0x08001b2c   0x00000038   Code   RO          741    i.HAL_I2C_MspDeInit  i2c.o
    0x08001b64   0x08001b64   0x00000070   Code   RO          742    i.HAL_I2C_MspInit   i2c.o
    0x08001bd4   0x08001bd4   0x00000010   Code   RO         1416    i.HAL_IncTick       stm32f1xx_hal.o
    0x08001be4   0x08001be4   0x00000024   Code   RO         1417    i.HAL_Init          stm32f1xx_hal.o
    0x08001c08   0x08001c08   0x00000040   Code   RO         1418    i.HAL_InitTick      stm32f1xx_hal.o
    0x08001c48   0x08001c48   0x0000003c   Code   RO         1063    i.HAL_MspInit       stm32f1xx_hal_msp.o
    0x08001c84   0x08001c84   0x0000001a   Code   RO         1876    i.HAL_NVIC_EnableIRQ  stm32f1xx_hal_cortex.o
    0x08001c9e   0x08001c9e   0x00000002   PAD
    0x08001ca0   0x08001ca0   0x00000040   Code   RO         1882    i.HAL_NVIC_SetPriority  stm32f1xx_hal_cortex.o
    0x08001ce0   0x08001ce0   0x00000024   Code   RO         1883    i.HAL_NVIC_SetPriorityGrouping  stm32f1xx_hal_cortex.o
    0x08001d04   0x08001d04   0x00000024   Code   RO         1884    i.HAL_NVIC_SystemReset  stm32f1xx_hal_cortex.o
    0x08001d28   0x08001d28   0x0000000c   Code   RO         1998    i.HAL_PWR_EnableBkUpAccess  stm32f1xx_hal_pwr.o
    0x08001d34   0x08001d34   0x000000a4   Code   RO         1677    i.HAL_RCCEx_GetPeriphCLKFreq  stm32f1xx_hal_rcc_ex.o
    0x08001dd8   0x08001dd8   0x000000ec   Code   RO         1678    i.HAL_RCCEx_PeriphCLKConfig  stm32f1xx_hal_rcc_ex.o
    0x08001ec4   0x08001ec4   0x0000012c   Code   RO         1574    i.HAL_RCC_ClockConfig  stm32f1xx_hal_rcc.o
    0x08001ff0   0x08001ff0   0x00000020   Code   RO         1581    i.HAL_RCC_GetPCLK1Freq  stm32f1xx_hal_rcc.o
    0x08002010   0x08002010   0x00000020   Code   RO         1582    i.HAL_RCC_GetPCLK2Freq  stm32f1xx_hal_rcc.o
    0x08002030   0x08002030   0x0000004c   Code   RO         1583    i.HAL_RCC_GetSysClockFreq  stm32f1xx_hal_rcc.o
    0x0800207c   0x0800207c   0x00000320   Code   RO         1586    i.HAL_RCC_OscConfig  stm32f1xx_hal_rcc.o
    0x0800239c   0x0800239c   0x00000010   Code   RO         2983    i.HAL_RTCEx_BKUPRead  stm32f1xx_hal_rtc_ex.o
    0x080023ac   0x080023ac   0x00000010   Code   RO         2984    i.HAL_RTCEx_BKUPWrite  stm32f1xx_hal_rtc_ex.o
    0x080023bc   0x080023bc   0x00000004   Code   RO          461    i.HAL_RTCEx_RTCEventCallback  main.o
    0x080023c0   0x080023c0   0x00000002   Code   RO         2989    i.HAL_RTCEx_RTCEventErrorCallback  stm32f1xx_hal_rtc_ex.o
    0x080023c2   0x080023c2   0x0000003e   Code   RO         2990    i.HAL_RTCEx_RTCIRQHandler  stm32f1xx_hal_rtc_ex.o
    0x08002400   0x08002400   0x000000d8   Code   RO         2820    i.HAL_RTC_GetTime   stm32f1xx_hal_rtc.o
    0x080024d8   0x080024d8   0x00000094   Code   RO         2821    i.HAL_RTC_Init      stm32f1xx_hal_rtc.o
    0x0800256c   0x0800256c   0x00000048   Code   RO          784    i.HAL_RTC_MspInit   rtc.o
    0x080025b4   0x080025b4   0x000000ec   Code   RO         2826    i.HAL_RTC_SetAlarm_IT  stm32f1xx_hal_rtc.o
    0x080026a0   0x080026a0   0x000000c4   Code   RO         2827    i.HAL_RTC_SetDate   stm32f1xx_hal_rtc.o
    0x08002764   0x08002764   0x000000ac   Code   RO         2828    i.HAL_RTC_SetTime   stm32f1xx_hal_rtc.o
    0x08002810   0x08002810   0x0000003a   Code   RO         2829    i.HAL_RTC_WaitForSynchro  stm32f1xx_hal_rtc.o
    0x0800284a   0x0800284a   0x0000002e   Code   RO         3091    i.HAL_SPI_DeInit    stm32f1xx_hal_spi.o
    0x08002878   0x08002878   0x00000006   Code   RO         3094    i.HAL_SPI_GetState  stm32f1xx_hal_spi.o
    0x0800287e   0x0800287e   0x000000b2   Code   RO         3096    i.HAL_SPI_Init      stm32f1xx_hal_spi.o
    0x08002930   0x08002930   0x00000028   Code   RO          825    i.HAL_SPI_MspDeInit  spi.o
    0x08002958   0x08002958   0x00000080   Code   RO          826    i.HAL_SPI_MspInit   spi.o
    0x080029d8   0x080029d8   0x00000156   Code   RO         3099    i.HAL_SPI_Receive   stm32f1xx_hal_spi.o
    0x08002b2e   0x08002b2e   0x0000016e   Code   RO         3104    i.HAL_SPI_Transmit  stm32f1xx_hal_spi.o
    0x08002c9c   0x08002c9c   0x000001ee   Code   RO         3105    i.HAL_SPI_TransmitReceive  stm32f1xx_hal_spi.o
    0x08002e8a   0x08002e8a   0x00000028   Code   RO         1887    i.HAL_SYSTICK_Config  stm32f1xx_hal_cortex.o
    0x08002eb2   0x08002eb2   0x00000002   PAD
    0x08002eb4   0x08002eb4   0x00000068   Code   RO         4132    i.HAL_TIMEx_MasterConfigSynchronization  stm32f1xx_hal_tim_ex.o
    0x08002f1c   0x08002f1c   0x0000005a   Code   RO         3409    i.HAL_TIM_Base_Init  stm32f1xx_hal_tim.o
    0x08002f76   0x08002f76   0x00000002   PAD
    0x08002f78   0x08002f78   0x00000028   Code   RO          868    i.HAL_TIM_Base_MspInit  tim.o
    0x08002fa0   0x08002fa0   0x000000dc   Code   RO         3418    i.HAL_TIM_ConfigClockSource  stm32f1xx_hal_tim.o
    0x0800307c   0x0800307c   0x0000004e   Code   RO         4391    i.HAL_UARTEx_ReceiveToIdle_IT  stm32f1xx_hal_uart.o
    0x080030ca   0x080030ca   0x00000002   PAD
    0x080030cc   0x080030cc   0x00000028   Code   RO          462    i.HAL_UARTEx_RxEventCallback  main.o
    0x080030f4   0x080030f4   0x00000002   Code   RO         4406    i.HAL_UART_ErrorCallback  stm32f1xx_hal_uart.o
    0x080030f6   0x080030f6   0x00000002   PAD
    0x080030f8   0x080030f8   0x0000026c   Code   RO         4409    i.HAL_UART_IRQHandler  stm32f1xx_hal_uart.o
    0x08003364   0x08003364   0x00000064   Code   RO         4410    i.HAL_UART_Init     stm32f1xx_hal_uart.o
    0x080033c8   0x080033c8   0x0000010c   Code   RO          910    i.HAL_UART_MspInit  usart.o
    0x080034d4   0x080034d4   0x00000002   Code   RO         4416    i.HAL_UART_RxCpltCallback  stm32f1xx_hal_uart.o
    0x080034d6   0x080034d6   0x0000009a   Code   RO         4418    i.HAL_UART_Transmit  stm32f1xx_hal_uart.o
    0x08003570   0x08003570   0x00000002   Code   RO         4421    i.HAL_UART_TxCpltCallback  stm32f1xx_hal_uart.o
    0x08003572   0x08003572   0x00000002   Code   RO          967    i.HardFault_Handler  stm32f1xx_it.o
    0x08003574   0x08003574   0x0000002e   Code   RO         2430    i.I2C_IsAcknowledgeFailed  stm32f1xx_hal_i2c.o
    0x080035a2   0x080035a2   0x00000002   PAD
    0x080035a4   0x080035a4   0x000000ec   Code   RO         2433    i.I2C_MasterRequestRead  stm32f1xx_hal_i2c.o
    0x08003690   0x08003690   0x0000009c   Code   RO         2434    i.I2C_MasterRequestWrite  stm32f1xx_hal_i2c.o
    0x0800372c   0x0800372c   0x00000056   Code   RO         2445    i.I2C_WaitOnBTFFlagUntilTimeout  stm32f1xx_hal_i2c.o
    0x08003782   0x08003782   0x00000002   PAD
    0x08003784   0x08003784   0x00000090   Code   RO         2446    i.I2C_WaitOnFlagUntilTimeout  stm32f1xx_hal_i2c.o
    0x08003814   0x08003814   0x000000bc   Code   RO         2447    i.I2C_WaitOnMasterAddressFlagUntilTimeout  stm32f1xx_hal_i2c.o
    0x080038d0   0x080038d0   0x00000070   Code   RO         2448    i.I2C_WaitOnRXNEFlagUntilTimeout  stm32f1xx_hal_i2c.o
    0x08003940   0x08003940   0x00000056   Code   RO         2449    i.I2C_WaitOnTXEFlagUntilTimeout  stm32f1xx_hal_i2c.o
    0x08003996   0x08003996   0x00000002   PAD
    0x08003998   0x08003998   0x00000040   Code   RO          360    i.LOG               common.o
    0x080039d8   0x080039d8   0x000000b4   Code   RO          463    i.Link_Mode_Handle  main.o
    0x08003a8c   0x08003a8c   0x00000068   Code   RO          677    i.MX_ADC1_Init      adc.o
    0x08003af4   0x08003af4   0x0000002c   Code   RO          717    i.MX_DMA_Init       dma.o
    0x08003b20   0x08003b20   0x00000118   Code   RO          651    i.MX_GPIO_Init      gpio.o
    0x08003c38   0x08003c38   0x00000040   Code   RO          743    i.MX_I2C1_Init      i2c.o
    0x08003c78   0x08003c78   0x00000068   Code   RO          785    i.MX_RTC_Init       rtc.o
    0x08003ce0   0x08003ce0   0x00000044   Code   RO          827    i.MX_SPI1_Init      spi.o
    0x08003d24   0x08003d24   0x00000068   Code   RO          869    i.MX_TIM1_Init      tim.o
    0x08003d8c   0x08003d8c   0x00000038   Code   RO          911    i.MX_USART1_UART_Init  usart.o
    0x08003dc4   0x08003dc4   0x00000038   Code   RO          912    i.MX_USART2_UART_Init  usart.o
    0x08003dfc   0x08003dfc   0x00000038   Code   RO          913    i.MX_USART3_UART_Init  usart.o
    0x08003e34   0x08003e34   0x00000002   Code   RO          968    i.MemManage_Handler  stm32f1xx_it.o
    0x08003e36   0x08003e36   0x00000002   Code   RO          969    i.NMI_Handler       stm32f1xx_it.o
    0x08003e38   0x08003e38   0x0000015c   Code   RO          464    i.Normal_Mode_Handle  main.o
    0x08003f94   0x08003f94   0x00000002   Code   RO          970    i.PendSV_Handler    stm32f1xx_it.o
    0x08003f96   0x08003f96   0x00000012   Code   RO         2830    i.RTC_Bcd2ToByte    stm32f1xx_hal_rtc.o
    0x08003fa8   0x08003fa8   0x00000016   Code   RO         2831    i.RTC_ByteToBcd2    stm32f1xx_hal_rtc.o
    0x08003fbe   0x08003fbe   0x000000ae   Code   RO         2832    i.RTC_DateUpdate    stm32f1xx_hal_rtc.o
    0x0800406c   0x0800406c   0x00000034   Code   RO         2833    i.RTC_EnterInitMode  stm32f1xx_hal_rtc.o
    0x080040a0   0x080040a0   0x00000036   Code   RO         2834    i.RTC_ExitInitMode  stm32f1xx_hal_rtc.o
    0x080040d6   0x080040d6   0x00000002   PAD
    0x080040d8   0x080040d8   0x0000000c   Code   RO          971    i.RTC_IRQHandler    stm32f1xx_it.o
    0x080040e4   0x080040e4   0x0000000e   Code   RO         2835    i.RTC_ReadAlarmCounter  stm32f1xx_hal_rtc.o
    0x080040f2   0x080040f2   0x00000020   Code   RO         2836    i.RTC_ReadTimeCounter  stm32f1xx_hal_rtc.o
    0x08004112   0x08004112   0x00000056   Code   RO         2837    i.RTC_WeekDayNum    stm32f1xx_hal_rtc.o
    0x08004168   0x08004168   0x00000028   Code   RO         2838    i.RTC_WriteAlarmCounter  stm32f1xx_hal_rtc.o
    0x08004190   0x08004190   0x00000028   Code   RO         2839    i.RTC_WriteTimeCounter  stm32f1xx_hal_rtc.o
    0x080041b8   0x080041b8   0x00000080   Code   RO          465    i.Reconnect_Mode_Handle  main.o
    0x08004238   0x08004238   0x0000012c   Code   RO          466    i.Response_Handle   main.o
    0x08004364   0x08004364   0x0000005c   Code   RO         3133    i.SPI_EndRxTransaction  stm32f1xx_hal_spi.o
    0x080043c0   0x080043c0   0x00000020   Code   RO         3134    i.SPI_EndRxTxTransaction  stm32f1xx_hal_spi.o
    0x080043e0   0x080043e0   0x000000b8   Code   RO         3139    i.SPI_WaitFlagStateUntilTimeout  stm32f1xx_hal_spi.o
    0x08004498   0x08004498   0x00000002   Code   RO          972    i.SVC_Handler       stm32f1xx_it.o
    0x0800449a   0x0800449a   0x00000004   Code   RO          973    i.SysTick_Handler   stm32f1xx_it.o
    0x0800449e   0x0800449e   0x00000080   Code   RO          467    i.SystemClock_Config  main.o
    0x0800451e   0x0800451e   0x00000002   Code   RO         4744    i.SystemInit        system_stm32f1xx.o
    0x08004520   0x08004520   0x0000006c   Code   RO         3502    i.TIM_Base_SetConfig  stm32f1xx_hal_tim.o
    0x0800458c   0x0800458c   0x00000014   Code   RO         3513    i.TIM_ETR_SetConfig  stm32f1xx_hal_tim.o
    0x080045a0   0x080045a0   0x00000010   Code   RO         3514    i.TIM_ITRx_SetConfig  stm32f1xx_hal_tim.o
    0x080045b0   0x080045b0   0x00000022   Code   RO         3520    i.TIM_TI1_ConfigInputStage  stm32f1xx_hal_tim.o
    0x080045d2   0x080045d2   0x00000024   Code   RO         3522    i.TIM_TI2_ConfigInputStage  stm32f1xx_hal_tim.o
    0x080045f6   0x080045f6   0x00000010   Code   RO         4423    i.UART_DMAAbortOnError  stm32f1xx_hal_uart.o
    0x08004606   0x08004606   0x0000004e   Code   RO         4433    i.UART_EndRxTransfer  stm32f1xx_hal_uart.o
    0x08004654   0x08004654   0x000000c2   Code   RO         4435    i.UART_Receive_IT   stm32f1xx_hal_uart.o
    0x08004716   0x08004716   0x00000002   PAD
    0x08004718   0x08004718   0x000000b8   Code   RO         4436    i.UART_SetConfig    stm32f1xx_hal_uart.o
    0x080047d0   0x080047d0   0x00000036   Code   RO         4438    i.UART_Start_Receive_IT  stm32f1xx_hal_uart.o
    0x08004806   0x08004806   0x00000078   Code   RO         4439    i.UART_WaitOnFlagUntilTimeout  stm32f1xx_hal_uart.o
    0x0800487e   0x0800487e   0x00000002   PAD
    0x08004880   0x08004880   0x0000000c   Code   RO          974    i.USART1_IRQHandler  stm32f1xx_it.o
    0x0800488c   0x0800488c   0x00000002   Code   RO          975    i.UsageFault_Handler  stm32f1xx_it.o
    0x0800488e   0x0800488e   0x00000020   Code   RO         1889    i.__NVIC_SetPriority  stm32f1xx_hal_cortex.o
    0x080048ae   0x080048ae   0x00000002   PAD
    0x080048b0   0x080048b0   0x0000002c   Code   RO          343    i.crc16             modbus_crc.o
    0x080048dc   0x080048dc   0x000000b4   Code   RO          469    i.going_standby     main.o
    0x08004990   0x08004990   0x00000064   Code   RO          470    i.is_OK_2_Talk      main.o
    0x080049f4   0x080049f4   0x000000e8   Code   RO          471    i.main              main.o
    0x08004adc   0x08004adc   0x0000005c   Code   RO          472    i.modbus_tx_data    main.o
    0x08004b38   0x08004b38   0x000000e0   Code   RO          474    i.read_ADC          main.o
    0x08004c18   0x08004c18   0x0000003c   Code   RO          475    i.read_AHT20        main.o
    0x08004c54   0x08004c54   0x0000006c   Code   RO          476    i.read_wind_sensor  main.o
    0x08004cc0   0x08004cc0   0x00000014   Code   RO           18    i.sx1278_cad        sx1278.o
    0x08004cd4   0x08004cd4   0x0000000c   Code   RO           19    i.sx1278_get_rssi   sx1278.o
    0x08004ce0   0x08004ce0   0x0000001e   Code   RO           20    i.sx1278_get_snr    sx1278.o
    0x08004cfe   0x08004cfe   0x00000002   PAD
    0x08004d00   0x08004d00   0x00000080   Code   RO           21    i.sx1278_init       sx1278.o
    0x08004d80   0x08004d80   0x00000068   Code   RO           22    i.sx1278_read_reg   sx1278.o
    0x08004de8   0x08004de8   0x00000100   Code   RO           23    i.sx1278_recv_data  sx1278.o
    0x08004ee8   0x08004ee8   0x0000003c   Code   RO           24    i.sx1278_reset      sx1278.o
    0x08004f24   0x08004f24   0x00000008   Code   RO           25    i.sx1278_rx_contiuous  sx1278.o
    0x08004f2c   0x08004f2c   0x00000060   Code   RO           27    i.sx1278_send_data  sx1278.o
    0x08004f8c   0x08004f8c   0x00000050   Code   RO           28    i.sx1278_set_LNA_gain  sx1278.o
    0x08004fdc   0x08004fdc   0x0000008c   Code   RO           29    i.sx1278_set_bandwidth  sx1278.o
    0x08005068   0x08005068   0x0000004c   Code   RO           30    i.sx1278_set_cr     sx1278.o
    0x080050b4   0x080050b4   0x00000026   Code   RO           31    i.sx1278_set_crc    sx1278.o
    0x080050da   0x080050da   0x00000002   PAD
    0x080050dc   0x080050dc   0x00000044   Code   RO           32    i.sx1278_set_freq   sx1278.o
    0x08005120   0x08005120   0x00000032   Code   RO           33    i.sx1278_set_header  sx1278.o
    0x08005152   0x08005152   0x00000008   Code   RO           34    i.sx1278_set_irq    sx1278.o
    0x0800515a   0x0800515a   0x0000001a   Code   RO           35    i.sx1278_set_preamble  sx1278.o
    0x08005174   0x08005174   0x00000074   Code   RO           36    i.sx1278_set_sf     sx1278.o
    0x080051e8   0x080051e8   0x00000034   Code   RO           37    i.sx1278_set_tx_power  sx1278.o
    0x0800521c   0x0800521c   0x00000008   Code   RO           38    i.sx1278_sleep      sx1278.o
    0x08005224   0x08005224   0x00000008   Code   RO           39    i.sx1278_standby    sx1278.o
    0x0800522c   0x0800522c   0x00000022   Code   RO           40    i.sx1278_start_recv_data  sx1278.o
    0x0800524e   0x0800524e   0x00000008   Code   RO           41    i.sx1278_tx         sx1278.o
    0x08005256   0x08005256   0x00000002   PAD
    0x08005258   0x08005258   0x00000060   Code   RO           42    i.sx1278_write_reg  sx1278.o
    0x080052b8   0x080052b8   0x00000062   Code   RO         4834    x$fpl$d2f           fz_ws.l(d2f.o)
    0x0800531a   0x0800531a   0x00000002   PAD
    0x0800531c   0x0800531c   0x00000150   Code   RO         4836    x$fpl$dadd          fz_ws.l(daddsub_clz.o)
    0x0800546c   0x0800546c   0x00000010   Code   RO         4945    x$fpl$dcheck1       fz_ws.l(dcheck1.o)
    0x0800547c   0x0800547c   0x000002b0   Code   RO         4843    x$fpl$ddiv          fz_ws.l(ddiv.o)
    0x0800572c   0x0800572c   0x0000005a   Code   RO         4846    x$fpl$dfixu         fz_ws.l(dfixu.o)
    0x08005786   0x08005786   0x0000002e   Code   RO         4851    x$fpl$dflt          fz_ws.l(dflt_clz.o)
    0x080057b4   0x080057b4   0x00000026   Code   RO         4850    x$fpl$dfltu         fz_ws.l(dflt_clz.o)
    0x080057da   0x080057da   0x00000002   PAD
    0x080057dc   0x080057dc   0x00000154   Code   RO         4856    x$fpl$dmul          fz_ws.l(dmul.o)
    0x08005930   0x08005930   0x0000009c   Code   RO         4947    x$fpl$dnaninf       fz_ws.l(dnaninf.o)
    0x080059cc   0x080059cc   0x0000000c   Code   RO         4949    x$fpl$dretinf       fz_ws.l(dretinf.o)
    0x080059d8   0x080059d8   0x000001d4   Code   RO         4838    x$fpl$dsub          fz_ws.l(daddsub_clz.o)
    0x08005bac   0x08005bac   0x00000056   Code   RO         4858    x$fpl$f2d           fz_ws.l(f2d.o)
    0x08005c02   0x08005c02   0x00000002   PAD
    0x08005c04   0x08005c04   0x000000c4   Code   RO         4860    x$fpl$fadd          fz_ws.l(faddsub_clz.o)
    0x08005cc8   0x08005cc8   0x0000000c   Code   RO         4951    x$fpl$fcheck1       fz_ws.l(fcheck1.o)
    0x08005cd4   0x08005cd4   0x00000184   Code   RO         4867    x$fpl$fdiv          fz_ws.l(fdiv.o)
    0x08005e58   0x08005e58   0x0000003e   Code   RO         4870    x$fpl$ffixu         fz_ws.l(ffixu.o)
    0x08005e96   0x08005e96   0x00000002   PAD
    0x08005e98   0x08005e98   0x00000026   Code   RO         4874    x$fpl$ffltu         fz_ws.l(fflt_clz.o)
    0x08005ebe   0x08005ebe   0x00000002   PAD
    0x08005ec0   0x08005ec0   0x00000102   Code   RO         4880    x$fpl$fmul          fz_ws.l(fmul.o)
    0x08005fc2   0x08005fc2   0x0000008c   Code   RO         4953    x$fpl$fnaninf       fz_ws.l(fnaninf.o)
    0x0800604e   0x0800604e   0x0000000a   Code   RO         4955    x$fpl$fretinf       fz_ws.l(fretinf.o)
    0x08006058   0x08006058   0x000000ea   Code   RO         4862    x$fpl$fsub          fz_ws.l(faddsub_clz.o)
    0x08006142   0x08006142   0x00000064   Code   RO         4981    x$fpl$retnan        fz_ws.l(retnan.o)
    0x080061a6   0x080061a6   0x0000005c   Code   RO         4882    x$fpl$scalbn        fz_ws.l(scalbn.o)
    0x08006202   0x08006202   0x0000004c   Code   RO         4884    x$fpl$scalbnf       fz_ws.l(scalbnf.o)
    0x0800624e   0x0800624e   0x00000030   Code   RO         5001    x$fpl$trapveneer    fz_ws.l(trapv.o)
    0x0800627e   0x0800627e   0x00000000   Code   RO         4957    x$fpl$usenofp       fz_ws.l(usenofp.o)
    0x0800627e   0x0800627e   0x00000200   Data   RO          344    .constdata          modbus_crc.o
    0x0800647e   0x0800647e   0x00000012   Data   RO         1587    .constdata          stm32f1xx_hal_rcc.o
    0x08006490   0x08006490   0x00000012   Data   RO         1679    .constdata          stm32f1xx_hal_rcc_ex.o
    0x080064a2   0x080064a2   0x00000010   Data   RO         4745    .constdata          system_stm32f1xx.o
    0x080064b2   0x080064b2   0x00000008   Data   RO         4746    .constdata          system_stm32f1xx.o
    0x080064ba   0x080064ba   0x00000002   PAD
    0x080064bc   0x080064bc   0x00000007   Data   RO           43    .conststring        sx1278.o
    0x080064c3   0x080064c3   0x00000001   PAD
    0x080064c4   0x080064c4   0x00000020   Data   RO         5077    Region$$Table       anon$$obj.o


    Execution Region RW_IRAM1 (Exec base: 0x20000000, Load base: 0x080064e4, Size: 0x00000a68, Max: 0x00005000, ABSOLUTE)

    Exec Addr    Load Addr    Size         Type   Attr      Idx    E Section Name        Object

    0x20000000   0x080064e4   0x00000008   Data   RW           44    .data               sx1278.o
    0x20000008   0x080064ec   0x00000050   Data   RW          481    .data               main.o
    0x20000058   0x0800653c   0x0000000c   Data   RW         1424    .data               stm32f1xx_hal.o
    0x20000064   0x08006548   0x00000004   Data   RW         4747    .data               system_stm32f1xx.o
    0x20000068        -       0x00000010   Zero   RW          390    .bss                flash.o
    0x20000078        -       0x00000117   Zero   RW          477    .bss                main.o
    0x2000018f   0x0800654c   0x00000001   PAD
    0x20000190        -       0x00000074   Zero   RW          678    .bss                adc.o
    0x20000204        -       0x00000054   Zero   RW          744    .bss                i2c.o
    0x20000258        -       0x00000014   Zero   RW          786    .bss                rtc.o
    0x2000026c        -       0x00000058   Zero   RW          828    .bss                spi.o
    0x200002c4        -       0x00000048   Zero   RW          870    .bss                tim.o
    0x2000030c        -       0x000000d8   Zero   RW          914    .bss                usart.o
    0x200003e4   0x0800654c   0x00000004   PAD
    0x200003e8        -       0x00000020   Zero   RW         2130    .bss                stm32f1xx_hal_flash.o
    0x20000408        -       0x00000060   Zero   RW         5006    .bss                c_w.l(libspace.o)
    0x20000468        -       0x00000200   Zero   RW            2    HEAP                startup_stm32f103xb.o
    0x20000668        -       0x00000400   Zero   RW            1    STACK               startup_stm32f103xb.o


==============================================================================

Image component sizes


      Code (inc. data)   RO Data    RW Data    ZI Data      Debug   Object Name

       248         30          0          0        116       1683   adc.o
       232         30          0          0          0       1134   aht20.o
        64         14          0          0          0        582   common.o
        44          4          0          0          0        714   dma.o
       116          6          0          0         16       1825   flash.o
       280         22          0          0          0        971   gpio.o
       232         42          0          0         84       2093   i2c.o
      2184        236          0         80        279      13570   main.o
        44          4        512          0          0       1176   modbus_crc.o
       176         20          0          0         20       1527   rtc.o
       236         36          0          0         88       2057   spi.o
        64         26        236          0       1536        788   startup_stm32f103xb.o
       164         28          0         12          0       5729   stm32f1xx_hal.o
      1220         56          0          0          0       9013   stm32f1xx_hal_adc.o
       234         24          0          0          0      29362   stm32f1xx_hal_cortex.o
       808         36          0          0          0       4834   stm32f1xx_hal_dma.o
       404         52          0          0         32       5059   stm32f1xx_hal_flash.o
       240         26          0          0          0       3157   stm32f1xx_hal_flash_ex.o
       820         66          0          0          0       5529   stm32f1xx_hal_gpio.o
      2388         54          0          0          0      12939   stm32f1xx_hal_i2c.o
        60          8          0          0          0        826   stm32f1xx_hal_msp.o
        12          4          0          0          0        491   stm32f1xx_hal_pwr.o
      1240         84         18          0          0       4980   stm32f1xx_hal_rcc.o
       400         28         18          0          0       2405   stm32f1xx_hal_rcc_ex.o
      1558         22          0          0          0      12560   stm32f1xx_hal_rtc.o
        96         10          0          0          0       2703   stm32f1xx_hal_rtc_ex.o
      1740          4          0          0          0       9166   stm32f1xx_hal_spi.o
       524         14          0          0          0       5883   stm32f1xx_hal_tim.o
       104         12          0          0          0       1312   stm32f1xx_hal_tim_ex.o
      1604         10          0          0          0      10729   stm32f1xx_hal_uart.o
        62         18          0          0          0       5329   stm32f1xx_it.o
      1522        252          7          8          0     485214   sx1278.o
         2          0         24          4          0       1047   system_stm32f1xx.o
       144         18          0          0         72       1538   tim.o
       436         48          0          0        216       2908   usart.o

    ----------------------------------------------------------------------
     19740       1344        850        104       2464     650833   Object Totals
         0          0         32          0          0          0   (incl. Generated)
        38          0          3          0          5          0   (incl. Padding)

    ----------------------------------------------------------------------

      Code (inc. data)   RO Data    RW Data    ZI Data      Debug   Library Member Name

         8          0          0          0          0         68   __main.o
       104          0          0          0          0         84   __printf.o
         0          0          0          0          0          0   __rtentry.o
        12          0          0          0          0          0   __rtentry2.o
         6          0          0          0          0          0   __rtentry4.o
        52          8          0          0          0          0   __scatter.o
        26          0          0          0          0          0   __scatter_copy.o
        28          0          0          0          0          0   __scatter_zi.o
        44          0          0          0          0        108   _printf_char.o
        48          6          0          0          0         96   _printf_char_common.o
         0          0          0          0          0          0   _printf_percent.o
         4          0          0          0          0          0   _printf_percent_end.o
         6          0          0          0          0          0   _printf_s.o
        82          0          0          0          0         80   _printf_str.o
        10          0          0          0          0         68   _sputc.o
        18          0          0          0          0         80   exit.o
         6          0          0          0          0        152   heapauxi.o
         0          0          0          0          0          0   indicate_semi.o
         2          0          0          0          0          0   libinit.o
         2          0          0          0          0          0   libinit2.o
         2          0          0          0          0          0   libshutdown.o
         2          0          0          0          0          0   libshutdown2.o
         8          4          0          0         96         68   libspace.o
       238          0          0          0          0        100   lludivv7m.o
        38          0          0          0          0         68   llushr.o
        40          6          0          0          0         84   noretval__2sprintf.o
        68          0          0          0          0         68   rt_memclr.o
        78          0          0          0          0         80   rt_memclr_w.o
       100          0          0          0          0         80   rt_memcpy_w.o
         2          0          0          0          0          0   rtexit.o
        10          0          0          0          0          0   rtexit2.o
        62          0          0          0          0         76   strlen.o
        12          4          0          0          0         68   sys_exit.o
        74          0          0          0          0         80   sys_stackheap_outer.o
         2          0          0          0          0         68   use_no_semi.o
        98          4          0          0          0         92   d2f.o
       804         16          0          0          0        272   daddsub_clz.o
        16          4          0          0          0         68   dcheck1.o
       688        140          0          0          0        208   ddiv.o
        90          4          0          0          0         92   dfixu.o
        84          0          0          0          0        136   dflt_clz.o
       340         12          0          0          0        104   dmul.o
       156          4          0          0          0         92   dnaninf.o
        12          0          0          0          0         68   dretinf.o
        86          4          0          0          0         84   f2d.o
       430          8          0          0          0        168   faddsub_clz.o
        12          4          0          0          0         68   fcheck1.o
       388         76          0          0          0         96   fdiv.o
        62          4          0          0          0         84   ffixu.o
        38          0          0          0          0         68   fflt_clz.o
       258          4          0          0          0         84   fmul.o
       140          4          0          0          0         84   fnaninf.o
        10          0          0          0          0         68   fretinf.o
       100          0          0          0          0         68   retnan.o
        92          0          0          0          0         68   scalbn.o
        76          0          0          0          0         68   scalbnf.o
        48          0          0          0          0         68   trapv.o
         0          0          0          0          0          0   usenofp.o

    ----------------------------------------------------------------------
      5238        316          0          0         96       3784   Library Totals
        16          0          0          0          0          0   (incl. Padding)

    ----------------------------------------------------------------------

      Code (inc. data)   RO Data    RW Data    ZI Data      Debug   Library Name

      1194         28          0          0         96       1576   c_w.l
      4028        288          0          0          0       2208   fz_ws.l

    ----------------------------------------------------------------------
      5238        316          0          0         96       3784   Library Totals

    ----------------------------------------------------------------------

==============================================================================


      Code (inc. data)   RO Data    RW Data    ZI Data      Debug   

     24978       1660        850        104       2560     642757   Grand Totals
     24978       1660        850        104       2560     642757   ELF Image Totals
     24978       1660        850        104          0          0   ROM Totals

==============================================================================

    Total RO  Size (Code + RO Data)                25828 (  25.22kB)
    Total RW  Size (RW Data + ZI Data)              2664 (   2.60kB)
    Total ROM Size (Code + RO Data + RW Data)      25932 (  25.32kB)

==============================================================================

